 Image paktay-local-auth-svc Building 
 Image paktay-local-business-svc Building 
#1 [internal] load local bake definitions
#1 reading from stdin 1.14kB done
#1 DONE 0.0s

#2 [auth-svc internal] load build definition from Dockerfile
#2 transferring dockerfile: 557B done
#2 DONE 0.0s

#3 [business-svc internal] load build definition from Dockerfile
#3 transferring dockerfile: 575B done
#3 DONE 0.0s

#4 [business-svc internal] load metadata for docker.io/library/maven:3.9.9-eclipse-temurin-17
#4 ...

#5 [auth] library/maven:pull token for registry-1.docker.io
#5 DONE 0.0s

#6 [auth] library/eclipse-temurin:pull token for registry-1.docker.io
#6 DONE 0.0s

#7 [business-svc internal] load metadata for docker.io/library/eclipse-temurin:17-jre
#7 DONE 1.1s

#4 [business-svc internal] load metadata for docker.io/library/maven:3.9.9-eclipse-temurin-17
#4 DONE 1.1s

#8 [auth-svc internal] load .dockerignore
#8 transferring context: 123B done
#8 DONE 0.0s

#9 [auth-svc build 1/7] FROM docker.io/library/maven:3.9.9-eclipse-temurin-17@sha256:f58d59b6273e785ac0a4477f6e9b5ba1d7731c75b906c0f7b34076f1851318cc
#9 resolve docker.io/library/maven:3.9.9-eclipse-temurin-17@sha256:f58d59b6273e785ac0a4477f6e9b5ba1d7731c75b906c0f7b34076f1851318cc done
#9 DONE 0.0s

#10 [business-svc stage-1 1/3] FROM docker.io/library/eclipse-temurin:17-jre@sha256:34d6aaf0fa4ef553c470234ec23c32c7d5c0f370c2bd4b0bf8a16838052d85f0
#10 resolve docker.io/library/eclipse-temurin:17-jre@sha256:34d6aaf0fa4ef553c470234ec23c32c7d5c0f370c2bd4b0bf8a16838052d85f0 done
#10 DONE 0.0s

#11 [auth-svc internal] load build context
#11 transferring context: 112.78kB 0.0s done
#11 DONE 0.0s

#12 [auth-svc build 2/7] WORKDIR /workspace
#12 CACHED

#13 [business-svc internal] load build context
#13 transferring context: 604.76kB 0.0s done
#13 DONE 0.0s

#14 [business-svc build 3/7] COPY pom.xml ./pom.xml
#14 DONE 0.0s

#15 [business-svc build 4/7] COPY auth-svc/pom.xml ./auth-svc/pom.xml
#15 DONE 0.0s

#16 [auth-svc build 5/7] COPY business-svc/pom.xml ./business-svc/pom.xml
#16 DONE 0.0s

#17 [business-svc build 5/7] COPY business-svc/pom.xml ./business-svc/pom.xml
#17 CACHED

#18 [business-svc build 3/7] COPY pom.xml ./pom.xml
#18 CACHED

#19 [business-svc build 4/7] COPY auth-svc/pom.xml ./auth-svc/pom.xml
#19 CACHED

#20 [auth-svc build 6/7] COPY auth-svc/src ./auth-svc/src
#20 DONE 0.0s

#21 [business-svc build 6/7] COPY business-svc/src ./business-svc/src
#21 DONE 0.0s

#22 [business-svc build 7/7] RUN mvn --batch-mode --no-transfer-progress -pl business-svc -am package -DskipTests
#22 0.668 [INFO] Scanning for projects...
#22 7.653 [INFO] ------------------------------------------------------------------------
#22 7.653 [INFO] Reactor Build Order:
#22 7.653 [INFO] 
#22 7.653 [INFO] Paktay Backend                                                     [pom]
#22 7.653 [INFO] Paktay Business Service                                            [jar]
#22 7.658 [INFO] 
#22 7.658 [INFO] ----------------------< ec.paktay:paktay-backend >----------------------
#22 7.658 [INFO] Building Paktay Backend 0.1.0-SNAPSHOT                             [1/2]
#22 7.658 [INFO]   from pom.xml
#22 7.658 [INFO] --------------------------------[ pom ]---------------------------------
#22 8.366 [INFO] 
#22 8.366 [INFO] --- dependency:3.8.1:properties (ruta-de-dependencias) @ paktay-backend ---
#22 ...

#23 [auth-svc build 7/7] RUN mvn --batch-mode --no-transfer-progress -pl auth-svc -am package -DskipTests
#23 0.695 [INFO] Scanning for projects...
#23 7.879 [INFO] ------------------------------------------------------------------------
#23 7.879 [INFO] Reactor Build Order:
#23 7.879 [INFO] 
#23 7.879 [INFO] Paktay Backend                                                     [pom]
#23 7.879 [INFO] Paktay Auth Service                                                [jar]
#23 7.883 [INFO] 
#23 7.883 [INFO] ----------------------< ec.paktay:paktay-backend >----------------------
#23 7.883 [INFO] Building Paktay Backend 0.1.0-SNAPSHOT                             [1/2]
#23 7.883 [INFO]   from pom.xml
#23 7.883 [INFO] --------------------------------[ pom ]---------------------------------
#23 8.643 [INFO] 
#23 8.643 [INFO] --- dependency:3.8.1:properties (ruta-de-dependencias) @ paktay-backend ---
#23 ...

#22 [business-svc build 7/7] RUN mvn --batch-mode --no-transfer-progress -pl business-svc -am package -DskipTests
#22 28.73 [INFO] 
#22 28.73 [INFO] -----------------------< ec.paktay:business-svc >-----------------------
#22 28.73 [INFO] Building Paktay Business Service 0.1.0-SNAPSHOT                    [2/2]
#22 28.73 [INFO]   from business-svc/pom.xml
#22 28.73 [INFO] --------------------------------[ jar ]---------------------------------
#22 ...

#23 [auth-svc build 7/7] RUN mvn --batch-mode --no-transfer-progress -pl auth-svc -am package -DskipTests
#23 29.72 [INFO] 
#23 29.72 [INFO] -------------------------< ec.paktay:auth-svc >-------------------------
#23 29.72 [INFO] Building Paktay Auth Service 0.1.0-SNAPSHOT                        [2/2]
#23 29.72 [INFO]   from auth-svc/pom.xml
#23 29.72 [INFO] --------------------------------[ jar ]---------------------------------
#23 55.14 [INFO] 
#23 55.14 [INFO] --- dependency:3.8.1:properties (ruta-de-dependencias) @ auth-svc ---
#23 55.15 [INFO] 
#23 55.15 [INFO] --- resources:3.3.1:resources (default-resources) @ auth-svc ---
#23 56.18 [INFO] Copying 1 resource from src/main/resources to target/classes
#23 56.19 [INFO] Copying 2 resources from src/main/resources to target/classes
#23 56.19 [INFO] 
#23 56.19 [INFO] --- compiler:3.13.0:compile (default-compile) @ auth-svc ---
#23 58.63 [INFO] Recompiling the module because of changed source code.
#23 58.63 [INFO] Compiling 40 source files with javac [debug parameters release 17] to target/classes
#23 ...

#22 [business-svc build 7/7] RUN mvn --batch-mode --no-transfer-progress -pl business-svc -am package -DskipTests
#22 58.88 [INFO] 
#22 58.88 [INFO] --- dependency:3.8.1:properties (ruta-de-dependencias) @ business-svc ---
#22 58.88 [INFO] 
#22 58.88 [INFO] --- resources:3.3.1:resources (default-resources) @ business-svc ---
#22 59.93 [INFO] Copying 1 resource from src/main/resources to target/classes
#22 59.94 [INFO] Copying 9 resources from src/main/resources to target/classes
#22 59.94 [INFO] 
#22 59.94 [INFO] --- compiler:3.13.0:compile (default-compile) @ business-svc ---
#22 62.31 [INFO] Recompiling the module because of changed source code.
#22 62.32 [INFO] Compiling 115 source files with javac [debug parameters release 17] to target/classes
#22 63.50 [INFO] 
#22 63.50 [INFO] --- resources:3.3.1:testResources (default-testResources) @ business-svc ---
#22 63.50 [INFO] skip non existing resourceDirectory /workspace/business-svc/src/test/resources
#22 63.50 [INFO] 
#22 63.50 [INFO] --- compiler:3.13.0:testCompile (default-testCompile) @ business-svc ---
#22 63.51 [INFO] Recompiling the module because of changed dependency.
#22 63.51 [INFO] Compiling 11 source files with javac [debug parameters release 17] to target/test-classes
#22 63.67 [INFO] 
#22 63.67 [INFO] --- surefire:3.5.3:test (default-test) @ business-svc ---
#22 65.19 [INFO] Tests are skipped.
#22 65.19 [INFO] 
#22 65.19 [INFO] --- jar:3.4.2:jar (default-jar) @ business-svc ---
#22 66.21 [INFO] Building jar: /workspace/business-svc/target/business-svc-0.1.0-SNAPSHOT.jar
#22 66.24 [INFO] 
#22 66.24 [INFO] --- spring-boot:3.4.5:repackage (repackage) @ business-svc ---
#22 ...

#23 [auth-svc build 7/7] RUN mvn --batch-mode --no-transfer-progress -pl auth-svc -am package -DskipTests
#23 59.40 [INFO] 
#23 59.40 [INFO] --- resources:3.3.1:testResources (default-testResources) @ auth-svc ---
#23 59.40 [INFO] skip non existing resourceDirectory /workspace/auth-svc/src/test/resources
#23 59.40 [INFO] 
#23 59.40 [INFO] --- compiler:3.13.0:testCompile (default-testCompile) @ auth-svc ---
#23 59.40 [INFO] Recompiling the module because of changed dependency.
#23 59.41 [INFO] Compiling 4 source files with javac [debug parameters release 17] to target/test-classes
#23 59.55 [INFO] 
#23 59.55 [INFO] --- surefire:3.5.3:test (default-test) @ auth-svc ---
#23 61.19 [INFO] Tests are skipped.
#23 61.19 [INFO] 
#23 61.19 [INFO] --- jar:3.4.2:jar (default-jar) @ auth-svc ---
#23 62.36 [INFO] Building jar: /workspace/auth-svc/target/auth-svc-0.1.0-SNAPSHOT.jar
#23 62.39 [INFO] 
#23 62.39 [INFO] --- spring-boot:3.4.5:repackage (repackage) @ auth-svc ---
#23 67.72 [INFO] Replacing main artifact /workspace/auth-svc/target/auth-svc-0.1.0-SNAPSHOT.jar with repackaged archive, adding nested dependencies in BOOT-INF/.
#23 67.72 [INFO] The original artifact has been renamed to /workspace/auth-svc/target/auth-svc-0.1.0-SNAPSHOT.jar.original
#23 67.72 [INFO] ------------------------------------------------------------------------
#23 67.72 [INFO] Reactor Summary for Paktay Backend 0.1.0-SNAPSHOT:
#23 67.72 [INFO] 
#23 67.72 [INFO] Paktay Backend ..................................... SUCCESS [ 21.834 s]
#23 67.72 [INFO] Paktay Auth Service ................................ SUCCESS [ 38.002 s]
#23 67.72 [INFO] ------------------------------------------------------------------------
#23 67.72 [INFO] BUILD SUCCESS
#23 67.72 [INFO] ------------------------------------------------------------------------
#23 67.72 [INFO] Total time:  01:07 min
#23 67.72 [INFO] Finished at: 2026-09-26T16:10:35Z
#23 67.72 [INFO] ------------------------------------------------------------------------
#23 DONE 67.8s

#24 [business-svc stage-1 2/3] WORKDIR /app
#24 CACHED

#25 [auth-svc stage-1 3/3] COPY --from=build /workspace/auth-svc/target/auth-svc-0.1.0-SNAPSHOT.jar app.jar
#25 DONE 0.0s

#26 [auth-svc] exporting to image
#26 exporting layers
#26 exporting layers 0.5s done
#26 exporting manifest sha256:1739a9d59a0ef8e41d2365a0ed863f091490812096691c157df995d397fabfc1 done
#26 exporting config sha256:611d7455f225f666b7aeccd4043910e128f9f3d07a1e7f47de87e9104ff967de done
#26 exporting attestation manifest sha256:2cf3f0e35bdefcb309265e25c296c8e3657e2f9b798bd1067eb5df0540c88813 done
#26 exporting manifest list sha256:e371ab8f21c2fff6ebe438996d6c57b033b7764e32b4d282500b906f33b95a32 done
#26 naming to docker.io/library/paktay-local-auth-svc:latest done
#26 unpacking to docker.io/library/paktay-local-auth-svc:latest 0.1s done
#26 DONE 0.7s

#27 [auth-svc] resolving provenance for metadata file
#27 DONE 0.0s

#22 [business-svc build 7/7] RUN mvn --batch-mode --no-transfer-progress -pl business-svc -am package -DskipTests
#22 71.27 [INFO] Replacing main artifact /workspace/business-svc/target/business-svc-0.1.0-SNAPSHOT.jar with repackaged archive, adding nested dependencies in BOOT-INF/.
#22 71.27 [INFO] The original artifact has been renamed to /workspace/business-svc/target/business-svc-0.1.0-SNAPSHOT.jar.original
#22 71.27 [INFO] ------------------------------------------------------------------------
#22 71.27 [INFO] Reactor Summary for Paktay Backend 0.1.0-SNAPSHOT:
#22 71.27 [INFO] 
#22 71.27 [INFO] Paktay Backend ..................................... SUCCESS [ 21.073 s]
#22 71.27 [INFO] Paktay Business Service ............................ SUCCESS [ 42.539 s]
#22 71.27 [INFO] ------------------------------------------------------------------------
#22 71.27 [INFO] BUILD SUCCESS
#22 71.27 [INFO] ------------------------------------------------------------------------
#22 71.27 [INFO] Total time:  01:10 min
#22 71.27 [INFO] Finished at: 2026-09-26T16:10:39Z
#22 71.27 [INFO] ------------------------------------------------------------------------
#22 DONE 71.3s

#28 [business-svc stage-1 3/3] COPY --from=build /workspace/business-svc/target/business-svc-0.1.0-SNAPSHOT.jar app.jar
#28 DONE 0.0s

#29 [business-svc] exporting to image
#29 exporting layers 0.6s done
#29 exporting manifest sha256:05f6a4f10922155e85625afbebbd45dfba429f11a3e2d51360503f4d3db020b0 done
#29 exporting config sha256:1f8eddff276c1c096eb31f19e96e42f5fb2040df82abee4ef00872fb5f2bcf17 done
#29 exporting attestation manifest sha256:4dd1626b5ca907efc1275914c3fdd099e253616c1fdd50f8a19c1712aad19547 done
#29 exporting manifest list sha256:03febaa0774188e29b6bf9647e372a4d3ac2961652471dfa4e9f156e4e6a7b6b done
#29 naming to docker.io/library/paktay-local-business-svc:latest done
#29 unpacking to docker.io/library/paktay-local-business-svc:latest 0.1s done
#29 DONE 0.8s

#30 [business-svc] resolving provenance for metadata file
#30 DONE 0.0s
 Image paktay-local-business-svc Built 
 Image paktay-local-auth-svc Built 
 Container paktay-local-business-db-1 Running 
 Container paktay-local-auth-svc-1 Recreate 
 Container paktay-local-business-svc-1 Recreate 
 Container paktay-local-auth-svc-1 Recreated 
 Container paktay-local-business-svc-1 Recreated 
 Container paktay-local-business-db-1 Waiting 
 Container paktay-local-business-db-1 Waiting 
 Container paktay-local-business-db-1 Healthy 
 Container paktay-local-business-db-1 Healthy 
 Container paktay-local-auth-svc-1 Starting 
 Container paktay-local-business-svc-1 Starting 
 Container paktay-local-auth-svc-1 Started 
 Container paktay-local-business-svc-1 Started 
up=0
