 Image paktay-local-auth-svc Building 
 Image paktay-local-business-svc Building 
#1 [internal] load local bake definitions
#1 reading from stdin 1.14kB done
#1 DONE 0.0s

#2 [auth-svc internal] load build definition from Dockerfile
#2 transferring dockerfile: 557B done
#2 DONE 0.0s

#3 [business-svc internal] load build definition from Dockerfile
#3 transferring dockerfile: 575B done
#3 DONE 0.0s

#4 [auth] library/eclipse-temurin:pull token for registry-1.docker.io
#4 DONE 0.0s

#5 [auth] library/maven:pull token for registry-1.docker.io
#5 DONE 0.0s

#6 [auth-svc internal] load metadata for docker.io/library/maven:3.9.9-eclipse-temurin-17
#6 DONE 1.0s

#7 [business-svc internal] load metadata for docker.io/library/eclipse-temurin:17-jre
#7 DONE 1.0s

#8 [auth-svc internal] load .dockerignore
#8 transferring context: 2B done
#8 DONE 0.0s

#9 [business-svc build 1/7] FROM docker.io/library/maven:3.9.9-eclipse-temurin-17@sha256:f58d59b6273e785ac0a4477f6e9b5ba1d7731c75b906c0f7b34076f1851318cc
#9 resolve docker.io/library/maven:3.9.9-eclipse-temurin-17@sha256:f58d59b6273e785ac0a4477f6e9b5ba1d7731c75b906c0f7b34076f1851318cc done
#9 DONE 0.0s

#10 [business-svc stage-1 1/3] FROM docker.io/library/eclipse-temurin:17-jre@sha256:bd25c61779663bc2df8ced059f1cc114fafc073afe16125c13fcc3a37fecd845
#10 resolve docker.io/library/eclipse-temurin:17-jre@sha256:bd25c61779663bc2df8ced059f1cc114fafc073afe16125c13fcc3a37fecd845 done
#10 DONE 0.0s

#11 [auth-svc internal] load build context
#11 transferring context: 9.29kB done
#11 DONE 0.0s

#12 [business-svc internal] load build context
#12 transferring context: 11.47kB done
#12 DONE 0.0s

#13 [business-svc build 3/7] COPY pom.xml ./pom.xml
#13 CACHED

#14 [business-svc build 4/7] COPY auth-svc/pom.xml ./auth-svc/pom.xml
#14 CACHED

#15 [auth-svc build 5/7] COPY business-svc/pom.xml ./business-svc/pom.xml
#15 CACHED

#16 [auth-svc build 4/7] COPY auth-svc/pom.xml ./auth-svc/pom.xml
#16 CACHED

#17 [auth-svc build 5/7] COPY business-svc/pom.xml ./business-svc/pom.xml
#17 CACHED

#18 [auth-svc build 3/7] COPY pom.xml ./pom.xml
#18 CACHED

#19 [auth-svc build 2/7] WORKDIR /workspace
#19 CACHED

#20 [business-svc build 6/7] COPY business-svc/src ./business-svc/src
#20 DONE 0.0s

#21 [auth-svc build 6/7] COPY auth-svc/src ./auth-svc/src
#21 DONE 0.0s

#22 [auth-svc build 7/7] RUN mvn --batch-mode --no-transfer-progress -pl auth-svc -am package -DskipTests
#22 0.634 [INFO] Scanning for projects...
#22 7.116 [INFO] ------------------------------------------------------------------------
#22 7.116 [INFO] Reactor Build Order:
#22 7.116 [INFO] 
#22 7.116 [INFO] Paktay Backend                                                     [pom]
#22 7.116 [INFO] Paktay Auth Service                                                [jar]
#22 7.120 [INFO] 
#22 7.120 [INFO] ----------------------< ec.paktay:paktay-backend >----------------------
#22 7.120 [INFO] Building Paktay Backend 0.1.0-SNAPSHOT                             [1/2]
#22 7.120 [INFO]   from pom.xml
#22 7.120 [INFO] --------------------------------[ pom ]---------------------------------
#22 7.121 [INFO] 
#22 7.121 [INFO] -------------------------< ec.paktay:auth-svc >-------------------------
#22 7.121 [INFO] Building Paktay Auth Service 0.1.0-SNAPSHOT                        [2/2]
#22 7.121 [INFO]   from auth-svc/pom.xml
#22 7.121 [INFO] --------------------------------[ jar ]---------------------------------
#22 ...

#23 [business-svc build 7/7] RUN mvn --batch-mode --no-transfer-progress -pl business-svc -am package -DskipTests
#23 0.626 [INFO] Scanning for projects...
#23 7.066 [INFO] ------------------------------------------------------------------------
#23 7.066 [INFO] Reactor Build Order:
#23 7.066 [INFO] 
#23 7.066 [INFO] Paktay Backend                                                     [pom]
#23 7.066 [INFO] Paktay Business Service                                            [jar]
#23 7.071 [INFO] 
#23 7.071 [INFO] ----------------------< ec.paktay:paktay-backend >----------------------
#23 7.071 [INFO] Building Paktay Backend 0.1.0-SNAPSHOT                             [1/2]
#23 7.071 [INFO]   from pom.xml
#23 7.071 [INFO] --------------------------------[ pom ]---------------------------------
#23 7.072 [INFO] 
#23 7.072 [INFO] -----------------------< ec.paktay:business-svc >-----------------------
#23 7.072 [INFO] Building Paktay Business Service 0.1.0-SNAPSHOT                    [2/2]
#23 7.072 [INFO]   from business-svc/pom.xml
#23 7.072 [INFO] --------------------------------[ jar ]---------------------------------
#23 32.46 [INFO] 
#23 32.46 [INFO] --- resources:3.3.1:resources (default-resources) @ business-svc ---
#23 ...

#22 [auth-svc build 7/7] RUN mvn --batch-mode --no-transfer-progress -pl auth-svc -am package -DskipTests
#22 32.78 [INFO] 
#22 32.78 [INFO] --- resources:3.3.1:resources (default-resources) @ auth-svc ---
#22 35.13 [INFO] Copying 1 resource from src/main/resources to target/classes
#22 35.14 [INFO] Copying 2 resources from src/main/resources to target/classes
#22 35.14 [INFO] 
#22 35.14 [INFO] --- compiler:3.13.0:compile (default-compile) @ auth-svc ---
#22 37.69 [INFO] Recompiling the module because of changed source code.
#22 37.69 [INFO] Compiling 28 source files with javac [debug parameters release 17] to target/classes
#22 38.63 [INFO] 
#22 38.63 [INFO] --- resources:3.3.1:testResources (default-testResources) @ auth-svc ---
#22 38.64 [INFO] skip non existing resourceDirectory /workspace/auth-svc/src/test/resources
#22 38.64 [INFO] 
#22 38.64 [INFO] --- compiler:3.13.0:testCompile (default-testCompile) @ auth-svc ---
#22 38.65 [INFO] Recompiling the module because of changed dependency.
#22 38.65 [INFO] Compiling 3 source files with javac [debug parameters release 17] to target/test-classes
#22 38.90 [INFO] 
#22 38.90 [INFO] --- surefire:3.5.3:test (default-test) @ auth-svc ---
#22 41.15 [INFO] Tests are skipped.
#22 41.15 [INFO] 
#22 41.15 [INFO] --- jar:3.4.2:jar (default-jar) @ auth-svc ---
#22 ...

#23 [business-svc build 7/7] RUN mvn --batch-mode --no-transfer-progress -pl business-svc -am package -DskipTests
#23 34.96 [INFO] Copying 1 resource from src/main/resources to target/classes
#23 34.97 [INFO] Copying 7 resources from src/main/resources to target/classes
#23 34.97 [INFO] 
#23 34.97 [INFO] --- compiler:3.13.0:compile (default-compile) @ business-svc ---
#23 37.53 [INFO] Recompiling the module because of changed source code.
#23 37.53 [INFO] Compiling 73 source files with javac [debug parameters release 17] to target/classes
#23 38.76 [INFO] 
#23 38.76 [INFO] --- resources:3.3.1:testResources (default-testResources) @ business-svc ---
#23 38.76 [INFO] skip non existing resourceDirectory /workspace/business-svc/src/test/resources
#23 38.76 [INFO] 
#23 38.76 [INFO] --- compiler:3.13.0:testCompile (default-testCompile) @ business-svc ---
#23 38.77 [INFO] Recompiling the module because of changed dependency.
#23 38.77 [INFO] Compiling 5 source files with javac [debug parameters release 17] to target/test-classes
#23 38.96 [INFO] 
#23 38.96 [INFO] --- surefire:3.5.3:test (default-test) @ business-svc ---
#23 41.35 [INFO] Tests are skipped.
#23 41.35 [INFO] 
#23 41.35 [INFO] --- jar:3.4.2:jar (default-jar) @ business-svc ---
#23 ...

#22 [auth-svc build 7/7] RUN mvn --batch-mode --no-transfer-progress -pl auth-svc -am package -DskipTests
#22 44.38 [INFO] Building jar: /workspace/auth-svc/target/auth-svc-0.1.0-SNAPSHOT.jar
#22 44.39 [INFO] 
#22 44.39 [INFO] --- spring-boot:3.4.5:repackage (repackage) @ auth-svc ---
#22 49.13 [INFO] Replacing main artifact /workspace/auth-svc/target/auth-svc-0.1.0-SNAPSHOT.jar with repackaged archive, adding nested dependencies in BOOT-INF/.
#22 49.13 [INFO] The original artifact has been renamed to /workspace/auth-svc/target/auth-svc-0.1.0-SNAPSHOT.jar.original
#22 49.13 [INFO] ------------------------------------------------------------------------
#22 49.13 [INFO] Reactor Summary for Paktay Backend 0.1.0-SNAPSHOT:
#22 49.13 [INFO] 
#22 49.13 [INFO] Paktay Backend ..................................... SUCCESS [  0.002 s]
#22 49.13 [INFO] Paktay Auth Service ................................ SUCCESS [ 42.010 s]
#22 49.13 [INFO] ------------------------------------------------------------------------
#22 49.13 [INFO] BUILD SUCCESS
#22 49.13 [INFO] ------------------------------------------------------------------------
#22 49.13 [INFO] Total time:  48.509 s
#22 49.13 [INFO] Finished at: 2026-09-25T00:48:19Z
#22 49.13 [INFO] ------------------------------------------------------------------------
#22 DONE 49.3s

#23 [business-svc build 7/7] RUN mvn --batch-mode --no-transfer-progress -pl business-svc -am package -DskipTests
#23 44.72 [INFO] Building jar: /workspace/business-svc/target/business-svc-0.1.0-SNAPSHOT.jar
#23 44.75 [INFO] 
#23 44.75 [INFO] --- spring-boot:3.4.5:repackage (repackage) @ business-svc ---
#23 ...

#24 [business-svc stage-1 2/3] WORKDIR /app
#24 CACHED

#25 [auth-svc stage-1 3/3] COPY --from=build /workspace/auth-svc/target/auth-svc-0.1.0-SNAPSHOT.jar app.jar
#25 DONE 0.0s

#26 [auth-svc] exporting to image
#26 exporting layers
#26 ...

#23 [business-svc build 7/7] RUN mvn --batch-mode --no-transfer-progress -pl business-svc -am package -DskipTests
#23 49.80 [INFO] Replacing main artifact /workspace/business-svc/target/business-svc-0.1.0-SNAPSHOT.jar with repackaged archive, adding nested dependencies in BOOT-INF/.
#23 49.80 [INFO] The original artifact has been renamed to /workspace/business-svc/target/business-svc-0.1.0-SNAPSHOT.jar.original
#23 49.80 [INFO] ------------------------------------------------------------------------
#23 49.80 [INFO] Reactor Summary for Paktay Backend 0.1.0-SNAPSHOT:
#23 49.80 [INFO] 
#23 49.80 [INFO] Paktay Backend ..................................... SUCCESS [  0.002 s]
#23 49.80 [INFO] Paktay Business Service ............................ SUCCESS [ 42.732 s]
#23 49.80 [INFO] ------------------------------------------------------------------------
#23 49.80 [INFO] BUILD SUCCESS
#23 49.80 [INFO] ------------------------------------------------------------------------
#23 49.81 [INFO] Total time:  49.188 s
#23 49.81 [INFO] Finished at: 2026-09-25T00:48:20Z
#23 49.81 [INFO] ------------------------------------------------------------------------
#23 DONE 49.8s

#27 [business-svc stage-1 3/3] COPY --from=build /workspace/business-svc/target/business-svc-0.1.0-SNAPSHOT.jar app.jar
#27 DONE 0.0s

#26 [auth-svc] exporting to image
#26 exporting layers 0.6s done
#26 exporting manifest sha256:c777fb91179f20c5fe84d934955180a035cc3b91142f04714c211bc9ba6a9f7e done
#26 exporting config sha256:4cc4c9085aa2066e7f8a5a7d75ee4e85cad430a9b23a76607f81edcd9aab9ac9 done
#26 exporting attestation manifest sha256:39c3ee5d93da864e131c2971b52bee057ce3ef1a2aa024c6938caa02f6e1b499 done
#26 exporting manifest list sha256:7c9787fb91be37824d6e85383af885c80c0caea1078de69a522227b3e93c8fcc done
#26 naming to docker.io/library/paktay-local-auth-svc:latest done
#26 unpacking to docker.io/library/paktay-local-auth-svc:latest 0.1s done
#26 DONE 0.7s

#28 [auth-svc] resolving provenance for metadata file
#28 DONE 0.0s

#29 [business-svc] exporting to image
#29 exporting layers 0.6s done
#29 exporting manifest sha256:ae377e1e8b61db079970f4c59c316f062f48228c72b1925fa2478227d0d3cefd done
#29 exporting config sha256:59e5a7ec0ae665026ccdce2c4f53e7f7d1d762b2a6a1a94f69fdd2965f2bf923 done
#29 exporting attestation manifest sha256:17d7ae7f776ecadbccf5da382db6053313198ddad71788e228fdc93d66b6d230 done
#29 exporting manifest list sha256:4d32f04482c0814477499eecd0fc347759b89f3c530df4acfde4a98a8b34cf7e done
#29 naming to docker.io/library/paktay-local-business-svc:latest done
#29 unpacking to docker.io/library/paktay-local-business-svc:latest 0.1s done
#29 DONE 0.7s

#30 [business-svc] resolving provenance for metadata file
#30 DONE 0.0s
 Image paktay-local-auth-svc Built 
 Image paktay-local-business-svc Built 
time="2026-09-24T19:48:21-05:00" level=warning msg="Found orphan containers (paktay-local-keycloak-db-1, paktay-local-mailpit-1) for this project. If you removed or renamed this service in your compose file, you can run this command with the --remove-orphans flag to clean it up."
 Container paktay-local-auth-svc-1 Recreate 
 Container paktay-local-business-svc-1 Recreate 
 Container paktay-local-auth-svc-1 Recreated 
 Container paktay-local-business-svc-1 Recreated 
 Container paktay-local-keycloak-init-1 Starting 
 Container paktay-local-business-db-1 Starting 
 Container paktay-local-keycloak-init-1 Started 
 Container paktay-local-business-db-1 Started 
 Container paktay-local-keycloak-init-1 Waiting 
 Container paktay-local-business-db-1 Waiting 
 Container paktay-local-keycloak-init-1 Waiting 
 Container paktay-local-business-db-1 Waiting 
 Container paktay-local-keycloak-init-1 Exited 
 Container paktay-local-keycloak-init-1 Exited 
 Container paktay-local-business-db-1 Healthy 
 Container paktay-local-business-db-1 Healthy 
 Container paktay-local-business-svc-1 Starting 
 Container paktay-local-auth-svc-1 Starting 
 Container paktay-local-business-svc-1 Started 
 Container paktay-local-auth-svc-1 Started 
up-exit=0
up: auth=200 biz=200
