"/api/v1/admin/catalog/categories"
"/api/v1/app/entry"
"/api/v1/catalog/banks"
"/api/v1/catalog/categories"
"/api/v1/security/devices"
"/api/v1/security/devices/{deviceId}"
"/api/v1/security/devices/me"
"/api/v1/user/budgets/current"
"/api/v1/user/budgets/current/categories/{categoryId}"
"/api/v1/user/cards"
"/api/v1/user/cards/{cardId}"
"/api/v1/user/cards/{cardId}/activate"
"/api/v1/user/cards/{cardId}/deactivate"
"/api/v1/user/cards/{cardId}/wallet-name"
"/api/v1/user/categories"
"/api/v1/user/categories/{categoryId}"
"/api/v1/user/categories/{categoryId}/appearance"
"/api/v1/user/categories/from-system/{systemCategoryId}"
"/api/v1/user/expenses"
"/api/v1/user/profile"
"/api/v1/user/profile/avatar"
