
> FinanceApp@0.0.1 lint
> eslint .


/Users/macmalona/Desktop/Proyecto/paktay/Paktay/packtay_mobile_front/src/app/App.tsx
  140:7  warning  Expected 'undefined' and instead saw 'void'  no-void
  551:5  warning  Expected 'undefined' and instead saw 'void'  no-void

/Users/macmalona/Desktop/Proyecto/paktay/Paktay/packtay_mobile_front/src/app/providers/SplashProvider.tsx
   83:5  warning  Expected 'undefined' and instead saw 'void'  no-void
  121:5  warning  Expected 'undefined' and instead saw 'void'  no-void
  155:7  warning  Expected 'undefined' and instead saw 'void'  no-void

/Users/macmalona/Desktop/Proyecto/paktay/Paktay/packtay_mobile_front/src/features/auth/screens/LoginScreen.tsx
  92:5  warning  Expected 'undefined' and instead saw 'void'  no-void

/Users/macmalona/Desktop/Proyecto/paktay/Paktay/packtay_mobile_front/src/features/auth/screens/SignUpScreen.tsx
  90:5  warning  Expected 'undefined' and instead saw 'void'  no-void

/Users/macmalona/Desktop/Proyecto/paktay/Paktay/packtay_mobile_front/src/features/expenses/expenseApi.ts
  39:16  warning  Unexpected use of '>>>'  no-bitwise
  40:57  warning  Unexpected use of '>>>'  no-bitwise
  40:67  warning  Unexpected use of '^'    no-bitwise

/Users/macmalona/Desktop/Proyecto/paktay/Paktay/packtay_mobile_front/src/features/expenses/screens/AddCardScreen.tsx
  194:5  warning  Expected 'undefined' and instead saw 'void'  no-void
  215:5  warning  Expected 'undefined' and instead saw 'void'  no-void

/Users/macmalona/Desktop/Proyecto/paktay/Paktay/packtay_mobile_front/src/features/expenses/screens/AddExpenseSheet.tsx
  179:10  warning  Expected 'undefined' and instead saw 'void'  no-void
  198:7   warning  Expected 'undefined' and instead saw 'void'  no-void
  664:28  warning  Expected 'undefined' and instead saw 'void'  no-void

/Users/macmalona/Desktop/Proyecto/paktay/Paktay/packtay_mobile_front/src/features/expenses/screens/BankPickerScreen.tsx
   84:5   warning  Expected 'undefined' and instead saw 'void'  no-void
  161:34  warning  Expected 'undefined' and instead saw 'void'  no-void

/Users/macmalona/Desktop/Proyecto/paktay/Paktay/packtay_mobile_front/src/features/expenses/screens/BudgetsScreen.tsx
  95:5  warning  Expected 'undefined' and instead saw 'void'  no-void

/Users/macmalona/Desktop/Proyecto/paktay/Paktay/packtay_mobile_front/src/features/expenses/screens/CardDetailScreen.tsx
  265:5   warning  Expected 'undefined' and instead saw 'void'  no-void
  270:7   warning  Expected 'undefined' and instead saw 'void'  no-void
  624:36  warning  Expected 'undefined' and instead saw 'void'  no-void
  659:36  warning  Expected 'undefined' and instead saw 'void'  no-void
  695:23  warning  Expected 'undefined' and instead saw 'void'  no-void
  789:26  warning  Expected 'undefined' and instead saw 'void'  no-void
  814:26  warning  Expected 'undefined' and instead saw 'void'  no-void

/Users/macmalona/Desktop/Proyecto/paktay/Paktay/packtay_mobile_front/src/features/expenses/screens/CategoriesScreen.tsx
   96:5  warning  Expected 'undefined' and instead saw 'void'  no-void
  127:5  warning  Expected 'undefined' and instead saw 'void'  no-void

/Users/macmalona/Desktop/Proyecto/paktay/Paktay/packtay_mobile_front/src/features/expenses/screens/CategoryFormScreen.tsx
  194:5   warning  Expected 'undefined' and instead saw 'void'  no-void
  258:5   warning  Expected 'undefined' and instead saw 'void'  no-void
  269:5   warning  Expected 'undefined' and instead saw 'void'  no-void
  490:38  warning  Expected 'undefined' and instead saw 'void'  no-void

/Users/macmalona/Desktop/Proyecto/paktay/Paktay/packtay_mobile_front/src/features/expenses/screens/EditBudgetsScreen.tsx
   96:5   warning  Expected 'undefined' and instead saw 'void'  no-void
   99:5   warning  Expected 'undefined' and instead saw 'void'  no-void
  280:5   warning  Expected 'undefined' and instead saw 'void'  no-void
  358:49  warning  Inline style: { paddingTop: 6 }              react-native/no-inline-styles

/Users/macmalona/Desktop/Proyecto/paktay/Paktay/packtay_mobile_front/src/features/expenses/screens/EditCategoryRuleScreen.tsx
  231:5   warning  Expected 'undefined' and instead saw 'void'  no-void
  256:13  warning  Expected 'undefined' and instead saw 'void'  no-void

/Users/macmalona/Desktop/Proyecto/paktay/Paktay/packtay_mobile_front/src/features/expenses/screens/EditMovementScreen.tsx
  345:26  warning  Expected 'undefined' and instead saw 'void'  no-void

/Users/macmalona/Desktop/Proyecto/paktay/Paktay/packtay_mobile_front/src/features/expenses/screens/HomeBudgetScreen.tsx
  82:3  warning  Expected 'undefined' and instead saw 'void'  no-void
  83:3  warning  Expected 'undefined' and instead saw 'void'  no-void

/Users/macmalona/Desktop/Proyecto/paktay/Paktay/packtay_mobile_front/src/features/expenses/screens/MovementDetailScreen.tsx
  428:28  warning  Expected 'undefined' and instead saw 'void'  no-void
  429:24  warning  Expected 'undefined' and instead saw 'void'  no-void
  430:32  warning  Expected 'undefined' and instead saw 'void'  no-void
  463:26  warning  Expected 'undefined' and instead saw 'void'  no-void

/Users/macmalona/Desktop/Proyecto/paktay/Paktay/packtay_mobile_front/src/features/expenses/useCards.ts
  42:5  warning  Expected 'undefined' and instead saw 'void'  no-void

/Users/macmalona/Desktop/Proyecto/paktay/Paktay/packtay_mobile_front/src/features/expenses/useCategories.ts
  43:5  warning  Expected 'undefined' and instead saw 'void'  no-void

/Users/macmalona/Desktop/Proyecto/paktay/Paktay/packtay_mobile_front/src/features/expenses/useCategoryLimits.ts
  38:5  warning  Expected 'undefined' and instead saw 'void'  no-void

/Users/macmalona/Desktop/Proyecto/paktay/Paktay/packtay_mobile_front/src/features/expenses/useMonthlySummary.ts
  55:5  warning  Expected 'undefined' and instead saw 'void'  no-void

/Users/macmalona/Desktop/Proyecto/paktay/Paktay/packtay_mobile_front/src/features/expenses/useSavedRules.ts
  32:5  warning  Expected 'undefined' and instead saw 'void'  no-void

/Users/macmalona/Desktop/Proyecto/paktay/Paktay/packtay_mobile_front/src/features/onboarding/screens/NotificationPermissionScreen.tsx
   81:5  warning  Expected 'undefined' and instead saw 'void'  no-void
   89:9  warning  Expected 'undefined' and instead saw 'void'  no-void
   97:7  warning  Expected 'undefined' and instead saw 'void'  no-void
  102:5  warning  Expected 'undefined' and instead saw 'void'  no-void

/Users/macmalona/Desktop/Proyecto/paktay/Paktay/packtay_mobile_front/src/features/profile/accountApi.ts
  25:37  warning  Unexpected use of '|'  no-bitwise
  25:38  warning  Unexpected use of '&'  no-bitwise

/Users/macmalona/Desktop/Proyecto/paktay/Paktay/packtay_mobile_front/src/features/profile/screens/BudgetAlertsScreen.tsx
  108:5   warning  Expected 'undefined' and instead saw 'void'  no-void
  122:7   warning  Expected 'undefined' and instead saw 'void'  no-void
  128:5   warning  Expected 'undefined' and instead saw 'void'  no-void
  132:5   warning  Expected 'undefined' and instead saw 'void'  no-void
  237:15  warning  Expected 'undefined' and instead saw 'void'  no-void
  339:19  warning  Expected 'undefined' and instead saw 'void'  no-void
  362:19  warning  Expected 'undefined' and instead saw 'void'  no-void

/Users/macmalona/Desktop/Proyecto/paktay/Paktay/packtay_mobile_front/src/features/profile/screens/CurrencyScreen.tsx
  93:5  warning  Expected 'undefined' and instead saw 'void'  no-void

/Users/macmalona/Desktop/Proyecto/paktay/Paktay/packtay_mobile_front/src/features/profile/screens/EditProfileScreen.tsx
  137:5  warning  Expected 'undefined' and instead saw 'void'  no-void
  156:5  warning  Expected 'undefined' and instead saw 'void'  no-void
  180:5  warning  Expected 'undefined' and instead saw 'void'  no-void
  202:5  warning  Expected 'undefined' and instead saw 'void'  no-void

/Users/macmalona/Desktop/Proyecto/paktay/Paktay/packtay_mobile_front/src/features/profile/screens/ProfileScreen.tsx
  144:5   warning  Expected 'undefined' and instead saw 'void'  no-void
  149:5   warning  Expected 'undefined' and instead saw 'void'  no-void
  187:13  warning  Expected 'undefined' and instead saw 'void'  no-void

/Users/macmalona/Desktop/Proyecto/paktay/Paktay/packtay_mobile_front/src/features/profile/signOutPrompt.ts
  27:11  warning  Expected 'undefined' and instead saw 'void'  no-void

/Users/macmalona/Desktop/Proyecto/paktay/Paktay/packtay_mobile_front/src/features/wallet/parseExpenseLink.ts
  75:33  warning  'no-control-regex' rule is disabled but never reported             eslint-comments/no-unused-disable
  77:7   warning  Unexpected control character(s) in regular expression: \x00, \x1f  no-control-regex

/Users/macmalona/Desktop/Proyecto/paktay/Paktay/packtay_mobile_front/src/features/wallet/screens/AssociateWalletNameSheet.tsx
  389:21  warning  Expected 'undefined' and instead saw 'void'  no-void
  469:32  warning  Expected 'undefined' and instead saw 'void'  no-void

/Users/macmalona/Desktop/Proyecto/paktay/Paktay/packtay_mobile_front/src/features/wallet/screens/WalletShortcutScreen.tsx
  158:7  warning  Expected 'undefined' and instead saw 'void'  no-void
  181:7  warning  Expected 'undefined' and instead saw 'void'  no-void

/Users/macmalona/Desktop/Proyecto/paktay/Paktay/packtay_mobile_front/src/features/wallet/useExpenseLinks.ts
  127:5   warning  Expected 'undefined' and instead saw 'void'  no-void
  133:5   warning  Expected 'undefined' and instead saw 'void'  no-void
  135:7   warning  Expected 'undefined' and instead saw 'void'  no-void
  138:5   warning  Expected 'undefined' and instead saw 'void'  no-void
  141:9   warning  Expected 'undefined' and instead saw 'void'  no-void
  173:5   warning  Expected 'undefined' and instead saw 'void'  no-void
  174:40  warning  Expected 'undefined' and instead saw 'void'  no-void
  210:42  warning  Expected 'undefined' and instead saw 'void'  no-void

/Users/macmalona/Desktop/Proyecto/paktay/Paktay/packtay_mobile_front/src/features/wallet/useShortcutStatus.ts
  39:5  warning  Expected 'undefined' and instead saw 'void'  no-void

/Users/macmalona/Desktop/Proyecto/paktay/Paktay/packtay_mobile_front/src/features/widget/components/WidgetMocks.tsx
  164:15  warning  Inline style: { borderRadius: 'size.mock.height > 40 ? 12 : 8' }  react-native/no-inline-styles
  176:23  warning  Inline style: { height: 6 }                                       react-native/no-inline-styles
  181:23  warning  Inline style: { height: 3 }                                       react-native/no-inline-styles

/Users/macmalona/Desktop/Proyecto/paktay/Paktay/packtay_mobile_front/src/shared/components/AnimatedSplash.tsx
  187:5   warning  Expected 'undefined' and instead saw 'void'  no-void
  783:20  warning  Inline style: { overflow: 'hidden' }         react-native/no-inline-styles

/Users/macmalona/Desktop/Proyecto/paktay/Paktay/packtay_mobile_front/src/shared/components/AppStatusBar.tsx
  39:18  warning  Inline style: { position: 'absolute', top: 0, right: 0, left: 0, zIndex: 1000 }  react-native/no-inline-styles

/Users/macmalona/Desktop/Proyecto/paktay/Paktay/packtay_mobile_front/src/shared/components/StepTransition.tsx
  45:5  warning  Expected 'undefined' and instead saw 'void'  no-void

/Users/macmalona/Desktop/Proyecto/paktay/Paktay/packtay_mobile_front/src/shared/hooks/useAlertPrefs.ts
  34:5  warning  Expected 'undefined' and instead saw 'void'  no-void

/Users/macmalona/Desktop/Proyecto/paktay/Paktay/packtay_mobile_front/src/shared/hooks/useAppLinks.ts
  110:5  warning  Expected 'undefined' and instead saw 'void'  no-void

/Users/macmalona/Desktop/Proyecto/paktay/Paktay/packtay_mobile_front/src/shared/hooks/useProfile.ts
  26:5  warning  Expected 'undefined' and instead saw 'void'  no-void

/Users/macmalona/Desktop/Proyecto/paktay/Paktay/packtay_mobile_front/src/shared/theme/themed.ts
  142:3  warning  Expected 'undefined' and instead saw 'void'  no-void

✖ 97 problems (0 errors, 97 warnings)
  0 errors and 1 warning potentially fixable with the `--fix` option.

exit=0
