$ bash ./mvnw -B clean package
[INFO] Scanning for projects...
[INFO] ------------------------------------------------------------------------
[INFO] Reactor Build Order:
[INFO] 
[INFO] Paktay Backend                                                     [pom]
[INFO] Paktay Auth Service                                                [jar]
[INFO] Paktay Business Service                                            [jar]
[INFO] 
[INFO] ----------------------< ec.paktay:paktay-backend >----------------------
[INFO] Building Paktay Backend 0.1.0-SNAPSHOT                             [1/3]
[INFO]   from pom.xml
[INFO] --------------------------------[ pom ]---------------------------------
[INFO] 
[INFO] --- clean:3.4.1:clean (default-clean) @ paktay-backend ---
[INFO] 
[INFO] -------------------------< ec.paktay:auth-svc >-------------------------
[INFO] Building Paktay Auth Service 0.1.0-SNAPSHOT                        [2/3]
[INFO]   from auth-svc/pom.xml
[INFO] --------------------------------[ jar ]---------------------------------
[INFO] 
[INFO] --- clean:3.4.1:clean (default-clean) @ auth-svc ---
[INFO] 
[INFO] --- resources:3.3.1:resources (default-resources) @ auth-svc ---
[INFO] Copying 1 resource from src/main/resources to target/classes
[INFO] Copying 2 resources from src/main/resources to target/classes
[INFO] 
[INFO] --- compiler:3.13.0:compile (default-compile) @ auth-svc ---
[INFO] Recompiling the module because of changed source code.
[INFO] Compiling 26 source files with javac [debug parameters release 17] to target/classes
[INFO] 
[INFO] --- resources:3.3.1:testResources (default-testResources) @ auth-svc ---
[INFO] skip non existing resourceDirectory /Users/macmalona/Desktop/Proyecto/paktay/Paktay/packtay_backend/auth-svc/src/test/resources
[INFO] 
[INFO] --- compiler:3.13.0:testCompile (default-testCompile) @ auth-svc ---
[INFO] Recompiling the module because of changed dependency.
[INFO] Compiling 2 source files with javac [debug parameters release 17] to target/test-classes
[INFO] 
[INFO] --- surefire:3.5.3:test (default-test) @ auth-svc ---
[INFO] Using auto detected provider org.apache.maven.surefire.junitplatform.JUnitPlatformProvider
[INFO] 
[INFO] -------------------------------------------------------
[INFO]  T E S T S
[INFO] -------------------------------------------------------
[INFO] Running ec.paktay.auth.service.PasswordPinServiceTest
OpenJDK 64-Bit Server VM warning: Sharing is only supported for boot loader classes because bootstrap classpath has been appended
[INFO] Tests run: 15, Failures: 0, Errors: 0, Skipped: 0, Time elapsed: 2.556 s -- in ec.paktay.auth.service.PasswordPinServiceTest
[INFO] Running ec.paktay.auth.service.PasswordMailServiceTest
[INFO] Tests run: 1, Failures: 0, Errors: 0, Skipped: 0, Time elapsed: 0.084 s -- in ec.paktay.auth.service.PasswordMailServiceTest
[INFO] 
[INFO] Results:
[INFO] 
[INFO] Tests run: 16, Failures: 0, Errors: 0, Skipped: 0
[INFO] 
[INFO] 
[INFO] --- jar:3.4.2:jar (default-jar) @ auth-svc ---
[INFO] Building jar: /Users/macmalona/Desktop/Proyecto/paktay/Paktay/packtay_backend/auth-svc/target/auth-svc-0.1.0-SNAPSHOT.jar
[INFO] 
[INFO] --- spring-boot:3.4.5:repackage (repackage) @ auth-svc ---
[INFO] Replacing main artifact /Users/macmalona/Desktop/Proyecto/paktay/Paktay/packtay_backend/auth-svc/target/auth-svc-0.1.0-SNAPSHOT.jar with repackaged archive, adding nested dependencies in BOOT-INF/.
[INFO] The original artifact has been renamed to /Users/macmalona/Desktop/Proyecto/paktay/Paktay/packtay_backend/auth-svc/target/auth-svc-0.1.0-SNAPSHOT.jar.original
[INFO] 
[INFO] -----------------------< ec.paktay:business-svc >-----------------------
[INFO] Building Paktay Business Service 0.1.0-SNAPSHOT                    [3/3]
[INFO]   from business-svc/pom.xml
[INFO] --------------------------------[ jar ]---------------------------------
[INFO] 
[INFO] --- clean:3.4.1:clean (default-clean) @ business-svc ---
[INFO] 
[INFO] --- resources:3.3.1:resources (default-resources) @ business-svc ---
[INFO] Copying 1 resource from src/main/resources to target/classes
[INFO] Copying 5 resources from src/main/resources to target/classes
[INFO] 
[INFO] --- compiler:3.13.0:compile (default-compile) @ business-svc ---
[INFO] Recompiling the module because of changed source code.
[INFO] Compiling 48 source files with javac [debug parameters release 17] to target/classes
[INFO] 
[INFO] --- resources:3.3.1:testResources (default-testResources) @ business-svc ---
[INFO] skip non existing resourceDirectory /Users/macmalona/Desktop/Proyecto/paktay/Paktay/packtay_backend/business-svc/src/test/resources
[INFO] 
[INFO] --- compiler:3.13.0:testCompile (default-testCompile) @ business-svc ---
[INFO] No sources to compile
[INFO] 
[INFO] --- surefire:3.5.3:test (default-test) @ business-svc ---
[INFO] No tests to run.
[INFO] 
[INFO] --- jar:3.4.2:jar (default-jar) @ business-svc ---
[INFO] Building jar: /Users/macmalona/Desktop/Proyecto/paktay/Paktay/packtay_backend/business-svc/target/business-svc-0.1.0-SNAPSHOT.jar
[INFO] 
[INFO] --- spring-boot:3.4.5:repackage (repackage) @ business-svc ---
[INFO] Replacing main artifact /Users/macmalona/Desktop/Proyecto/paktay/Paktay/packtay_backend/business-svc/target/business-svc-0.1.0-SNAPSHOT.jar with repackaged archive, adding nested dependencies in BOOT-INF/.
[INFO] The original artifact has been renamed to /Users/macmalona/Desktop/Proyecto/paktay/Paktay/packtay_backend/business-svc/target/business-svc-0.1.0-SNAPSHOT.jar.original
[INFO] ------------------------------------------------------------------------
[INFO] Reactor Summary for Paktay Backend 0.1.0-SNAPSHOT:
[INFO] 
[INFO] Paktay Backend ..................................... SUCCESS [  0.041 s]
[INFO] Paktay Auth Service ................................ SUCCESS [  4.337 s]
[INFO] Paktay Business Service ............................ SUCCESS [  0.329 s]
[INFO] ------------------------------------------------------------------------
[INFO] BUILD SUCCESS
[INFO] ------------------------------------------------------------------------
[INFO] Total time:  4.829 s
[INFO] Finished at: 2026-09-23T09:43:31-05:00
[INFO] ------------------------------------------------------------------------

exit=0
