$ curl -sS --max-time 15 -o /dev/null -w 'HTTP %{http_code}
' http://localhost:28081/actuator/health
curl: (7) Failed to connect to localhost port 28081 after 0 ms: Couldn't connect to server
HTTP 000

exit=7
$ curl -sS --max-time 15 -o /dev/null -w 'HTTP %{http_code}
' http://localhost:28081/v3/api-docs
curl: (7) Failed to connect to localhost port 28081 after 0 ms: Couldn't connect to server
HTTP 000

exit=7
$ curl -sS --max-time 15 -o /dev/null -w 'HTTP %{http_code}
' http://localhost:28081/swagger-ui/index.html
curl: (7) Failed to connect to localhost port 28081 after 0 ms: Couldn't connect to server
HTTP 000

exit=7
$ curl -sS --max-time 15 -o /dev/null -w 'HTTP %{http_code}
' http://localhost:28082/actuator/health
curl: (7) Failed to connect to localhost port 28082 after 0 ms: Couldn't connect to server
HTTP 000

exit=7
$ curl -sS --max-time 15 -o /dev/null -w 'HTTP %{http_code}
' http://localhost:28082/v3/api-docs
curl: (7) Failed to connect to localhost port 28082 after 0 ms: Couldn't connect to server
HTTP 000

exit=7
$ curl -sS --max-time 15 -o /dev/null -w 'HTTP %{http_code}
' http://localhost:28082/swagger-ui/index.html
curl: (7) Failed to connect to localhost port 28082 after 0 ms: Couldn't connect to server
HTTP 000

exit=7
