$ xcodebuild -workspace FinanceApp.xcworkspace -scheme FinanceApp -configuration Debug -sdk iphonesimulator -destination 'generic/platform=iOS Simulator' build
2026-09-23 09:46:23.327 xcodebuild[22562:68194] [MT] DVTPlugInLoading: Failed to load code for plug-in com.apple.dt.DVTCoreDeviceCore (/Applications/Xcode.app/Contents/SharedFrameworks/DVTCoreDeviceCore.framework), error = Error Domain=NSCocoaErrorDomain Code=3588 "dlopen(/Applications/Xcode.app/Contents/SharedFrameworks/DVTCoreDeviceCore.framework/DVTCoreDeviceCore, 0x0109): Symbol not found: _$s10CoreDevice17DetailedOperationC7metricsSDySSAA12CodableValueOGvg
  Referenced from: <E47C0F61-0399-382B-A241-7222F33F774E> /Applications/Xcode.app/Contents/SharedFrameworks/DVTCoreDeviceCore.framework/Versions/A/DVTCoreDeviceCore
  Expected in:     <BF770DE4-8425-37CA-99BB-029235010A99> /Library/Developer/PrivateFrameworks/CoreDevice.framework/Versions/A/CoreDevice" UserInfo={NSLocalizedFailureReason=The bundle couldn’t be loaded., NSLocalizedRecoverySuggestion=Try reinstalling the bundle., NSFilePath=/Applications/Xcode.app/Contents/SharedFrameworks/DVTCoreDeviceCore.framework/DVTCoreDeviceCore, NSDebugDescription=dlopen(/Applications/Xcode.app/Contents/SharedFrameworks/DVTCoreDeviceCore.framework/DVTCoreDeviceCore, 0x0109): Symbol not found: _$s10CoreDevice17DetailedOperationC7metricsSDySSAA12CodableValueOGvg
  Referenced from: <E47C0F61-0399-382B-A241-7222F33F774E> /Applications/Xcode.app/Contents/SharedFrameworks/DVTCoreDeviceCore.framework/Versions/A/DVTCoreDeviceCore
  Expected in:     <BF770DE4-8425-37CA-99BB-029235010A99> /Library/Developer/PrivateFrameworks/CoreDevice.framework/Versions/A/CoreDevice, NSBundlePath=/Applications/Xcode.app/Contents/SharedFrameworks/DVTCoreDeviceCore.framework, NSLocalizedDescription=The bundle “DVTCoreDeviceCore” couldn’t be loaded.}, dyldError = dlopen(/Applications/Xcode.app/Contents/SharedFrameworks/DVTCoreDeviceCore.framework/DVTCoreDeviceCore, 0x0000): Symbol not found: _$s10CoreDevice17DetailedOperationC7metricsSDySSAA12CodableValueOGvg
  Referenced from: <E47C0F61-0399-382B-A241-7222F33F774E> /Applications/Xcode.app/Contents/SharedFrameworks/DVTCoreDeviceCore.framework/Versions/A/DVTCoreDeviceCore
  Expected in:     <BF770DE4-8425-37CA-99BB-029235010A99> /Library/Developer/PrivateFrameworks/CoreDevice.framework/Versions/A/CoreDevice
2026-09-23 09:46:23.328 xcodebuild[22562:68194] [MT] DVTPlugInExtensionFaulting: Failed to fire fault for extension Xcode.Device.CoreDevice: Error Domain=DVTPlugInErrorDomain Code=2 "Loading a plug-in failed." UserInfo={DVTPlugInIdentifierErrorKey=com.apple.dt.DVTCoreDeviceCore, DVTPlugInExecutablePathErrorKey=/Applications/Xcode.app/Contents/SharedFrameworks/DVTCoreDeviceCore.framework/DVTCoreDeviceCore, NSLocalizedRecoverySuggestion=The plug-in or one of its prerequisite plug-ins may be missing or damaged and may need to be reinstalled., DVTPlugInDYLDErrorMessageErrorKey=dlopen(/Applications/Xcode.app/Contents/SharedFrameworks/DVTCoreDeviceCore.framework/DVTCoreDeviceCore, 0x0000): Symbol not found: _$s10CoreDevice17DetailedOperationC7metricsSDySSAA12CodableValueOGvg
  Referenced from: <E47C0F61-0399-382B-A241-7222F33F774E> /Applications/Xcode.app/Contents/SharedFrameworks/DVTCoreDeviceCore.framework/Versions/A/DVTCoreDeviceCore
  Expected in:     <BF770DE4-8425-37CA-99BB-029235010A99> /Library/Developer/PrivateFrameworks/CoreDevice.framework/Versions/A/CoreDevice, NSLocalizedDescription=Loading a plug-in failed., NSFilePath=/Applications/Xcode.app/Contents/SharedFrameworks/DVTCoreDeviceCore.framework, NSLocalizedFailureReason=The plug-in “com.apple.dt.DVTCoreDeviceCore” at path “/Applications/Xcode.app/Contents/SharedFrameworks/DVTCoreDeviceCore.framework” could not be loaded.  The plug-in or one of its prerequisite plug-ins may be missing or damaged., NSUnderlyingError=0xcb521e010 {Error Domain=NSCocoaErrorDomain Code=3588 "dlopen(/Applications/Xcode.app/Contents/SharedFrameworks/DVTCoreDeviceCore.framework/DVTCoreDeviceCore, 0x0109): Symbol not found: _$s10CoreDevice17DetailedOperationC7metricsSDySSAA12CodableValueOGvg
  Referenced from: <E47C0F61-0399-382B-A241-7222F33F774E> /Applications/Xcode.app/Contents/SharedFrameworks/DVTCoreDeviceCore.framework/Versions/A/DVTCoreDeviceCore
  Expected in:     <BF770DE4-8425-37CA-99BB-029235010A99> /Library/Developer/PrivateFrameworks/CoreDevice.framework/Versions/A/CoreDevice" UserInfo={NSLocalizedFailureReason=The bundle couldn’t be loaded., NSLocalizedRecoverySuggestion=Try reinstalling the bundle., NSFilePath=/Applications/Xcode.app/Contents/SharedFrameworks/DVTCoreDeviceCore.framework/DVTCoreDeviceCore, NSDebugDescription=dlopen(/Applications/Xcode.app/Contents/SharedFrameworks/DVTCoreDeviceCore.framework/DVTCoreDeviceCore, 0x0109): Symbol not found: _$s10CoreDevice17DetailedOperationC7metricsSDySSAA12CodableValueOGvg
  Referenced from: <E47C0F61-0399-382B-A241-7222F33F774E> /Applications/Xcode.app/Contents/SharedFrameworks/DVTCoreDeviceCore.framework/Versions/A/DVTCoreDeviceCore
  Expected in:     <BF770DE4-8425-37CA-99BB-029235010A99> /Library/Developer/PrivateFrameworks/CoreDevice.framework/Versions/A/CoreDevice, NSBundlePath=/Applications/Xcode.app/Contents/SharedFrameworks/DVTCoreDeviceCore.framework, NSLocalizedDescription=The bundle “DVTCoreDeviceCore” couldn’t be loaded.}}}
2026-09-23 09:46:23.328 xcodebuild[22562:68194] [MT] DVTAssertions: Warning in DVTFrameworks/DVTFoundation/Devices/DVTDevice.m:381
Details:  No locator class for device extension 'Xcode.Device.CoreDevice', error: Error Domain=DVTPlugInErrorDomain Code=2 "Loading a plug-in failed." UserInfo={DVTPlugInIdentifierErrorKey=com.apple.dt.DVTCoreDeviceCore, DVTPlugInExecutablePathErrorKey=/Applications/Xcode.app/Contents/SharedFrameworks/DVTCoreDeviceCore.framework/DVTCoreDeviceCore, NSLocalizedRecoverySuggestion=The plug-in or one of its prerequisite plug-ins may be missing or damaged and may need to be reinstalled., DVTPlugInDYLDErrorMessageErrorKey=dlopen(/Applications/Xcode.app/Contents/SharedFrameworks/DVTCoreDeviceCore.framework/DVTCoreDeviceCore, 0x0000): Symbol not found: _$s10CoreDevice17DetailedOperationC7metricsSDySSAA12CodableValueOGvg
  Referenced from: <E47C0F61-0399-382B-A241-7222F33F774E> /Applications/Xcode.app/Contents/SharedFrameworks/DVTCoreDeviceCore.framework/Versions/A/DVTCoreDeviceCore
  Expected in:     <BF770DE4-8425-37CA-99BB-029235010A99> /Library/Developer/PrivateFrameworks/CoreDevice.framework/Versions/A/CoreDevice, NSLocalizedDescription=Loading a plug-in failed., NSFilePath=/Applications/Xcode.app/Contents/SharedFrameworks/DVTCoreDeviceCore.framework, NSLocalizedFailureReason=The plug-in “com.apple.dt.DVTCoreDeviceCore” at path “/Applications/Xcode.app/Contents/SharedFrameworks/DVTCoreDeviceCore.framework” could not be loaded.  The plug-in or one of its prerequisite plug-ins may be missing or damaged., NSUnderlyingError=0xcb521e010 {Error Domain=NSCocoaErrorDomain Code=3588 "dlopen(/Applications/Xcode.app/Contents/SharedFrameworks/DVTCoreDeviceCore.framework/DVTCoreDeviceCore, 0x0109): Symbol not found: _$s10CoreDevice17DetailedOperationC7metricsSDySSAA12CodableValueOGvg
  Referenced from: <E47C0F61-0399-382B-A241-7222F33F774E> /Applications/Xcode.app/Contents/SharedFrameworks/DVTCoreDeviceCore.framework/Versions/A/DVTCoreDeviceCore
  Expected in:     <BF770DE4-8425-37CA-99BB-029235010A99> /Library/Developer/PrivateFrameworks/CoreDevice.framework/Versions/A/CoreDevice" UserInfo={NSLocalizedFailureReason=The bundle couldn’t be loaded., NSLocalizedRecoverySuggestion=Try reinstalling the bundle., NSFilePath=/Applications/Xcode.app/Contents/SharedFrameworks/DVTCoreDeviceCore.framework/DVTCoreDeviceCore, NSDebugDescription=dlopen(/Applications/Xcode.app/Contents/SharedFrameworks/DVTCoreDeviceCore.framework/DVTCoreDeviceCore, 0x0109): Symbol not found: _$s10CoreDevice17DetailedOperationC7metricsSDySSAA12CodableValueOGvg
  Referenced from: <E47C0F61-0399-382B-A241-7222F33F774E> /Applications/Xcode.app/Contents/SharedFrameworks/DVTCoreDeviceCore.framework/Versions/A/DVTCoreDeviceCore
  Expected in:     <BF770DE4-8425-37CA-99BB-029235010A99> /Library/Developer/PrivateFrameworks/CoreDevice.framework/Versions/A/CoreDevice, NSBundlePath=/Applications/Xcode.app/Contents/SharedFrameworks/DVTCoreDeviceCore.framework, NSLocalizedDescription=The bundle “DVTCoreDeviceCore” couldn’t be loaded.}}}
Object:   <DVTDevice>
Method:   +_knownDeviceLocators
Thread:   <_NSMainThread: 0x1012a6760>{number = 1, name = main}
Please file a bug at https://feedbackassistant.apple.com with this warning message and any useful information you can provide.
Command line invocation:
    /Applications/Xcode.app/Contents/Developer/usr/bin/xcodebuild -workspace FinanceApp.xcworkspace -scheme FinanceApp -configuration Debug -sdk iphonesimulator -destination "generic/platform=iOS Simulator" build

Build settings from command line:
    SDKROOT = iphonesimulator27.0

2026-09-23 09:46:23.347 xcodebuild[22562:68354]  DVTErrorPresenter: Unable to load simulator devices.
Domain: DVTCoreSimulatorAdditionsErrorDomain
Code: 3
Failure Reason: The version of the CoreSimulator framework installed on this Mac is out-of-date and not supported by this version of Xcode.
Recovery Suggestion: Please ensure that you have installed all available updates to your Mac's software, and that you are running the most recent version of Xcode supported by macOS.
--
CoreSimulator is out of date. Current version (1051.55.0) is older than build version (1171.7.0).
Domain: DVTCoreSimulatorAdditionsErrorDomain
Code: 3
--

2026-09-23 09:46:23.347 xcodebuild[22562:68354]  iOSSimulator: [SimServiceContext sharedServiceContextForDeveloperDir:error:] returned nil (Error Domain=DVTCoreSimulatorAdditionsErrorDomain Code=3 "CoreSimulator is out of date. Current version (1051.55.0) is older than build version (1171.7.0)." UserInfo={NSLocalizedDescription=CoreSimulator is out of date. Current version (1051.55.0) is older than build version (1171.7.0).}). Simulator device support disabled.
ComputePackagePrebuildTargetDependencyGraph

Prepare packages

CreateBuildRequest

SendProjectDescription

CreateBuildOperation

ComputeTargetDependencyGraph
note: Building targets in dependency order
note: Target dependency graph (2 targets)
    Target 'FinanceApp' in project 'FinanceApp'
        ➜ Explicit dependency on target 'PaktayWidget' in project 'FinanceApp'
    Target 'PaktayWidget' in project 'FinanceApp' (no dependencies)

GatherProvisioningInputs

CreateBuildDescription

ExecuteExternalTool /Applications/Xcode.app/Contents/Developer/Toolchains/XcodeDefault.xctoolchain/usr/bin/clang -v -E -dM -isysroot /Applications/Xcode.app/Contents/Developer/Platforms/iPhoneSimulator.platform/Developer/SDKs/iPhoneSimulator27.0.sdk -x c -c /dev/null

ExecuteExternalTool /Applications/Xcode.app/Contents/Developer/usr/bin/actool --version --output-format xml1

ExecuteExternalTool /Applications/Xcode.app/Contents/Developer/Toolchains/XcodeDefault.xctoolchain/usr/bin/clang -v -E -dM -arch arm64 -isysroot /Applications/Xcode.app/Contents/Developer/Platforms/iPhoneSimulator.platform/Developer/SDKs/iPhoneSimulator27.0.sdk -x c -c /dev/null

ExecuteExternalTool /Applications/Xcode.app/Contents/Developer/usr/bin/ibtool --version --output-format xml1

ExecuteExternalTool /Applications/Xcode.app/Contents/Developer/Toolchains/XcodeDefault.xctoolchain/usr/bin/clang -v -E -dM -arch arm64 -isysroot /Applications/Xcode.app/Contents/Developer/Platforms/iPhoneSimulator.platform/Developer/SDKs/iPhoneSimulator27.0.sdk -x objective-c -c /dev/null

ExecuteExternalTool /Applications/Xcode.app/Contents/Developer/usr/bin/actool --print-asset-tag-combinations --output-format xml1 /Users/macmalona/Desktop/Proyecto/paktay/Paktay/packtay_mobile_front/ios/FinanceApp/Images.xcassets /Users/macmalona/Desktop/Proyecto/paktay/Paktay/packtay_mobile_front/ios/FinanceApp/Colors.xcassets

ExecuteExternalTool /Applications/Xcode.app/Contents/Developer/Toolchains/XcodeDefault.xctoolchain/usr/bin/swiftc --version

ExecuteExternalTool /Applications/Xcode.app/Contents/Developer/Toolchains/XcodeDefault.xctoolchain/usr/bin/ld -version_details

ExecuteExternalTool /Applications/Xcode.app/Contents/Developer/Toolchains/XcodeDefault.xctoolchain/usr/bin/clang -v -E -dM -arch x86_64 -isysroot /Applications/Xcode.app/Contents/Developer/Platforms/iPhoneSimulator.platform/Developer/SDKs/iPhoneSimulator27.0.sdk -x c -c /dev/null

ExecuteExternalTool /Applications/Xcode.app/Contents/Developer/Toolchains/XcodeDefault.xctoolchain/usr/bin/clang -v -E -dM -arch x86_64 -isysroot /Applications/Xcode.app/Contents/Developer/Platforms/iPhoneSimulator.platform/Developer/SDKs/iPhoneSimulator27.0.sdk -x objective-c -c /dev/null

Build description signature: d018eeb16c427285356761fc02bcbfef
Build description path: /Users/macmalona/Library/Developer/Xcode/DerivedData/FinanceApp-aodimmxhnhoiehgnkgtubgmkozzs/Build/Intermediates.noindex/XCBuildData/d018eeb16c427285356761fc02bcbfef.xcbuilddata
/Users/macmalona/Desktop/Proyecto/paktay/Paktay/packtay_mobile_front/ios/FinanceApp.xcodeproj: error: Unable to open base configuration reference file '/Users/macmalona/Desktop/Proyecto/paktay/Paktay/packtay_mobile_front/ios/Pods/Target Support Files/Pods-FinanceApp/Pods-FinanceApp.debug.xcconfig'. (in target 'FinanceApp' from project 'FinanceApp')
warning: Unable to read contents of XCFileList '/Target Support Files/Pods-FinanceApp/Pods-FinanceApp-frameworks-Debug-output-files.xcfilelist' (in target 'FinanceApp' from project 'FinanceApp')
warning: Unable to read contents of XCFileList '/Target Support Files/Pods-FinanceApp/Pods-FinanceApp-resources-Debug-output-files.xcfilelist' (in target 'FinanceApp' from project 'FinanceApp')
error: Unable to load contents of file list: '/Target Support Files/Pods-FinanceApp/Pods-FinanceApp-frameworks-Debug-input-files.xcfilelist' (in target 'FinanceApp' from project 'FinanceApp')
error: Unable to load contents of file list: '/Target Support Files/Pods-FinanceApp/Pods-FinanceApp-resources-Debug-input-files.xcfilelist' (in target 'FinanceApp' from project 'FinanceApp')
warning: Run script build phase 'Bundle React Native code and images' will be run during every build because it does not specify any outputs. To address this issue, either add output dependencies to the script phase, or configure it to run in every build by unchecking "Based on dependency analysis" in the script phase. (in target 'FinanceApp' from project 'FinanceApp')
error: Unable to load contents of file list: '/Target Support Files/Pods-FinanceApp/Pods-FinanceApp-frameworks-Debug-output-files.xcfilelist' (in target 'FinanceApp' from project 'FinanceApp')
error: Unable to load contents of file list: '/Target Support Files/Pods-FinanceApp/Pods-FinanceApp-resources-Debug-output-files.xcfilelist' (in target 'FinanceApp' from project 'FinanceApp')
warning: Run script build phase '[CP] Embed Pods Frameworks' will be run during every build because it does not specify any outputs. To address this issue, either add output dependencies to the script phase, or configure it to run in every build by unchecking "Based on dependency analysis" in the script phase. (in target 'FinanceApp' from project 'FinanceApp')
warning: Run script build phase '[CP] Copy Pods Resources' will be run during every build because it does not specify any outputs. To address this issue, either add output dependencies to the script phase, or configure it to run in every build by unchecking "Based on dependency analysis" in the script phase. (in target 'FinanceApp' from project 'FinanceApp')
** BUILD FAILED **


The following build commands failed:
	Building workspace FinanceApp with scheme FinanceApp and configuration Debug
(1 failure)

exit=65
