    > 81 |     console.error(`[http][keycloak] POST ${refreshPath} · error de red · ${detail}`);
         |             ^
      82 |     return 'signed-out';
      83 |   }
      84 | };

      at error (src/features/auth/restoreSession.ts:81:13)
          at Generator.throw (<anonymous>)
      at asyncGeneratorStep (node_modules/@babel/runtime/helpers/asyncToGenerator.js:3:17)
      at _throw (node_modules/@babel/runtime/helpers/asyncToGenerator.js:20:9)

    console.info
      [http][business] GET /api/v1/user/profile · consultando perfil

      at info (src/features/profile/accountApi.ts:106:13)

    console.error
      [http][business] GET /api/v1/user/profile · error de red · Una prueba intentó salir a la red: http://localhost:28082/api/v1/user/profile. Usa fakeAuthServer() para programar la respuesta.

      142 |   } catch (error) {
      143 |     const detail = error instanceof Error ? error.message : 'error desconocido';
    > 144 |     console.error(`[http][business] GET ${path} · error de red · ${detail}`);
          |             ^
      145 |     return {ok: false, message: 'No pudimos conectar con el servicio de perfil.'};
      146 |   }
      147 | };

      at error (src/features/profile/accountApi.ts:144:13)
          at Generator.throw (<anonymous>)
      at asyncGeneratorStep (node_modules/@babel/runtime/helpers/asyncToGenerator.js:3:17)
      at _throw (node_modules/@babel/runtime/helpers/asyncToGenerator.js:20:9)

    console.info
      [http][business] GET /api/v1/user/profile · consultando perfil

      at info (src/features/profile/accountApi.ts:106:13)

    console.error
      [http][business] GET /api/v1/user/profile · error de red · Una prueba intentó salir a la red: http://localhost:28082/api/v1/user/profile. Usa fakeAuthServer() para programar la respuesta.

      142 |   } catch (error) {
      143 |     const detail = error instanceof Error ? error.message : 'error desconocido';
    > 144 |     console.error(`[http][business] GET ${path} · error de red · ${detail}`);
          |             ^
      145 |     return {ok: false, message: 'No pudimos conectar con el servicio de perfil.'};
      146 |   }
      147 | };

      at error (src/features/profile/accountApi.ts:144:13)
          at Generator.throw (<anonymous>)
      at asyncGeneratorStep (node_modules/@babel/runtime/helpers/asyncToGenerator.js:3:17)
      at _throw (node_modules/@babel/runtime/helpers/asyncToGenerator.js:20:9)

    console.info
      [http][business] GET /api/v1/user/profile · consultando perfil

      at info (src/features/profile/accountApi.ts:106:13)

    console.error
      [http][business] GET /api/v1/user/profile · error de red · Una prueba intentó salir a la red: http://localhost:28082/api/v1/user/profile. Usa fakeAuthServer() para programar la respuesta.

      142 |   } catch (error) {
      143 |     const detail = error instanceof Error ? error.message : 'error desconocido';
    > 144 |     console.error(`[http][business] GET ${path} · error de red · ${detail}`);
          |             ^
      145 |     return {ok: false, message: 'No pudimos conectar con el servicio de perfil.'};
      146 |   }
      147 | };

      at error (src/features/profile/accountApi.ts:144:13)
          at Generator.throw (<anonymous>)
      at asyncGeneratorStep (node_modules/@babel/runtime/helpers/asyncToGenerator.js:3:17)
      at _throw (node_modules/@babel/runtime/helpers/asyncToGenerator.js:20:9)

    console.error
      An update to EditBudgetsScreen inside a test was not wrapped in act(...).
      
      When testing, code that causes React state updates should be wrapped into act(...):
      
      act(() => {
        /* fire events that update state */
      });
      /* assert on the output */
      
      This ensures that you're testing the behavior the user would see in the browser. Learn more at https://react.dev/link/wrap-tests-with-act

       98 |     });
       99 |     void getCurrentBudget().then(result => {
    > 100 |       if (result.ok) setRecurrence(result.data.recurrence);
          |                      ^
      101 |     });
      102 |   }, []);
      103 |

      at node_modules/react-test-renderer/cjs/react-test-renderer.development.js:14402:19
      at runWithFiberInDEV (node_modules/react-test-renderer/cjs/react-test-renderer.development.js:2315:13)
      at warnIfUpdatesNotWrappedWithActDEV (node_modules/react-test-renderer/cjs/react-test-renderer.development.js:14401:9)
      at scheduleUpdateOnFiber (node_modules/react-test-renderer/cjs/react-test-renderer.development.js:12086:9)
      at dispatchSetStateInternal (node_modules/react-test-renderer/cjs/react-test-renderer.development.js:6208:13)
      at dispatchSetState (node_modules/react-test-renderer/cjs/react-test-renderer.development.js:6165:7)
      at setRecurrence (src/features/expenses/screens/EditBudgetsScreen.tsx:100:22)

    console.info
      [http][business] GET /api/v1/catalog/categories · iniciando

      at info (src/features/expenses/categoryApi.ts:21:13)

    console.error
      [http][business] GET /api/v1/catalog/categories · error de red · Una prueba intentó salir a la red: http://localhost:28082/api/v1/catalog/categories. Usa fakeAuthServer() para programar la respuesta.

      34 |   } catch (error) {
      35 |     const detail = error instanceof Error ? error.message : 'error desconocido';
    > 36 |     console.error(`[http][business] ${init?.method ?? 'GET'} ${path} · error de red · ${detail}`);
         |             ^
      37 |     return {ok: false, message: 'No pudimos conectar con el servicio de categorías.'};
      38 |   }
      39 | };

      at error (src/features/expenses/categoryApi.ts:36:13)
          at Generator.throw (<anonymous>)
      at asyncGeneratorStep (node_modules/@babel/runtime/helpers/asyncToGenerator.js:3:17)
      at _throw (node_modules/@babel/runtime/helpers/asyncToGenerator.js:20:9)

    console.error
      An update to BudgetsScreen inside a test was not wrapped in act(...).
      
      When testing, code that causes React state updates should be wrapped into act(...):
      
      act(() => {
        /* fire events that update state */
      });
      /* assert on the output */
      
      This ensures that you're testing the behavior the user would see in the browser. Learn more at https://react.dev/link/wrap-tests-with-act

       95 |     void getCurrentBudget().then(result => {
       96 |       if (!mounted) return;
    >  97 |       if (result.ok) setRemoteBudget(result.data);
          |                      ^
       98 |       setRemoteLoaded(true);
       99 |     });
      100 |     return () => {

      at node_modules/react-test-renderer/cjs/react-test-renderer.development.js:14402:19
      at runWithFiberInDEV (node_modules/react-test-renderer/cjs/react-test-renderer.development.js:2315:13)
      at warnIfUpdatesNotWrappedWithActDEV (node_modules/react-test-renderer/cjs/react-test-renderer.development.js:14401:9)
      at scheduleUpdateOnFiber (node_modules/react-test-renderer/cjs/react-test-renderer.development.js:12086:9)
      at dispatchSetStateInternal (node_modules/react-test-renderer/cjs/react-test-renderer.development.js:6208:13)
      at dispatchSetState (node_modules/react-test-renderer/cjs/react-test-renderer.development.js:6165:7)
      at setRemoteBudget (src/features/expenses/screens/BudgetsScreen.tsx:97:22)

    console.error
      An update to BudgetsScreen inside a test was not wrapped in act(...).
      
      When testing, code that causes React state updates should be wrapped into act(...):
      
      act(() => {
        /* fire events that update state */
      });
      /* assert on the output */
      
      This ensures that you're testing the behavior the user would see in the browser. Learn more at https://react.dev/link/wrap-tests-with-act

       96 |       if (!mounted) return;
       97 |       if (result.ok) setRemoteBudget(result.data);
    >  98 |       setRemoteLoaded(true);
          |       ^
       99 |     });
      100 |     return () => {
      101 |       mounted = false;

      at node_modules/react-test-renderer/cjs/react-test-renderer.development.js:14402:19
      at runWithFiberInDEV (node_modules/react-test-renderer/cjs/react-test-renderer.development.js:2315:13)
      at warnIfUpdatesNotWrappedWithActDEV (node_modules/react-test-renderer/cjs/react-test-renderer.development.js:14401:9)
      at scheduleUpdateOnFiber (node_modules/react-test-renderer/cjs/react-test-renderer.development.js:12086:9)
      at dispatchSetStateInternal (node_modules/react-test-renderer/cjs/react-test-renderer.development.js:6208:13)
      at dispatchSetState (node_modules/react-test-renderer/cjs/react-test-renderer.development.js:6165:7)
      at setRemoteLoaded (src/features/expenses/screens/BudgetsScreen.tsx:98:7)

    console.error
      An update to SplashProvider inside a test was not wrapped in act(...).
      
      When testing, code that causes React state updates should be wrapped into act(...):
      
      act(() => {
        /* fire events that update state */
      });
      /* assert on the output */
      
      This ensures that you're testing the behavior the user would see in the browser. Learn more at https://react.dev/link/wrap-tests-with-act

      88 |           }
      89 |         });
    > 90 |         if (!cancelled) setConnectionFailed(!healthy);
         |                         ^
      91 |         if (healthy) await bootstrapRef.current?.();
      92 |       } catch (error) {
      93 |         // Un fallo de arranque no debe dejar al usuario atrapado en el splash:

      at node_modules/react-test-renderer/cjs/react-test-renderer.development.js:14402:19
      at runWithFiberInDEV (node_modules/react-test-renderer/cjs/react-test-renderer.development.js:2315:13)
      at warnIfUpdatesNotWrappedWithActDEV (node_modules/react-test-renderer/cjs/react-test-renderer.development.js:14401:9)
      at scheduleUpdateOnFiber (node_modules/react-test-renderer/cjs/react-test-renderer.development.js:12086:9)
      at dispatchSetStateInternal (node_modules/react-test-renderer/cjs/react-test-renderer.development.js:6208:13)
      at dispatchSetState (node_modules/react-test-renderer/cjs/react-test-renderer.development.js:6165:7)
      at setConnectionFailed (src/app/providers/SplashProvider.tsx:90:25)
      at asyncGeneratorStep (node_modules/@babel/runtime/helpers/asyncToGenerator.js:3:17)
      at _next (node_modules/@babel/runtime/helpers/asyncToGenerator.js:17:9)

    console.info
      [http][keycloak] POST /realms/paktay/protocol/openid-connect/token · renovando sesión

      at info (src/features/auth/restoreSession.ts:36:11)

    console.error
      [http][keycloak] POST /realms/paktay/protocol/openid-connect/token · error de red · Una prueba intentó salir a la red: http://localhost:28180/realms/paktay/protocol/openid-connect/token. Usa fakeAuthServer() para programar la respuesta.

      79 |     // para volver a intentarlo en el siguiente arranque, pero no se entra al Home.
      80 |     const detail = error instanceof Error ? error.message : 'error desconocido';
    > 81 |     console.error(`[http][keycloak] POST ${refreshPath} · error de red · ${detail}`);
         |             ^
      82 |     return 'signed-out';
      83 |   }
      84 | };

      at error (src/features/auth/restoreSession.ts:81:13)
          at Generator.throw (<anonymous>)
      at asyncGeneratorStep (node_modules/@babel/runtime/helpers/asyncToGenerator.js:3:17)
      at _throw (node_modules/@babel/runtime/helpers/asyncToGenerator.js:20:9)

    console.info
      [http][business] GET /api/v1/user/profile · consultando perfil

      at info (src/features/profile/accountApi.ts:106:13)

    console.error
      [http][business] GET /api/v1/user/profile · error de red · Una prueba intentó salir a la red: http://localhost:28082/api/v1/user/profile. Usa fakeAuthServer() para programar la respuesta.

      142 |   } catch (error) {
      143 |     const detail = error instanceof Error ? error.message : 'error desconocido';
    > 144 |     console.error(`[http][business] GET ${path} · error de red · ${detail}`);
          |             ^
      145 |     return {ok: false, message: 'No pudimos conectar con el servicio de perfil.'};
      146 |   }
      147 | };

      at error (src/features/profile/accountApi.ts:144:13)
          at Generator.throw (<anonymous>)
      at asyncGeneratorStep (node_modules/@babel/runtime/helpers/asyncToGenerator.js:3:17)
      at _throw (node_modules/@babel/runtime/helpers/asyncToGenerator.js:20:9)

    console.info
      [http][business] GET /api/v1/user/profile · consultando perfil

      at info (src/features/profile/accountApi.ts:106:13)

    console.error
      [http][business] GET /api/v1/user/profile · error de red · Una prueba intentó salir a la red: http://localhost:28082/api/v1/user/profile. Usa fakeAuthServer() para programar la respuesta.

      142 |   } catch (error) {
      143 |     const detail = error instanceof Error ? error.message : 'error desconocido';
    > 144 |     console.error(`[http][business] GET ${path} · error de red · ${detail}`);
          |             ^
      145 |     return {ok: false, message: 'No pudimos conectar con el servicio de perfil.'};
      146 |   }
      147 | };

      at error (src/features/profile/accountApi.ts:144:13)
          at Generator.throw (<anonymous>)
      at asyncGeneratorStep (node_modules/@babel/runtime/helpers/asyncToGenerator.js:3:17)
      at _throw (node_modules/@babel/runtime/helpers/asyncToGenerator.js:20:9)

    console.info
      [http][business] GET /api/v1/user/profile · consultando perfil

      at info (src/features/profile/accountApi.ts:106:13)

    console.error
      [http][business] GET /api/v1/user/profile · error de red · Una prueba intentó salir a la red: http://localhost:28082/api/v1/user/profile. Usa fakeAuthServer() para programar la respuesta.

      142 |   } catch (error) {
      143 |     const detail = error instanceof Error ? error.message : 'error desconocido';
    > 144 |     console.error(`[http][business] GET ${path} · error de red · ${detail}`);
          |             ^
      145 |     return {ok: false, message: 'No pudimos conectar con el servicio de perfil.'};
      146 |   }
      147 | };

      at error (src/features/profile/accountApi.ts:144:13)
          at Generator.throw (<anonymous>)
      at asyncGeneratorStep (node_modules/@babel/runtime/helpers/asyncToGenerator.js:3:17)
      at _throw (node_modules/@babel/runtime/helpers/asyncToGenerator.js:20:9)


Test Suites: 51 passed, 51 total
Tests:       537 passed, 537 total
Snapshots:   0 total
Time:        4.067 s
Ran all test suites.
exit=0
