 Container paktay-fresh-business-db-1 Recreate 
 Container paktay-fresh-keycloak-init-1 Recreate 
 Container paktay-fresh-keycloak-init-1 Recreated 
 Container paktay-fresh-business-db-1 Recreated 
 Container paktay-fresh-auth-svc-1 Recreate 
 Container paktay-fresh-business-svc-1 Recreate 
 Container paktay-fresh-auth-svc-1 Recreated 
 Container paktay-fresh-business-svc-1 Recreated 
 Container paktay-fresh-keycloak-init-1 Starting 
 Container paktay-fresh-business-db-1 Starting 
 Container paktay-fresh-keycloak-init-1 Started 
 Container paktay-fresh-business-db-1 Started 
 Container paktay-fresh-business-db-1 Waiting 
 Container paktay-fresh-business-db-1 Waiting 
 Container paktay-fresh-keycloak-init-1 Waiting 
 Container paktay-fresh-keycloak-init-1 Waiting 
 Container paktay-fresh-keycloak-init-1 Exited 
 Container paktay-fresh-keycloak-init-1 Exited 
 Container paktay-fresh-business-db-1 Healthy 
 Container paktay-fresh-auth-svc-1 Starting 
 Container paktay-fresh-business-db-1 Healthy 
 Container paktay-fresh-business-svc-1 Starting 
 Container paktay-fresh-auth-svc-1 Started 
 Container paktay-fresh-business-svc-1 Started 
