$ docker exec -e PGPASSWORD paktay-local-business-db-1 psql -h 127.0.0.1 -U paktay -d paktay -c 'SELECT 1 AS local_connection_verified;'
 local_connection_verified 
---------------------------
                         1
(1 row)


exit=0
Se verificó la credencial preexistente contra PostgreSQL del contenedor paktay-local-business-db-1. Se actualizó solo BUSINESS_DB_PASSWORD en .env ignorado para acceder al volumen local conservado. No se cambió la contraseña en PostgreSQL ni se borraron datos. No se efectuaron conexiones a producción.
$ docker compose -p paktay-local --env-file .env --env-file .env.local.example -f docker-compose.yml -f docker-compose.local.yml -f docker-compose.local-keycloak.yml up -d business-db auth-svc business-svc
 Container paktay-local-keycloak-db-1 Running 
 Container paktay-local-keycloak-1 Running 
 Container paktay-local-business-db-1 Recreate 
 Container paktay-local-business-db-1 Recreated 
 Container paktay-local-business-svc-1 Recreate 
 Container paktay-local-auth-svc-1 Recreate 
 Container paktay-local-auth-svc-1 Recreated 
 Container paktay-local-business-svc-1 Recreated 
 Container paktay-local-business-db-1 Starting 
 Container paktay-local-keycloak-db-1 Waiting 
 Container paktay-local-business-db-1 Started 
 Container paktay-local-keycloak-db-1 Healthy 
 Container paktay-local-keycloak-1 Waiting 
 Container paktay-local-keycloak-1 Healthy 
 Container paktay-local-keycloak-init-1 Starting 
 Container paktay-local-keycloak-init-1 Started 
 Container paktay-local-keycloak-init-1 Waiting 
 Container paktay-local-business-db-1 Waiting 
 Container paktay-local-keycloak-init-1 Waiting 
 Container paktay-local-business-db-1 Waiting 
 Container paktay-local-keycloak-init-1 Exited 
 Container paktay-local-keycloak-init-1 Exited 
 Container paktay-local-business-db-1 Healthy 
 Container paktay-local-business-db-1 Healthy 
 Container paktay-local-auth-svc-1 Starting 
 Container paktay-local-business-svc-1 Starting 
 Container paktay-local-business-svc-1 Started 
 Container paktay-local-auth-svc-1 Started 

exit=0
