$ docker compose -p paktay-local --env-file .env --env-file .env.local.example -f docker-compose.yml -f docker-compose.local.yml -f docker-compose.local-keycloak.yml config --services
keycloak-db
keycloak
keycloak-init
business-db
auth-svc
business-svc

exit=0
$ docker compose -p paktay-local --env-file .env --env-file .env.local.example -f docker-compose.yml -f docker-compose.local.yml -f docker-compose.local-keycloak.yml up --build -d keycloak-db business-db keycloak keycloak-init auth-svc business-svc
 Image paktay-local-auth-svc Building 
 Image paktay-local-business-svc Building 
#1 [internal] load local bake definitions
#1 reading from stdin 1.14kB done
#1 DONE 0.0s

#2 [auth-svc internal] load build definition from Dockerfile
#2 transferring dockerfile: 557B done
#2 DONE 0.0s

#3 [business-svc internal] load build definition from Dockerfile
#3 transferring dockerfile: 575B done
#3 DONE 0.0s

#4 [business-svc internal] load metadata for docker.io/library/maven:3.9.9-eclipse-temurin-17
#4 ...

#5 [business-svc internal] load metadata for docker.io/library/eclipse-temurin:17-jre
#5 ...

#6 [auth] library/eclipse-temurin:pull token for registry-1.docker.io
#6 DONE 0.0s

#7 [auth] library/maven:pull token for registry-1.docker.io
#7 DONE 0.0s

#5 [business-svc internal] load metadata for docker.io/library/eclipse-temurin:17-jre
#5 ...

#4 [business-svc internal] load metadata for docker.io/library/maven:3.9.9-eclipse-temurin-17
#4 DONE 16.0s

#5 [business-svc internal] load metadata for docker.io/library/eclipse-temurin:17-jre
#5 DONE 16.9s

#8 [business-svc internal] load .dockerignore
#8 transferring context: 2B done
#8 DONE 0.0s

#9 [business-svc build 1/7] FROM docker.io/library/maven:3.9.9-eclipse-temurin-17@sha256:f58d59b6273e785ac0a4477f6e9b5ba1d7731c75b906c0f7b34076f1851318cc
#9 resolve docker.io/library/maven:3.9.9-eclipse-temurin-17@sha256:f58d59b6273e785ac0a4477f6e9b5ba1d7731c75b906c0f7b34076f1851318cc done
#9 DONE 0.0s

#10 [auth-svc internal] load build context
#10 transferring context: 70.07kB done
#10 DONE 0.0s

#11 [business-svc internal] load build context
#11 transferring context: 136.08kB done
#11 DONE 0.0s

#12 [business-svc build 3/7] COPY pom.xml ./pom.xml
#12 CACHED

#13 [business-svc build 4/7] COPY auth-svc/pom.xml ./auth-svc/pom.xml
#13 CACHED

#14 [business-svc build 5/7] COPY business-svc/pom.xml ./business-svc/pom.xml
#14 CACHED

#15 [business-svc build 2/7] WORKDIR /workspace
#15 CACHED

#16 [auth-svc build 3/7] COPY pom.xml ./pom.xml
#16 CACHED

#17 [auth-svc build 4/7] COPY auth-svc/pom.xml ./auth-svc/pom.xml
#17 CACHED

#18 [auth-svc build 5/7] COPY business-svc/pom.xml ./business-svc/pom.xml
#18 CACHED

#19 [auth-svc build 6/7] COPY auth-svc/src ./auth-svc/src
#19 DONE 0.0s

#20 [business-svc build 6/7] COPY business-svc/src ./business-svc/src
#20 DONE 0.0s

#21 [auth-svc build 7/7] RUN mvn --batch-mode --no-transfer-progress -pl auth-svc -am package -DskipTests
#21 0.802 [INFO] Scanning for projects...
#21 ...

#22 [business-svc stage-1 1/3] FROM docker.io/library/eclipse-temurin:17-jre@sha256:bd25c61779663bc2df8ced059f1cc114fafc073afe16125c13fcc3a37fecd845
#22 resolve docker.io/library/eclipse-temurin:17-jre@sha256:bd25c61779663bc2df8ced059f1cc114fafc073afe16125c13fcc3a37fecd845 done
#22 sha256:e1c722a5ae4be55e10b0b89777956a2c527b28d28f0c74bed03192d8e4d788f4 2.46kB / 2.46kB 0.2s done
#22 sha256:d470419921d6591fb54d3bd56e5538bb058ebf62a396466cbf72850595ad7eb5 47.00MB / 47.00MB 2.0s done
#22 sha256:346b146270370ce540b36405d1977f1e0dacb5e15a9855aa8e52efd820477f84 157B / 157B 0.5s done
#22 sha256:96ce2fdd30c71c02e00d6abd54a531c9cf271bc6290fae1aa6b6182b4b08cd47 19.93MB / 19.93MB 1.7s done
#22 sha256:70624a8d6970b2150eca9a8b37c64834b41072ba6e8f7978b1a7eac231497d1e 407B / 407B 0.4s done
#22 sha256:7cb168fccdd249547ddc2d1c5365b1e743da77e0664e6233934fa720511320f5 40.76MB / 40.76MB 1.8s done
#22 extracting sha256:7cb168fccdd249547ddc2d1c5365b1e743da77e0664e6233934fa720511320f5 0.5s done
#22 extracting sha256:70624a8d6970b2150eca9a8b37c64834b41072ba6e8f7978b1a7eac231497d1e done
#22 extracting sha256:96ce2fdd30c71c02e00d6abd54a531c9cf271bc6290fae1aa6b6182b4b08cd47 0.2s done
#22 extracting sha256:d470419921d6591fb54d3bd56e5538bb058ebf62a396466cbf72850595ad7eb5 0.4s done
#22 extracting sha256:346b146270370ce540b36405d1977f1e0dacb5e15a9855aa8e52efd820477f84 done
#22 extracting sha256:e1c722a5ae4be55e10b0b89777956a2c527b28d28f0c74bed03192d8e4d788f4 done
#22 DONE 3.5s

#23 [business-svc stage-1 2/3] WORKDIR /app
#23 DONE 0.2s

#24 [business-svc build 7/7] RUN mvn --batch-mode --no-transfer-progress -pl business-svc -am package -DskipTests
#24 0.802 [INFO] Scanning for projects...
#24 7.686 [INFO] ------------------------------------------------------------------------
#24 7.686 [INFO] Reactor Build Order:
#24 7.686 [INFO] 
#24 7.687 [INFO] Paktay Backend                                                     [pom]
#24 7.687 [INFO] Paktay Business Service                                            [jar]
#24 7.689 [INFO] 
#24 7.689 [INFO] ----------------------< ec.paktay:paktay-backend >----------------------
#24 7.689 [INFO] Building Paktay Backend 0.1.0-SNAPSHOT                             [1/2]
#24 7.689 [INFO]   from pom.xml
#24 7.689 [INFO] --------------------------------[ pom ]---------------------------------
#24 7.690 [INFO] 
#24 7.690 [INFO] -----------------------< ec.paktay:business-svc >-----------------------
#24 7.690 [INFO] Building Paktay Business Service 0.1.0-SNAPSHOT                    [2/2]
#24 7.690 [INFO]   from business-svc/pom.xml
#24 7.690 [INFO] --------------------------------[ jar ]---------------------------------
#24 ...

#21 [auth-svc build 7/7] RUN mvn --batch-mode --no-transfer-progress -pl auth-svc -am package -DskipTests
#21 8.028 [INFO] ------------------------------------------------------------------------
#21 8.028 [INFO] Reactor Build Order:
#21 8.028 [INFO] 
#21 8.028 [INFO] Paktay Backend                                                     [pom]
#21 8.028 [INFO] Paktay Auth Service                                                [jar]
#21 8.033 [INFO] 
#21 8.033 [INFO] ----------------------< ec.paktay:paktay-backend >----------------------
#21 8.033 [INFO] Building Paktay Backend 0.1.0-SNAPSHOT                             [1/2]
#21 8.033 [INFO]   from pom.xml
#21 8.033 [INFO] --------------------------------[ pom ]---------------------------------
#21 8.033 [INFO] 
#21 8.033 [INFO] -------------------------< ec.paktay:auth-svc >-------------------------
#21 8.033 [INFO] Building Paktay Auth Service 0.1.0-SNAPSHOT                        [2/2]
#21 8.033 [INFO]   from auth-svc/pom.xml
#21 8.033 [INFO] --------------------------------[ jar ]---------------------------------
#21 ...

#24 [business-svc build 7/7] RUN mvn --batch-mode --no-transfer-progress -pl business-svc -am package -DskipTests
#24 34.88 [INFO] 
#24 34.88 [INFO] --- resources:3.3.1:resources (default-resources) @ business-svc ---
#24 37.48 [INFO] Copying 1 resource from src/main/resources to target/classes
#24 37.49 [INFO] Copying 5 resources from src/main/resources to target/classes
#24 37.49 [INFO] 
#24 37.49 [INFO] --- compiler:3.13.0:compile (default-compile) @ business-svc ---
#24 40.07 [INFO] Recompiling the module because of changed source code.
#24 40.07 [INFO] Compiling 48 source files with javac [debug parameters release 17] to target/classes
#24 41.04 [INFO] 
#24 41.04 [INFO] --- resources:3.3.1:testResources (default-testResources) @ business-svc ---
#24 41.05 [INFO] skip non existing resourceDirectory /workspace/business-svc/src/test/resources
#24 41.05 [INFO] 
#24 41.05 [INFO] --- compiler:3.13.0:testCompile (default-testCompile) @ business-svc ---
#24 41.05 [INFO] No sources to compile
#24 41.05 [INFO] 
#24 41.05 [INFO] --- surefire:3.5.3:test (default-test) @ business-svc ---
#24 43.38 [INFO] Tests are skipped.
#24 43.38 [INFO] 
#24 43.38 [INFO] --- jar:3.4.2:jar (default-jar) @ business-svc ---
#24 ...

#21 [auth-svc build 7/7] RUN mvn --batch-mode --no-transfer-progress -pl auth-svc -am package -DskipTests
#21 34.97 [INFO] 
#21 34.97 [INFO] --- resources:3.3.1:resources (default-resources) @ auth-svc ---
#21 37.28 [INFO] Copying 1 resource from src/main/resources to target/classes
#21 37.29 [INFO] Copying 2 resources from src/main/resources to target/classes
#21 37.29 [INFO] 
#21 37.29 [INFO] --- compiler:3.13.0:compile (default-compile) @ auth-svc ---
#21 39.80 [INFO] Recompiling the module because of changed source code.
#21 39.80 [INFO] Compiling 26 source files with javac [debug parameters release 17] to target/classes
#21 40.60 [INFO] 
#21 40.60 [INFO] --- resources:3.3.1:testResources (default-testResources) @ auth-svc ---
#21 40.61 [INFO] skip non existing resourceDirectory /workspace/auth-svc/src/test/resources
#21 40.61 [INFO] 
#21 40.61 [INFO] --- compiler:3.13.0:testCompile (default-testCompile) @ auth-svc ---
#21 40.62 [INFO] Recompiling the module because of changed dependency.
#21 40.62 [INFO] Compiling 2 source files with javac [debug parameters release 17] to target/test-classes
#21 40.84 [INFO] 
#21 40.84 [INFO] --- surefire:3.5.3:test (default-test) @ auth-svc ---
#21 42.98 [INFO] Tests are skipped.
#21 42.98 [INFO] 
#21 42.98 [INFO] --- jar:3.4.2:jar (default-jar) @ auth-svc ---
#21 45.90 [INFO] Building jar: /workspace/auth-svc/target/auth-svc-0.1.0-SNAPSHOT.jar
#21 45.92 [INFO] 
#21 45.92 [INFO] --- spring-boot:3.4.5:repackage (repackage) @ auth-svc ---
#21 ...

#24 [business-svc build 7/7] RUN mvn --batch-mode --no-transfer-progress -pl business-svc -am package -DskipTests
#24 46.75 [INFO] Building jar: /workspace/business-svc/target/business-svc-0.1.0-SNAPSHOT.jar
#24 46.77 [INFO] 
#24 46.77 [INFO] --- spring-boot:3.4.5:repackage (repackage) @ business-svc ---
#24 ...

#21 [auth-svc build 7/7] RUN mvn --batch-mode --no-transfer-progress -pl auth-svc -am package -DskipTests
#21 50.81 [INFO] Replacing main artifact /workspace/auth-svc/target/auth-svc-0.1.0-SNAPSHOT.jar with repackaged archive, adding nested dependencies in BOOT-INF/.
#21 50.81 [INFO] The original artifact has been renamed to /workspace/auth-svc/target/auth-svc-0.1.0-SNAPSHOT.jar.original
#21 50.81 [INFO] ------------------------------------------------------------------------
#21 50.81 [INFO] Reactor Summary for Paktay Backend 0.1.0-SNAPSHOT:
#21 50.81 [INFO] 
#21 50.81 [INFO] Paktay Backend ..................................... SUCCESS [  0.000 s]
#21 50.81 [INFO] Paktay Auth Service ................................ SUCCESS [ 42.776 s]
#21 50.81 [INFO] ------------------------------------------------------------------------
#21 50.81 [INFO] BUILD SUCCESS
#21 50.81 [INFO] ------------------------------------------------------------------------
#21 50.81 [INFO] Total time:  50.020 s
#21 50.81 [INFO] Finished at: 2026-09-23T15:02:38Z
#21 50.81 [INFO] ------------------------------------------------------------------------
#21 DONE 50.9s

#25 [auth-svc stage-1 3/3] COPY --from=build /workspace/auth-svc/target/auth-svc-0.1.0-SNAPSHOT.jar app.jar
#25 DONE 0.0s

#26 [auth-svc] exporting to image
#26 exporting layers
#26 exporting layers 0.6s done
#26 exporting manifest sha256:24a3f0ea3a4544a1fe67f422c16d074203db5514bd327a5c1525774017f1e8d5 done
#26 exporting config sha256:cb157003ac6d515618323e87294587e32bfc91d11e1ac9e455c070b3f5e31477 done
#26 exporting attestation manifest sha256:0641ae796db3a0abab5dfdc4c136ffaf10d9531dd69009696a7d20a72eadb0e4 done
#26 exporting manifest list sha256:82b777e3689e72246d4ae24e5198969222ffdbcd74e39f9a9f375b3d9106213c done
#26 naming to docker.io/library/paktay-local-auth-svc:latest done
#26 unpacking to docker.io/library/paktay-local-auth-svc:latest 0.1s done
#26 DONE 0.7s

#27 [auth-svc] resolving provenance for metadata file
#27 DONE 0.0s

#24 [business-svc build 7/7] RUN mvn --batch-mode --no-transfer-progress -pl business-svc -am package -DskipTests
#24 51.97 [INFO] Replacing main artifact /workspace/business-svc/target/business-svc-0.1.0-SNAPSHOT.jar with repackaged archive, adding nested dependencies in BOOT-INF/.
#24 51.97 [INFO] The original artifact has been renamed to /workspace/business-svc/target/business-svc-0.1.0-SNAPSHOT.jar.original
#24 51.97 [INFO] ------------------------------------------------------------------------
#24 51.97 [INFO] Reactor Summary for Paktay Backend 0.1.0-SNAPSHOT:
#24 51.97 [INFO] 
#24 51.97 [INFO] Paktay Backend ..................................... SUCCESS [  0.001 s]
#24 51.97 [INFO] Paktay Business Service ............................ SUCCESS [ 44.279 s]
#24 51.97 [INFO] ------------------------------------------------------------------------
#24 51.97 [INFO] BUILD SUCCESS
#24 51.97 [INFO] ------------------------------------------------------------------------
#24 51.97 [INFO] Total time:  51.177 s
#24 51.97 [INFO] Finished at: 2026-09-23T15:02:39Z
#24 51.97 [INFO] ------------------------------------------------------------------------
#24 DONE 52.0s

#28 [business-svc stage-1 3/3] COPY --from=build /workspace/business-svc/target/business-svc-0.1.0-SNAPSHOT.jar app.jar
#28 DONE 0.0s

#29 [business-svc] exporting to image
#29 exporting layers 0.5s done
#29 exporting manifest sha256:1f6eb206c866710b42cc05ecc15c0e119afb35fd8f3b4a4bf044a231fa149b3b done
#29 exporting config sha256:b3b9afb0de9b84ed3bfb6664a7252a09ec0141f41e346c679b0d1d3dab53e88d done
#29 exporting attestation manifest sha256:c4f54f55a6e96a2ac8190c164c4e6f92d0743712d237ac03ac897ab4649e4eb0 done
#29 exporting manifest list sha256:9073af198c94e8d74869bfd148f509fb4276950d228dad450712bd2ccbceecc3 done
#29 naming to docker.io/library/paktay-local-business-svc:latest done
#29 unpacking to docker.io/library/paktay-local-business-svc:latest 0.1s done
#29 DONE 0.6s

#30 [business-svc] resolving provenance for metadata file
#30 DONE 0.0s
 Image paktay-local-business-svc Built 
 Image paktay-local-auth-svc Built 
 Network paktay-local_default Creating 
 Network paktay-local_default Created 
 Volume paktay-local_keycloak-local-data Creating 
 Volume paktay-local_keycloak-local-data Created 
 Container paktay-local-business-db-1 Creating 
 Container paktay-local-keycloak-db-1 Creating 
 Container paktay-local-keycloak-db-1 Created 
 Container paktay-local-keycloak-1 Creating 
 Container paktay-local-business-db-1 Created 
 Container paktay-local-keycloak-1 Created 
 Container paktay-local-keycloak-init-1 Creating 
 Container paktay-local-keycloak-init-1 Created 
 Container paktay-local-business-svc-1 Creating 
 Container paktay-local-auth-svc-1 Creating 
 Container paktay-local-auth-svc-1 Created 
 Container paktay-local-business-svc-1 Created 
 Container paktay-local-business-db-1 Starting 
 Container paktay-local-keycloak-db-1 Starting 
 Container paktay-local-keycloak-db-1 Started 
 Container paktay-local-keycloak-db-1 Waiting 
 Container paktay-local-business-db-1 Started 
 Container paktay-local-keycloak-db-1 Healthy 
 Container paktay-local-keycloak-1 Starting 
 Container paktay-local-keycloak-1 Started 
 Container paktay-local-keycloak-1 Waiting 
 Container paktay-local-keycloak-1 Healthy 
 Container paktay-local-keycloak-init-1 Starting 
 Container paktay-local-keycloak-init-1 Started 
 Container paktay-local-keycloak-init-1 Waiting 
 Container paktay-local-business-db-1 Waiting 
 Container paktay-local-business-db-1 Waiting 
 Container paktay-local-keycloak-init-1 Waiting 
 Container paktay-local-business-db-1 Healthy 
 Container paktay-local-business-db-1 Healthy 
 Container paktay-local-keycloak-init-1 Exited 
 Container paktay-local-auth-svc-1 Starting 
 Container paktay-local-keycloak-init-1 Exited 
 Container paktay-local-business-svc-1 Starting 
 Container paktay-local-auth-svc-1 Started 
 Container paktay-local-business-svc-1 Started 

exit=0
$ docker compose -p paktay-local --env-file .env --env-file .env.local.example -f docker-compose.yml -f docker-compose.local.yml -f docker-compose.local-keycloak.yml ps -a
NAME                           IMAGE                            COMMAND                  SERVICE         CREATED          STATUS                      PORTS
paktay-local-auth-svc-1        paktay-local-auth-svc            "/bin/sh -c 'exec ja…"   auth-svc        20 seconds ago   Up 13 seconds               0.0.0.0:28081->8081/tcp
paktay-local-business-db-1     postgres:16-alpine               "docker-entrypoint.s…"   business-db     20 seconds ago   Up 19 seconds (healthy)     127.0.0.1:25433->5432/tcp
paktay-local-business-svc-1    paktay-local-business-svc        "/bin/sh -c 'exec ja…"   business-svc    20 seconds ago   Up 13 seconds               0.0.0.0:28082->8082/tcp
paktay-local-keycloak-1        quay.io/keycloak/keycloak:26.2   "/opt/keycloak/bin/k…"   keycloak        2 minutes ago    Up 2 minutes (healthy)      127.0.0.1:28180->8080/tcp
paktay-local-keycloak-db-1     postgres:16-alpine               "docker-entrypoint.s…"   keycloak-db     2 minutes ago    Up 2 minutes (healthy)      5432/tcp
paktay-local-keycloak-init-1   quay.io/keycloak/keycloak:26.2   "/bin/sh -c 'until /…"   keycloak-init   2 minutes ago    Exited (0) 15 seconds ago   

exit=0
