$ curl -sS --max-time 15 -o /dev/null -w 'HTTP %{http_code}
' http://localhost:28081/actuator/health
HTTP 503

exit=0
$ curl -sS --max-time 15 -o /dev/null -w 'HTTP %{http_code}
' http://localhost:28081/v3/api-docs
HTTP 200

exit=0
$ curl -sS --max-time 15 -o /dev/null -w 'HTTP %{http_code}
' http://localhost:28081/swagger-ui/index.html
HTTP 200

exit=0
$ curl -sS --max-time 15 -o /dev/null -w 'HTTP %{http_code}
' http://localhost:28082/actuator/health
HTTP 200

exit=0
$ curl -sS --max-time 15 -o /dev/null -w 'HTTP %{http_code}
' http://localhost:28082/v3/api-docs
HTTP 200

exit=0
$ curl -sS --max-time 15 -o /dev/null -w 'HTTP %{http_code}
' http://localhost:28082/swagger-ui/index.html
HTTP 200

exit=0
