 Image paktay-local-auth-svc Building 
 Image paktay-local-business-svc Building 
#1 [internal] load local bake definitions
#1 reading from stdin 1.14kB done
#1 DONE 0.0s

#2 [business-svc internal] load build definition from Dockerfile
#2 transferring dockerfile: 575B done
#2 DONE 0.0s

#3 [auth-svc internal] load build definition from Dockerfile
#3 transferring dockerfile: 557B done
#3 DONE 0.0s

#4 [auth-svc internal] load metadata for docker.io/library/maven:3.9.9-eclipse-temurin-17
#4 ...

#5 [auth] library/maven:pull token for registry-1.docker.io
#5 DONE 0.0s

#6 [auth] library/eclipse-temurin:pull token for registry-1.docker.io
#6 DONE 0.0s

#7 [auth-svc internal] load metadata for docker.io/library/eclipse-temurin:17-jre
#7 ...

#4 [business-svc internal] load metadata for docker.io/library/maven:3.9.9-eclipse-temurin-17
#4 DONE 3.8s

#7 [auth-svc internal] load metadata for docker.io/library/eclipse-temurin:17-jre
#7 DONE 4.7s

#8 [auth-svc internal] load .dockerignore
#8 transferring context: 123B done
#8 DONE 0.0s

#9 [business-svc build 1/7] FROM docker.io/library/maven:3.9.9-eclipse-temurin-17@sha256:f58d59b6273e785ac0a4477f6e9b5ba1d7731c75b906c0f7b34076f1851318cc
#9 resolve docker.io/library/maven:3.9.9-eclipse-temurin-17@sha256:f58d59b6273e785ac0a4477f6e9b5ba1d7731c75b906c0f7b34076f1851318cc done
#9 DONE 0.0s

#10 [auth-svc internal] load build context
#10 transferring context: 73.00kB 0.0s done
#10 DONE 0.0s

#11 [business-svc internal] load build context
#11 transferring context: 156.82kB 0.0s done
#11 DONE 0.0s

#12 [auth-svc build 3/7] COPY pom.xml ./pom.xml
#12 CACHED

#13 [business-svc build 4/7] COPY auth-svc/pom.xml ./auth-svc/pom.xml
#13 CACHED

#14 [business-svc build 5/7] COPY business-svc/pom.xml ./business-svc/pom.xml
#14 DONE 0.0s

#15 [business-svc build 3/7] COPY pom.xml ./pom.xml
#15 CACHED

#16 [business-svc build 4/7] COPY auth-svc/pom.xml ./auth-svc/pom.xml
#16 CACHED

#17 [business-svc build 5/7] COPY business-svc/pom.xml ./business-svc/pom.xml
#17 CACHED

#18 [business-svc build 2/7] WORKDIR /workspace
#18 CACHED

#19 [auth-svc build 6/7] COPY auth-svc/src ./auth-svc/src
#19 DONE 0.0s

#20 [business-svc build 6/7] COPY business-svc/src ./business-svc/src
#20 DONE 0.0s

#21 [business-svc stage-1 1/3] FROM docker.io/library/eclipse-temurin:17-jre@sha256:34d6aaf0fa4ef553c470234ec23c32c7d5c0f370c2bd4b0bf8a16838052d85f0
#21 resolve docker.io/library/eclipse-temurin:17-jre@sha256:34d6aaf0fa4ef553c470234ec23c32c7d5c0f370c2bd4b0bf8a16838052d85f0 done
#21 sha256:b17166ec0918dbf088f2a057b61ef5026213189b1196de002dac16e71a7990d1 0B / 2.46kB 0.2s
#21 sha256:b17166ec0918dbf088f2a057b61ef5026213189b1196de002dac16e71a7990d1 2.46kB / 2.46kB 0.2s done
#21 sha256:3fca08ff0ed2c3edeeb4892a8d7df2a659003073e77b721e3d54d31be91e9efc 157B / 157B 0.3s done
#21 sha256:33890c9be6e0f787c4fed4eeb286ac3a779036da76d248b87f9434c90d48696d 0B / 47.00MB 0.2s
#21 sha256:0af29632bf1c2856d4774dea18db4f19602694c13b448708f2c7b0e2872353bb 0B / 19.94MB 0.2s
#21 sha256:3fca08ff0ed2c3edeeb4892a8d7df2a659003073e77b721e3d54d31be91e9efc 157B / 157B 0.3s done
#21 sha256:0af29632bf1c2856d4774dea18db4f19602694c13b448708f2c7b0e2872353bb 2.10MB / 19.94MB 0.9s
#21 sha256:33890c9be6e0f787c4fed4eeb286ac3a779036da76d248b87f9434c90d48696d 5.24MB / 47.00MB 1.2s
#21 sha256:0af29632bf1c2856d4774dea18db4f19602694c13b448708f2c7b0e2872353bb 8.39MB / 19.94MB 1.1s
#21 sha256:33890c9be6e0f787c4fed4eeb286ac3a779036da76d248b87f9434c90d48696d 11.53MB / 47.00MB 1.4s
#21 sha256:0af29632bf1c2856d4774dea18db4f19602694c13b448708f2c7b0e2872353bb 14.68MB / 19.94MB 1.2s
#21 sha256:33890c9be6e0f787c4fed4eeb286ac3a779036da76d248b87f9434c90d48696d 18.87MB / 47.00MB 1.5s
#21 sha256:0af29632bf1c2856d4774dea18db4f19602694c13b448708f2c7b0e2872353bb 19.94MB / 19.94MB 1.3s done
#21 extracting sha256:0af29632bf1c2856d4774dea18db4f19602694c13b448708f2c7b0e2872353bb
#21 sha256:33890c9be6e0f787c4fed4eeb286ac3a779036da76d248b87f9434c90d48696d 26.21MB / 47.00MB 1.7s
#21 extracting sha256:0af29632bf1c2856d4774dea18db4f19602694c13b448708f2c7b0e2872353bb 0.2s done
#21 sha256:33890c9be6e0f787c4fed4eeb286ac3a779036da76d248b87f9434c90d48696d 32.51MB / 47.00MB 1.8s
#21 sha256:33890c9be6e0f787c4fed4eeb286ac3a779036da76d248b87f9434c90d48696d 40.89MB / 47.00MB 2.0s
#21 sha256:33890c9be6e0f787c4fed4eeb286ac3a779036da76d248b87f9434c90d48696d 47.00MB / 47.00MB 2.1s
#21 sha256:33890c9be6e0f787c4fed4eeb286ac3a779036da76d248b87f9434c90d48696d 47.00MB / 47.00MB 2.1s done
#21 extracting sha256:33890c9be6e0f787c4fed4eeb286ac3a779036da76d248b87f9434c90d48696d
#21 extracting sha256:33890c9be6e0f787c4fed4eeb286ac3a779036da76d248b87f9434c90d48696d 0.4s done
#21 extracting sha256:33890c9be6e0f787c4fed4eeb286ac3a779036da76d248b87f9434c90d48696d 0.4s done
#21 extracting sha256:3fca08ff0ed2c3edeeb4892a8d7df2a659003073e77b721e3d54d31be91e9efc done
#21 extracting sha256:b17166ec0918dbf088f2a057b61ef5026213189b1196de002dac16e71a7990d1 done
#21 DONE 2.5s

#22 [auth-svc stage-1 2/3] WORKDIR /app
#22 DONE 0.1s

#23 [business-svc build 7/7] RUN mvn --batch-mode --no-transfer-progress -pl business-svc -am package -DskipTests
#23 0.789 [INFO] Scanning for projects...
#23 7.743 [INFO] ------------------------------------------------------------------------
#23 7.743 [INFO] Reactor Build Order:
#23 7.743 [INFO] 
#23 7.744 [INFO] Paktay Backend                                                     [pom]
#23 7.744 [INFO] Paktay Business Service                                            [jar]
#23 7.749 [INFO] 
#23 7.749 [INFO] ----------------------< ec.paktay:paktay-backend >----------------------
#23 7.749 [INFO] Building Paktay Backend 0.1.0-SNAPSHOT                             [1/2]
#23 7.750 [INFO]   from pom.xml
#23 7.750 [INFO] --------------------------------[ pom ]---------------------------------
#23 7.751 [INFO] 
#23 7.751 [INFO] -----------------------< ec.paktay:business-svc >-----------------------
#23 7.751 [INFO] Building Paktay Business Service 0.1.0-SNAPSHOT                    [2/2]
#23 7.751 [INFO]   from business-svc/pom.xml
#23 7.751 [INFO] --------------------------------[ jar ]---------------------------------
#23 ...

#24 [auth-svc build 7/7] RUN mvn --batch-mode --no-transfer-progress -pl auth-svc -am package -DskipTests
#24 0.800 [INFO] Scanning for projects...
#24 7.770 [INFO] ------------------------------------------------------------------------
#24 7.770 [INFO] Reactor Build Order:
#24 7.770 [INFO] 
#24 7.770 [INFO] Paktay Backend                                                     [pom]
#24 7.770 [INFO] Paktay Auth Service                                                [jar]
#24 7.774 [INFO] 
#24 7.774 [INFO] ----------------------< ec.paktay:paktay-backend >----------------------
#24 7.774 [INFO] Building Paktay Backend 0.1.0-SNAPSHOT                             [1/2]
#24 7.774 [INFO]   from pom.xml
#24 7.774 [INFO] --------------------------------[ pom ]---------------------------------
#24 7.775 [INFO] 
#24 7.775 [INFO] -------------------------< ec.paktay:auth-svc >-------------------------
#24 7.775 [INFO] Building Paktay Auth Service 0.1.0-SNAPSHOT                        [2/2]
#24 7.775 [INFO]   from auth-svc/pom.xml
#24 7.775 [INFO] --------------------------------[ jar ]---------------------------------
#24 35.51 [INFO] 
#24 35.51 [INFO] --- resources:3.3.1:resources (default-resources) @ auth-svc ---
#24 37.96 [INFO] Copying 1 resource from src/main/resources to target/classes
#24 37.96 [INFO] Copying 2 resources from src/main/resources to target/classes
#24 37.97 [INFO] 
#24 37.97 [INFO] --- compiler:3.13.0:compile (default-compile) @ auth-svc ---
#24 40.63 [INFO] Recompiling the module because of changed source code.
#24 40.63 [INFO] Compiling 40 source files with javac [debug parameters release 17] to target/classes
#24 ...

#23 [business-svc build 7/7] RUN mvn --batch-mode --no-transfer-progress -pl business-svc -am package -DskipTests
#23 41.03 [INFO] 
#23 41.04 [INFO] --- resources:3.3.1:resources (default-resources) @ business-svc ---
#23 43.33 [INFO] Copying 1 resource from src/main/resources to target/classes
#23 43.33 [INFO] Copying 9 resources from src/main/resources to target/classes
#23 43.33 [INFO] 
#23 43.33 [INFO] --- compiler:3.13.0:compile (default-compile) @ business-svc ---
#23 45.87 [INFO] Recompiling the module because of changed source code.
#23 45.88 [INFO] Compiling 109 source files with javac [debug parameters release 17] to target/classes
#23 46.84 [INFO] 
#23 46.84 [INFO] --- resources:3.3.1:testResources (default-testResources) @ business-svc ---
#23 46.84 [INFO] skip non existing resourceDirectory /workspace/business-svc/src/test/resources
#23 46.84 [INFO] 
#23 46.84 [INFO] --- compiler:3.13.0:testCompile (default-testCompile) @ business-svc ---
#23 46.85 [INFO] Recompiling the module because of changed dependency.
#23 46.85 [INFO] Compiling 9 source files with javac [debug parameters release 17] to target/test-classes
#23 47.02 [INFO] 
#23 47.02 [INFO] --- surefire:3.5.3:test (default-test) @ business-svc ---
#23 49.14 [INFO] Tests are skipped.
#23 49.14 [INFO] 
#23 49.14 [INFO] --- jar:3.4.2:jar (default-jar) @ business-svc ---
#23 ...

#24 [auth-svc build 7/7] RUN mvn --batch-mode --no-transfer-progress -pl auth-svc -am package -DskipTests
#24 41.35 [INFO] 
#24 41.35 [INFO] --- resources:3.3.1:testResources (default-testResources) @ auth-svc ---
#24 41.35 [INFO] skip non existing resourceDirectory /workspace/auth-svc/src/test/resources
#24 41.35 [INFO] 
#24 41.35 [INFO] --- compiler:3.13.0:testCompile (default-testCompile) @ auth-svc ---
#24 41.36 [INFO] Recompiling the module because of changed dependency.
#24 41.36 [INFO] Compiling 4 source files with javac [debug parameters release 17] to target/test-classes
#24 41.48 [INFO] 
#24 41.48 [INFO] --- surefire:3.5.3:test (default-test) @ auth-svc ---
#24 43.72 [INFO] Tests are skipped.
#24 43.72 [INFO] 
#24 43.72 [INFO] --- jar:3.4.2:jar (default-jar) @ auth-svc ---
#24 47.14 [INFO] Building jar: /workspace/auth-svc/target/auth-svc-0.1.0-SNAPSHOT.jar
#24 47.16 [INFO] 
#24 47.16 [INFO] --- spring-boot:3.4.5:repackage (repackage) @ auth-svc ---
#24 52.16 [INFO] Replacing main artifact /workspace/auth-svc/target/auth-svc-0.1.0-SNAPSHOT.jar with repackaged archive, adding nested dependencies in BOOT-INF/.
#24 52.16 [INFO] The original artifact has been renamed to /workspace/auth-svc/target/auth-svc-0.1.0-SNAPSHOT.jar.original
#24 52.16 [INFO] ------------------------------------------------------------------------
#24 52.16 [INFO] Reactor Summary for Paktay Backend 0.1.0-SNAPSHOT:
#24 52.16 [INFO] 
#24 52.16 [INFO] Paktay Backend ..................................... SUCCESS [  0.001 s]
#24 52.16 [INFO] Paktay Auth Service ................................ SUCCESS [ 44.384 s]
#24 52.16 [INFO] ------------------------------------------------------------------------
#24 52.16 [INFO] BUILD SUCCESS
#24 52.16 [INFO] ------------------------------------------------------------------------
#24 52.16 [INFO] Total time:  51.372 s
#24 52.16 [INFO] Finished at: 2026-09-26T15:10:25Z
#24 52.16 [INFO] ------------------------------------------------------------------------
#24 DONE 52.2s

#25 [auth-svc stage-1 3/3] COPY --from=build /workspace/auth-svc/target/auth-svc-0.1.0-SNAPSHOT.jar app.jar
#25 DONE 0.0s

#26 [auth-svc] exporting to image
#26 exporting layers
#26 exporting layers 0.5s done
#26 exporting manifest sha256:c9d000e5978cca3023c73d7bf04f2e162a9633829a337dc7a91764082dedc82f done
#26 exporting config sha256:5a8920a44cffbba4b7ade5653a339e7f3a23ef1e8290787d65c782a6df905a26 done
#26 exporting attestation manifest sha256:11dc76dc6ae2c300293bb5591f68a931ee5f9d6fcc314034520c3bff7e629118 done
#26 exporting manifest list sha256:77df2f33feb95d47629f9263d260d9b327034f2347325c5549714e3a4c36fa9f done
#26 naming to docker.io/library/paktay-local-auth-svc:latest done
#26 unpacking to docker.io/library/paktay-local-auth-svc:latest 0.1s done
#26 DONE 0.7s

#27 [auth-svc] resolving provenance for metadata file
#27 DONE 0.0s

#23 [business-svc build 7/7] RUN mvn --batch-mode --no-transfer-progress -pl business-svc -am package -DskipTests
#23 52.23 [INFO] Building jar: /workspace/business-svc/target/business-svc-0.1.0-SNAPSHOT.jar
#23 52.25 [INFO] 
#23 52.25 [INFO] --- spring-boot:3.4.5:repackage (repackage) @ business-svc ---
#23 57.12 [INFO] Replacing main artifact /workspace/business-svc/target/business-svc-0.1.0-SNAPSHOT.jar with repackaged archive, adding nested dependencies in BOOT-INF/.
#23 57.12 [INFO] The original artifact has been renamed to /workspace/business-svc/target/business-svc-0.1.0-SNAPSHOT.jar.original
#23 57.12 [INFO] ------------------------------------------------------------------------
#23 57.12 [INFO] Reactor Summary for Paktay Backend 0.1.0-SNAPSHOT:
#23 57.12 [INFO] 
#23 57.12 [INFO] Paktay Backend ..................................... SUCCESS [  0.001 s]
#23 57.12 [INFO] Paktay Business Service ............................ SUCCESS [ 49.370 s]
#23 57.12 [INFO] ------------------------------------------------------------------------
#23 57.12 [INFO] BUILD SUCCESS
#23 57.12 [INFO] ------------------------------------------------------------------------
#23 57.12 [INFO] Total time:  56.340 s
#23 57.12 [INFO] Finished at: 2026-09-26T15:10:30Z
#23 57.12 [INFO] ------------------------------------------------------------------------
#23 DONE 57.2s

#28 [business-svc stage-1 3/3] COPY --from=build /workspace/business-svc/target/business-svc-0.1.0-SNAPSHOT.jar app.jar
#28 DONE 0.0s

#29 [business-svc] exporting to image
#29 exporting layers 0.6s done
#29 exporting manifest sha256:1ad5ccbf9f4328381d8bfdd18155f20efe578d976e6f00eb613f310e993e01c9 done
#29 exporting config sha256:23d2648a0eaf8e942b6d076e6faaebb23acf226616a99d6e610835206155ab29 done
#29 exporting attestation manifest sha256:9afc2cb23f0520ae0586e45d2976e07736014e7d594c143c89019d366e2af05b done
#29 exporting manifest list sha256:3015a465eda844105d139889d94aaf02ec08d01adc2e643562e43ed8c6198294 done
#29 naming to docker.io/library/paktay-local-business-svc:latest done
#29 unpacking to docker.io/library/paktay-local-business-svc:latest 0.1s done
#29 DONE 0.8s

#30 [business-svc] resolving provenance for metadata file
#30 DONE 0.0s
 Image paktay-local-auth-svc Built 
 Image paktay-local-business-svc Built 
 Volume packtay_backend_develop_business-data Creating 
 Volume packtay_backend_develop_business-data Created 
time="2026-09-26T10:10:31-05:00" level=warning msg="Found orphan containers (paktay-local-keycloak-db-1, paktay-local-mailpit-1) for this project. If you removed or renamed this service in your compose file, you can run this command with the --remove-orphans flag to clean it up."
 Container paktay-local-business-db-1 Recreate 
 Container paktay-local-business-db-1 Recreated 
 Container paktay-local-auth-svc-1 Recreate 
 Container paktay-local-business-svc-1 Recreate 
 Container paktay-local-auth-svc-1 Recreated 
 Container paktay-local-business-svc-1 Recreated 
 Container paktay-local-business-db-1 Starting 
 Container paktay-local-business-db-1 Started 
 Container paktay-local-business-db-1 Waiting 
 Container paktay-local-business-db-1 Waiting 
 Container paktay-local-business-db-1 Healthy 
 Container paktay-local-auth-svc-1 Starting 
 Container paktay-local-business-db-1 Healthy 
 Container paktay-local-business-svc-1 Starting 
 Container paktay-local-auth-svc-1 Started 
 Container paktay-local-business-svc-1 Started 
up=0
