 Image paktay-fresh-business-svc Building 
#1 [internal] load local bake definitions
#1 reading from stdin 625B done
#1 DONE 0.0s

#2 [internal] load build definition from Dockerfile
#2 transferring dockerfile: 575B done
#2 DONE 0.0s

#3 [internal] load metadata for docker.io/library/maven:3.9.9-eclipse-temurin-17
#3 ...

#4 [auth] library/maven:pull token for registry-1.docker.io
#4 DONE 0.0s

#5 [auth] library/eclipse-temurin:pull token for registry-1.docker.io
#5 DONE 0.0s

#6 [internal] load metadata for docker.io/library/eclipse-temurin:17-jre
#6 DONE 1.0s

#3 [internal] load metadata for docker.io/library/maven:3.9.9-eclipse-temurin-17
#3 DONE 1.0s

#7 [internal] load .dockerignore
#7 transferring context: 123B done
#7 DONE 0.0s

#8 [stage-1 1/3] FROM docker.io/library/eclipse-temurin:17-jre@sha256:34d6aaf0fa4ef553c470234ec23c32c7d5c0f370c2bd4b0bf8a16838052d85f0
#8 resolve docker.io/library/eclipse-temurin:17-jre@sha256:34d6aaf0fa4ef553c470234ec23c32c7d5c0f370c2bd4b0bf8a16838052d85f0 done
#8 DONE 0.0s

#9 [build 1/7] FROM docker.io/library/maven:3.9.9-eclipse-temurin-17@sha256:f58d59b6273e785ac0a4477f6e9b5ba1d7731c75b906c0f7b34076f1851318cc
#9 resolve docker.io/library/maven:3.9.9-eclipse-temurin-17@sha256:f58d59b6273e785ac0a4477f6e9b5ba1d7731c75b906c0f7b34076f1851318cc done
#9 DONE 0.0s

#10 [internal] load build context
#10 transferring context: 13.83kB 0.0s done
#10 DONE 0.0s

#11 [build 7/7] RUN mvn --batch-mode --no-transfer-progress -pl business-svc -am package -DskipTests
#11 CACHED

#12 [build 5/7] COPY business-svc/pom.xml ./business-svc/pom.xml
#12 CACHED

#13 [build 3/7] COPY pom.xml ./pom.xml
#13 CACHED

#14 [build 2/7] WORKDIR /workspace
#14 CACHED

#15 [build 6/7] COPY business-svc/src ./business-svc/src
#15 CACHED

#16 [stage-1 2/3] WORKDIR /app
#16 CACHED

#17 [build 4/7] COPY auth-svc/pom.xml ./auth-svc/pom.xml
#17 CACHED

#18 [stage-1 3/3] COPY --from=build /workspace/business-svc/target/business-svc-0.1.0-SNAPSHOT.jar app.jar
#18 CACHED

#19 exporting to image
#19 exporting layers done
#19 exporting manifest sha256:87011e21eec76ae8e6b0ffa37b52d9aa039d27cad7823c7ef506d5a962d651fd done
#19 exporting config sha256:ffeeda151777ec026d9dc6b25c8a6f549d34b25addaa7d063d1194c764b8252a done
#19 exporting attestation manifest sha256:4df2997d0eead4e5bfde485ad14eb5465d842708dd81c36afa1d147b43774825 done
#19 exporting manifest list sha256:9fad560b787af8c7e12353ee1031868e55f0459a4ba5543a4fba05b068badf26 done
#19 naming to docker.io/library/paktay-fresh-business-svc:latest done
#19 unpacking to docker.io/library/paktay-fresh-business-svc:latest done
#19 DONE 0.0s

#20 resolving provenance for metadata file
#20 DONE 0.0s
 Image paktay-fresh-business-svc Built 
 Network paktay-fresh_default Creating 
 Network paktay-fresh_default Created 
 Volume paktay-fresh_business-data Creating 
 Volume paktay-fresh_business-data Created 
 Container paktay-fresh-business-db-1 Creating 
 Container paktay-fresh-business-db-1 Created 
 Container paktay-fresh-business-svc-1 Creating 
 Container paktay-fresh-business-svc-1 Created 
 Container paktay-fresh-business-db-1 Starting 
 Container paktay-fresh-business-db-1 Started 
 Container paktay-fresh-business-db-1 Waiting 
 Container paktay-fresh-business-db-1 Healthy 
 Container paktay-fresh-business-svc-1 Starting 
 Container paktay-fresh-business-svc-1 Started 
up=0
