 Image paktay-local-auth-svc Building 
 Image paktay-local-business-svc Building 
#1 [internal] load local bake definitions
#1 reading from stdin 1.14kB done
#1 DONE 0.0s

#2 [auth-svc internal] load build definition from Dockerfile
#2 transferring dockerfile: 557B done
#2 DONE 0.0s

#3 [business-svc internal] load build definition from Dockerfile
#3 transferring dockerfile: 575B done
#3 DONE 0.0s

#4 [auth-svc internal] load metadata for docker.io/library/maven:3.9.9-eclipse-temurin-17
#4 ...

#5 [auth] library/eclipse-temurin:pull token for registry-1.docker.io
#5 DONE 0.0s

#6 [auth] library/maven:pull token for registry-1.docker.io
#6 DONE 0.0s

#7 [business-svc internal] load metadata for docker.io/library/eclipse-temurin:17-jre
#7 DONE 1.3s

#4 [auth-svc internal] load metadata for docker.io/library/maven:3.9.9-eclipse-temurin-17
#4 DONE 1.3s

#8 [business-svc internal] load .dockerignore
#8 transferring context: 2B done
#8 DONE 0.0s

#9 [auth-svc stage-1 1/3] FROM docker.io/library/eclipse-temurin:17-jre@sha256:bd25c61779663bc2df8ced059f1cc114fafc073afe16125c13fcc3a37fecd845
#9 resolve docker.io/library/eclipse-temurin:17-jre@sha256:bd25c61779663bc2df8ced059f1cc114fafc073afe16125c13fcc3a37fecd845 0.0s done
#9 DONE 0.0s

#10 [auth-svc build 1/7] FROM docker.io/library/maven:3.9.9-eclipse-temurin-17@sha256:f58d59b6273e785ac0a4477f6e9b5ba1d7731c75b906c0f7b34076f1851318cc
#10 resolve docker.io/library/maven:3.9.9-eclipse-temurin-17@sha256:f58d59b6273e785ac0a4477f6e9b5ba1d7731c75b906c0f7b34076f1851318cc done
#10 DONE 0.0s

#11 [auth-svc internal] load build context
#11 transferring context: 66.09kB done
#11 DONE 0.0s

#12 [business-svc internal] load build context
#12 transferring context: 382.07kB 0.0s done
#12 DONE 0.0s

#13 [business-svc build 3/7] COPY pom.xml ./pom.xml
#13 CACHED

#14 [business-svc build 4/7] COPY auth-svc/pom.xml ./auth-svc/pom.xml
#14 CACHED

#15 [auth-svc build 5/7] COPY business-svc/pom.xml ./business-svc/pom.xml
#15 CACHED

#16 [auth-svc build 4/7] COPY auth-svc/pom.xml ./auth-svc/pom.xml
#16 CACHED

#17 [auth-svc build 7/7] RUN mvn --batch-mode --no-transfer-progress -pl auth-svc -am package -DskipTests
#17 CACHED

#18 [auth-svc build 6/7] COPY auth-svc/src ./auth-svc/src
#18 CACHED

#19 [auth-svc stage-1 2/3] WORKDIR /app
#19 CACHED

#20 [auth-svc build 3/7] COPY pom.xml ./pom.xml
#20 CACHED

#21 [auth-svc build 2/7] WORKDIR /workspace
#21 CACHED

#22 [auth-svc build 5/7] COPY business-svc/pom.xml ./business-svc/pom.xml
#22 CACHED

#23 [auth-svc stage-1 3/3] COPY --from=build /workspace/auth-svc/target/auth-svc-0.1.0-SNAPSHOT.jar app.jar
#23 CACHED

#24 [business-svc build 6/7] COPY business-svc/src ./business-svc/src
#24 DONE 0.0s

#25 [auth-svc] exporting to image
#25 exporting layers done
#25 exporting manifest sha256:85db08f485757ce197be5b2bab86e92e3f9b2c693c210ed56983a754bc37180e done
#25 exporting config sha256:41125ffb2d617ca2f33ec2df341dc94bc9ff31abe9698896eee631ffb5aad510 done
#25 exporting attestation manifest sha256:f0be7a336b50a82d72cc654065edf0cdc9fd70d0bc01632f8a67c7309087b442 done
#25 exporting manifest list sha256:d342f861d08c90ee2edce64e3d7941418b89de67001672c582e17606ddf24a7e done
#25 naming to docker.io/library/paktay-local-auth-svc:latest done
#25 unpacking to docker.io/library/paktay-local-auth-svc:latest done
#25 DONE 0.0s

#26 [auth-svc] resolving provenance for metadata file
#26 DONE 0.0s

#27 [business-svc build 7/7] RUN mvn --batch-mode --no-transfer-progress -pl business-svc -am package -DskipTests
#27 0.575 [INFO] Scanning for projects...
#27 7.533 [INFO] ------------------------------------------------------------------------
#27 7.534 [INFO] Reactor Build Order:
#27 7.534 [INFO] 
#27 7.534 [INFO] Paktay Backend                                                     [pom]
#27 7.534 [INFO] Paktay Business Service                                            [jar]
#27 7.538 [INFO] 
#27 7.538 [INFO] ----------------------< ec.paktay:paktay-backend >----------------------
#27 7.538 [INFO] Building Paktay Backend 0.1.0-SNAPSHOT                             [1/2]
#27 7.538 [INFO]   from pom.xml
#27 7.538 [INFO] --------------------------------[ pom ]---------------------------------
#27 7.540 [INFO] 
#27 7.540 [INFO] -----------------------< ec.paktay:business-svc >-----------------------
#27 7.540 [INFO] Building Paktay Business Service 0.1.0-SNAPSHOT                    [2/2]
#27 7.540 [INFO]   from business-svc/pom.xml
#27 7.540 [INFO] --------------------------------[ jar ]---------------------------------
#27 33.19 [INFO] 
#27 33.19 [INFO] --- resources:3.3.1:resources (default-resources) @ business-svc ---
#27 35.57 [INFO] Copying 1 resource from src/main/resources to target/classes
#27 35.58 [INFO] Copying 5 resources from src/main/resources to target/classes
#27 35.58 [INFO] 
#27 35.58 [INFO] --- compiler:3.13.0:compile (default-compile) @ business-svc ---
#27 38.08 [INFO] Recompiling the module because of changed source code.
#27 38.09 [INFO] Compiling 64 source files with javac [debug parameters release 17] to target/classes
#27 38.85 [INFO] 
#27 38.85 [INFO] --- resources:3.3.1:testResources (default-testResources) @ business-svc ---
#27 38.85 [INFO] skip non existing resourceDirectory /workspace/business-svc/src/test/resources
#27 38.85 [INFO] 
#27 38.85 [INFO] --- compiler:3.13.0:testCompile (default-testCompile) @ business-svc ---
#27 38.85 [INFO] Recompiling the module because of changed dependency.
#27 38.85 [INFO] Compiling 3 source files with javac [debug parameters release 17] to target/test-classes
#27 38.97 [INFO] 
#27 38.97 [INFO] --- surefire:3.5.3:test (default-test) @ business-svc ---
#27 41.27 [INFO] Tests are skipped.
#27 41.27 [INFO] 
#27 41.27 [INFO] --- jar:3.4.2:jar (default-jar) @ business-svc ---
#27 44.32 [INFO] Building jar: /workspace/business-svc/target/business-svc-0.1.0-SNAPSHOT.jar
#27 44.34 [INFO] 
#27 44.34 [INFO] --- spring-boot:3.4.5:repackage (repackage) @ business-svc ---
#27 49.08 [INFO] Replacing main artifact /workspace/business-svc/target/business-svc-0.1.0-SNAPSHOT.jar with repackaged archive, adding nested dependencies in BOOT-INF/.
#27 49.08 [INFO] The original artifact has been renamed to /workspace/business-svc/target/business-svc-0.1.0-SNAPSHOT.jar.original
#27 49.08 [INFO] ------------------------------------------------------------------------
#27 49.08 [INFO] Reactor Summary for Paktay Backend 0.1.0-SNAPSHOT:
#27 49.08 [INFO] 
#27 49.08 [INFO] Paktay Backend ..................................... SUCCESS [  0.001 s]
#27 49.08 [INFO] Paktay Business Service ............................ SUCCESS [ 41.544 s]
#27 49.08 [INFO] ------------------------------------------------------------------------
#27 49.08 [INFO] BUILD SUCCESS
#27 49.08 [INFO] ------------------------------------------------------------------------
#27 49.08 [INFO] Total time:  48.518 s
#27 49.08 [INFO] Finished at: 2026-09-24T19:16:48Z
#27 49.08 [INFO] ------------------------------------------------------------------------
#27 DONE 49.1s

#19 [business-svc stage-1 2/3] WORKDIR /app
#19 CACHED

#28 [business-svc stage-1 3/3] COPY --from=build /workspace/business-svc/target/business-svc-0.1.0-SNAPSHOT.jar app.jar
#28 DONE 0.0s

#29 [business-svc] exporting to image
#29 exporting layers
#29 exporting layers 0.5s done
#29 exporting manifest sha256:50bd307513569d887b2aa003d43e916b39d74897931fbda1e8cca17ecae110e3 done
#29 exporting config sha256:88dc32e8878e935c76032d2ebf0ae447e8dc63d4e0b72daf334bbd3a4cb6c45f done
#29 exporting attestation manifest sha256:86e05ab18968fdc04ff42017a090a2c5c1705b596ca03d45658650332fffb542 done
#29 exporting manifest list sha256:a7903d18a72b55052db8ac60f9e18e28f49491316d1828eafd24c3b89c06cce2 done
#29 naming to docker.io/library/paktay-local-business-svc:latest done
#29 unpacking to docker.io/library/paktay-local-business-svc:latest 0.1s done
#29 DONE 0.7s

#30 [business-svc] resolving provenance for metadata file
#30 DONE 0.0s
 Image paktay-local-business-svc Built 
 Image paktay-local-auth-svc Built 
time="2026-09-24T14:16:49-05:00" level=warning msg="Found orphan containers (paktay-local-keycloak-db-1, paktay-local-mailpit-1) for this project. If you removed or renamed this service in your compose file, you can run this command with the --remove-orphans flag to clean it up."
 Container paktay-local-business-db-1 Running 
 Container paktay-local-auth-svc-1 Recreate 
 Container paktay-local-business-svc-1 Recreate 
 Container paktay-local-auth-svc-1 Recreated 
 Container paktay-local-business-svc-1 Recreated 
 Container paktay-local-keycloak-init-1 Starting 
 Container paktay-local-keycloak-init-1 Started 
 Container paktay-local-keycloak-init-1 Waiting 
 Container paktay-local-business-db-1 Waiting 
 Container paktay-local-keycloak-init-1 Waiting 
 Container paktay-local-business-db-1 Waiting 
 Container paktay-local-business-db-1 Healthy 
 Container paktay-local-business-db-1 Healthy 
 Container paktay-local-keycloak-init-1 Exited 
 Container paktay-local-auth-svc-1 Starting 
 Container paktay-local-keycloak-init-1 Exited 
 Container paktay-local-business-svc-1 Starting 
 Container paktay-local-business-svc-1 Started 
 Container paktay-local-auth-svc-1 Started 
up=0
