 Image paktay-local-auth-svc Building 
#1 [internal] load local bake definitions
#1 reading from stdin 605B done
#1 DONE 0.0s

#2 [internal] load build definition from Dockerfile
#2 transferring dockerfile: 557B done
#2 DONE 0.0s

#3 [internal] load metadata for docker.io/library/maven:3.9.9-eclipse-temurin-17
#3 ...

#4 [auth] library/eclipse-temurin:pull token for registry-1.docker.io
#4 DONE 0.0s

#5 [auth] library/maven:pull token for registry-1.docker.io
#5 DONE 0.0s

#6 [internal] load metadata for docker.io/library/eclipse-temurin:17-jre
#6 DONE 1.2s

#3 [internal] load metadata for docker.io/library/maven:3.9.9-eclipse-temurin-17
#3 DONE 1.2s

#7 [internal] load .dockerignore
#7 transferring context: 2B done
#7 DONE 0.0s

#8 [stage-1 1/3] FROM docker.io/library/eclipse-temurin:17-jre@sha256:bd25c61779663bc2df8ced059f1cc114fafc073afe16125c13fcc3a37fecd845
#8 resolve docker.io/library/eclipse-temurin:17-jre@sha256:bd25c61779663bc2df8ced059f1cc114fafc073afe16125c13fcc3a37fecd845 done
#8 DONE 0.0s

#9 [build 1/7] FROM docker.io/library/maven:3.9.9-eclipse-temurin-17@sha256:f58d59b6273e785ac0a4477f6e9b5ba1d7731c75b906c0f7b34076f1851318cc
#9 resolve docker.io/library/maven:3.9.9-eclipse-temurin-17@sha256:f58d59b6273e785ac0a4477f6e9b5ba1d7731c75b906c0f7b34076f1851318cc done
#9 DONE 0.0s

#10 [internal] load build context
#10 transferring context: 13.93kB done
#10 DONE 0.0s

#11 [build 2/7] WORKDIR /workspace
#11 CACHED

#12 [build 4/7] COPY auth-svc/pom.xml ./auth-svc/pom.xml
#12 CACHED

#13 [build 3/7] COPY pom.xml ./pom.xml
#13 CACHED

#14 [build 5/7] COPY business-svc/pom.xml ./business-svc/pom.xml
#14 CACHED

#15 [build 6/7] COPY auth-svc/src ./auth-svc/src
#15 DONE 0.0s

#16 [build 7/7] RUN mvn --batch-mode --no-transfer-progress -pl auth-svc -am package -DskipTests
#16 0.634 [INFO] Scanning for projects...
#16 8.491 [INFO] ------------------------------------------------------------------------
#16 8.491 [INFO] Reactor Build Order:
#16 8.491 [INFO] 
#16 8.491 [INFO] Paktay Backend                                                     [pom]
#16 8.491 [INFO] Paktay Auth Service                                                [jar]
#16 8.495 [INFO] 
#16 8.495 [INFO] ----------------------< ec.paktay:paktay-backend >----------------------
#16 8.495 [INFO] Building Paktay Backend 0.1.0-SNAPSHOT                             [1/2]
#16 8.495 [INFO]   from pom.xml
#16 8.495 [INFO] --------------------------------[ pom ]---------------------------------
#16 8.496 [INFO] 
#16 8.496 [INFO] -------------------------< ec.paktay:auth-svc >-------------------------
#16 8.496 [INFO] Building Paktay Auth Service 0.1.0-SNAPSHOT                        [2/2]
#16 8.496 [INFO]   from auth-svc/pom.xml
#16 8.496 [INFO] --------------------------------[ jar ]---------------------------------
#16 38.93 [INFO] 
#16 38.93 [INFO] --- resources:3.3.1:resources (default-resources) @ auth-svc ---
#16 41.57 [INFO] Copying 1 resource from src/main/resources to target/classes
#16 41.58 [INFO] Copying 2 resources from src/main/resources to target/classes
#16 41.58 [INFO] 
#16 41.58 [INFO] --- compiler:3.13.0:compile (default-compile) @ auth-svc ---
#16 44.61 [INFO] Recompiling the module because of changed source code.
#16 44.61 [INFO] Compiling 26 source files with javac [debug parameters release 17] to target/classes
#16 45.19 [INFO] 
#16 45.19 [INFO] --- resources:3.3.1:testResources (default-testResources) @ auth-svc ---
#16 45.19 [INFO] skip non existing resourceDirectory /workspace/auth-svc/src/test/resources
#16 45.19 [INFO] 
#16 45.19 [INFO] --- compiler:3.13.0:testCompile (default-testCompile) @ auth-svc ---
#16 45.19 [INFO] Recompiling the module because of changed dependency.
#16 45.19 [INFO] Compiling 3 source files with javac [debug parameters release 17] to target/test-classes
#16 45.34 [INFO] 
#16 45.34 [INFO] --- surefire:3.5.3:test (default-test) @ auth-svc ---
#16 48.22 [INFO] Tests are skipped.
#16 48.22 [INFO] 
#16 48.22 [INFO] --- jar:3.4.2:jar (default-jar) @ auth-svc ---
#16 51.57 [INFO] Building jar: /workspace/auth-svc/target/auth-svc-0.1.0-SNAPSHOT.jar
#16 51.60 [INFO] 
#16 51.60 [INFO] --- spring-boot:3.4.5:repackage (repackage) @ auth-svc ---
#16 56.80 [INFO] Replacing main artifact /workspace/auth-svc/target/auth-svc-0.1.0-SNAPSHOT.jar with repackaged archive, adding nested dependencies in BOOT-INF/.
#16 56.80 [INFO] The original artifact has been renamed to /workspace/auth-svc/target/auth-svc-0.1.0-SNAPSHOT.jar.original
#16 56.80 [INFO] ------------------------------------------------------------------------
#16 56.80 [INFO] Reactor Summary for Paktay Backend 0.1.0-SNAPSHOT:
#16 56.80 [INFO] 
#16 56.80 [INFO] Paktay Backend ..................................... SUCCESS [  0.001 s]
#16 56.80 [INFO] Paktay Auth Service ................................ SUCCESS [ 48.300 s]
#16 56.80 [INFO] ------------------------------------------------------------------------
#16 56.80 [INFO] BUILD SUCCESS
#16 56.80 [INFO] ------------------------------------------------------------------------
#16 56.80 [INFO] Total time:  56.173 s
#16 56.80 [INFO] Finished at: 2026-09-23T18:26:46Z
#16 56.80 [INFO] ------------------------------------------------------------------------
#16 DONE 56.9s

#17 [stage-1 2/3] WORKDIR /app
#17 CACHED

#18 [stage-1 3/3] COPY --from=build /workspace/auth-svc/target/auth-svc-0.1.0-SNAPSHOT.jar app.jar
#18 DONE 0.0s

#19 exporting to image
#19 exporting layers
#19 exporting layers 0.5s done
#19 exporting manifest sha256:85db08f485757ce197be5b2bab86e92e3f9b2c693c210ed56983a754bc37180e done
#19 exporting config sha256:41125ffb2d617ca2f33ec2df341dc94bc9ff31abe9698896eee631ffb5aad510 done
#19 exporting attestation manifest sha256:55b36138417c49ce4a0b1dbc45782284f3ede4246541e97d6be11432ee414161 done
#19 exporting manifest list sha256:2c737a0a9b46c1fbd8c65c4f250c6fb8cd08a594f9983d131ec5bf0c7af92c59 done
#19 naming to docker.io/library/paktay-local-auth-svc:latest done
#19 unpacking to docker.io/library/paktay-local-auth-svc:latest 0.1s done
#19 DONE 0.7s

#20 resolving provenance for metadata file
#20 DONE 0.0s
 Image paktay-local-auth-svc Built 
time="2026-09-23T13:26:47-05:00" level=warning msg="Found orphan containers (paktay-local-keycloak-db-1, paktay-local-mailpit-1) for this project. If you removed or renamed this service in your compose file, you can run this command with the --remove-orphans flag to clean it up."
 Container paktay-local-business-db-1 Running 
 Container paktay-local-auth-svc-1 Recreate 
 Container paktay-local-auth-svc-1 Recreated 
 Container paktay-local-keycloak-init-1 Starting 
 Container paktay-local-keycloak-init-1 Started 
 Container paktay-local-keycloak-init-1 Waiting 
 Container paktay-local-business-db-1 Waiting 
 Container paktay-local-business-db-1 Healthy 
 Container paktay-local-keycloak-init-1 Exited 
 Container paktay-local-auth-svc-1 Starting 
 Container paktay-local-auth-svc-1 Started 
