 Container paktay-fresh-business-svc-1 Stopping 
 Container paktay-fresh-auth-svc-1 Stopping 
 Container paktay-fresh-business-svc-1 Stopped 
 Container paktay-fresh-business-svc-1 Removing 
 Container paktay-fresh-business-svc-1 Removed 
 Container paktay-fresh-auth-svc-1 Stopped 
 Container paktay-fresh-auth-svc-1 Removing 
 Container paktay-fresh-auth-svc-1 Removed 
 Container paktay-fresh-business-db-1 Stopping 
 Container paktay-fresh-keycloak-init-1 Stopping 
 Container paktay-fresh-keycloak-init-1 Stopped 
 Container paktay-fresh-keycloak-init-1 Removing 
 Container paktay-fresh-keycloak-init-1 Removed 
 Container paktay-fresh-business-db-1 Stopped 
 Container paktay-fresh-business-db-1 Removing 
 Container paktay-fresh-business-db-1 Removed 
 Network paktay-fresh_default Removing 
 Volume paktay-fresh_business-data Removing 
 Volume paktay-fresh_business-data Removed 
 Network paktay-fresh_default Removed 
