 Image paktay-fresh-business-svc Building 
 Image paktay-fresh-auth-svc Building 
#1 [internal] load local bake definitions
#1 reading from stdin 1.14kB done
#1 DONE 0.0s

#2 [business-svc internal] load build definition from Dockerfile
#2 DONE 0.0s

#2 [business-svc internal] load build definition from Dockerfile
#2 transferring dockerfile: 575B done
#2 DONE 0.0s

#3 [auth-svc internal] load build definition from Dockerfile
#3 transferring dockerfile: 557B done
#3 DONE 0.0s

#4 [business-svc internal] load metadata for docker.io/library/maven:3.9.9-eclipse-temurin-17
#4 DONE 0.6s

#5 [business-svc internal] load metadata for docker.io/library/eclipse-temurin:17-jre
#5 DONE 0.6s

#6 [business-svc internal] load .dockerignore
#6 transferring context: 2B done
#6 DONE 0.0s

#7 [business-svc build 1/7] FROM docker.io/library/maven:3.9.9-eclipse-temurin-17@sha256:f58d59b6273e785ac0a4477f6e9b5ba1d7731c75b906c0f7b34076f1851318cc
#7 resolve docker.io/library/maven:3.9.9-eclipse-temurin-17@sha256:f58d59b6273e785ac0a4477f6e9b5ba1d7731c75b906c0f7b34076f1851318cc 0.0s done
#7 DONE 0.0s

#8 [business-svc stage-1 1/3] FROM docker.io/library/eclipse-temurin:17-jre@sha256:bd25c61779663bc2df8ced059f1cc114fafc073afe16125c13fcc3a37fecd845
#8 resolve docker.io/library/eclipse-temurin:17-jre@sha256:bd25c61779663bc2df8ced059f1cc114fafc073afe16125c13fcc3a37fecd845 0.0s done
#8 DONE 0.0s

#9 [auth-svc internal] load build context
#9 transferring context: 64.33kB done
#9 DONE 0.0s

#10 [business-svc internal] load build context
#10 transferring context: 236.87kB 0.0s done
#10 DONE 0.0s

#11 [auth-svc build 3/7] COPY pom.xml ./pom.xml
#11 CACHED

#12 [auth-svc build 7/7] RUN mvn --batch-mode --no-transfer-progress -pl auth-svc -am package -DskipTests
#12 CACHED

#13 [auth-svc build 5/7] COPY business-svc/pom.xml ./business-svc/pom.xml
#13 CACHED

#14 [auth-svc build 6/7] COPY auth-svc/src ./auth-svc/src
#14 CACHED

#15 [auth-svc build 4/7] COPY auth-svc/pom.xml ./auth-svc/pom.xml
#15 CACHED

#16 [auth-svc stage-1 3/3] COPY --from=build /workspace/auth-svc/target/auth-svc-0.1.0-SNAPSHOT.jar app.jar
#16 CACHED

#17 [business-svc build 4/7] COPY auth-svc/pom.xml ./auth-svc/pom.xml
#17 CACHED

#18 [business-svc build 5/7] COPY business-svc/pom.xml ./business-svc/pom.xml
#18 CACHED

#19 [business-svc build 7/7] RUN mvn --batch-mode --no-transfer-progress -pl business-svc -am package -DskipTests
#19 CACHED

#20 [business-svc build 2/7] WORKDIR /workspace
#20 CACHED

#21 [business-svc build 3/7] COPY pom.xml ./pom.xml
#21 CACHED

#22 [business-svc stage-1 2/3] WORKDIR /app
#22 CACHED

#23 [business-svc build 6/7] COPY business-svc/src ./business-svc/src
#23 CACHED

#24 [business-svc stage-1 3/3] COPY --from=build /workspace/business-svc/target/business-svc-0.1.0-SNAPSHOT.jar app.jar
#24 CACHED

#25 [auth-svc] exporting to image
#25 exporting layers done
#25 exporting manifest sha256:298fb61ad9ccc72d38495e52a4acc11ab52c95e53c0a6851d5e898d8c010c500 done
#25 exporting config sha256:7e5b84c40e78473bbf73d570c4c64a053997777a9a188f90bbe376928851e87e done
#25 exporting attestation manifest sha256:837f5a209966539925c647c0838be642ce261784c2bcf6d5f6db1f050cd066ec done
#25 exporting manifest list sha256:9d01fa47567e8c76d7d3686c8da64cfe6796a76910a2cec439f275c13091a162 done
#25 naming to docker.io/library/paktay-fresh-auth-svc:latest done
#25 unpacking to docker.io/library/paktay-fresh-auth-svc:latest done
#25 DONE 0.0s

#26 [business-svc] exporting to image
#26 exporting layers done
#26 exporting manifest sha256:b842b0d11bc2178badf5e08c2457180df1923ec2c96ad9828341d57377134764 done
#26 exporting config sha256:2ce184d14fb7809f83c7735b5f9882156a9611d1beed027f38e8c2532f1b7e44 done
#26 exporting attestation manifest sha256:4e7f8c7a39bd0f09eca527842cb10a5149fe05283cbc011c75f4b0fa6d781d17 done
#26 exporting manifest list sha256:3ee7cd3edd329a57f026a5acc3f495f90996ef955152e769000ffb619ab8fdb7 done
#26 naming to docker.io/library/paktay-fresh-business-svc:latest done
#26 unpacking to docker.io/library/paktay-fresh-business-svc:latest done
#26 DONE 0.0s

#27 [auth-svc] resolving provenance for metadata file
#27 DONE 0.0s

#28 [business-svc] resolving provenance for metadata file
#28 DONE 0.0s
 Image paktay-fresh-auth-svc Built 
 Image paktay-fresh-business-svc Built 
 Network paktay-fresh_default Creating 
 Network paktay-fresh_default Created 
 Volume paktay-fresh_business-data Creating 
 Volume paktay-fresh_business-data Created 
 Volume paktay-fresh_keycloak-local-data Creating 
 Volume paktay-fresh_keycloak-local-data Created 
 Container paktay-fresh-business-db-1 Creating 
 Container paktay-fresh-keycloak-db-1 Creating 
 Container paktay-fresh-mailpit-1 Creating 
 Container paktay-fresh-mailpit-1 Created 
 Container paktay-fresh-business-db-1 Created 
 Container paktay-fresh-keycloak-db-1 Created 
 Container paktay-fresh-keycloak-1 Creating 
 Container paktay-fresh-keycloak-1 Created 
 Container paktay-fresh-keycloak-init-1 Creating 
 Container paktay-fresh-keycloak-init-1 Created 
 Container paktay-fresh-auth-svc-1 Creating 
 Container paktay-fresh-business-svc-1 Creating 
 Container paktay-fresh-auth-svc-1 Created 
 Container paktay-fresh-business-svc-1 Created 
 Container paktay-fresh-keycloak-db-1 Starting 
 Container paktay-fresh-business-db-1 Starting 
 Container paktay-fresh-mailpit-1 Starting 
 Container paktay-fresh-mailpit-1 Started 
 Container paktay-fresh-business-db-1 Started 
 Container paktay-fresh-keycloak-db-1 Started 
 Container paktay-fresh-keycloak-db-1 Waiting 
 Container paktay-fresh-keycloak-db-1 Healthy 
 Container paktay-fresh-keycloak-1 Starting 
 Container paktay-fresh-keycloak-1 Started 
 Container paktay-fresh-keycloak-1 Waiting 
 Container paktay-fresh-keycloak-1 Healthy 
 Container paktay-fresh-keycloak-init-1 Starting 
 Container paktay-fresh-keycloak-init-1 Started 
 Container paktay-fresh-business-db-1 Waiting 
 Container paktay-fresh-keycloak-init-1 Waiting 
 Container paktay-fresh-business-db-1 Waiting 
 Container paktay-fresh-keycloak-init-1 Waiting 
 Container paktay-fresh-business-db-1 Healthy 
 Container paktay-fresh-business-db-1 Healthy 
 Container paktay-fresh-keycloak-init-1 Exited 
 Container paktay-fresh-business-svc-1 Starting 
 Container paktay-fresh-keycloak-init-1 Exited 
 Container paktay-fresh-auth-svc-1 Starting 
 Container paktay-fresh-auth-svc-1 Started 
 Container paktay-fresh-business-svc-1 Started 
