$ docker compose -p paktay-local --env-file .env --env-file .env.local.example -f docker-compose.yml -f docker-compose.local.yml -f docker-compose.local-keycloak.yml config --services
business-db
keycloak-db
keycloak
keycloak-init
mailpit
auth-svc
business-svc

exit=0
$ docker compose -p paktay-local --env-file .env --env-file .env.local.example -f docker-compose.yml -f docker-compose.local.yml -f docker-compose.local-keycloak.yml up --build -d keycloak-db keycloak mailpit business-db keycloak-init auth-svc business-svc
 Image axllent/mailpit:latest Pulling 
 1882d4394c59 Pulling fs layer 0B
 a9986cd6f37d Pulling fs layer 0B
 8733dd02d5a7 Pulling fs layer 0B
 44136fa355b3 Already exists 0B
 62baac7f973a Download complete 0B
 1882d4394c59 Download complete 0B
 a9986cd6f37d Downloading 1.049MB
 a9986cd6f37d Download complete 0B
 8733dd02d5a7 Downloading 1.049MB
 a9986cd6f37d Extracting 1B
 8733dd02d5a7 Downloading 4.194MB
 a9986cd6f37d Pull complete 0B
 8733dd02d5a7 Downloading 9.511MB
 8733dd02d5a7 Download complete 0B
 1882d4394c59 Extracting 1B
 8733dd02d5a7 Pull complete 0B
 1882d4394c59 Pull complete 0B
 Image axllent/mailpit:latest Pulled 
 Image paktay-local-auth-svc Building 
 Image paktay-local-business-svc Building 
#1 [internal] load local bake definitions
#1 reading from stdin 1.14kB done
#1 DONE 0.0s

#2 [business-svc internal] load build definition from Dockerfile
#2 transferring dockerfile: 575B done
#2 DONE 0.0s

#3 [auth-svc internal] load build definition from Dockerfile
#3 transferring dockerfile: 557B done
#3 DONE 0.0s

#4 [auth-svc internal] load metadata for docker.io/library/eclipse-temurin:17-jre
#4 ...

#5 [auth] library/eclipse-temurin:pull token for registry-1.docker.io
#5 DONE 0.0s

#6 [auth] library/maven:pull token for registry-1.docker.io
#6 DONE 0.0s

#7 [auth-svc internal] load metadata for docker.io/library/maven:3.9.9-eclipse-temurin-17
#7 DONE 0.9s

#4 [auth-svc internal] load metadata for docker.io/library/eclipse-temurin:17-jre
#4 DONE 0.9s

#8 [auth-svc internal] load .dockerignore
#8 transferring context: 2B done
#8 DONE 0.0s

#9 [business-svc stage-1 1/3] FROM docker.io/library/eclipse-temurin:17-jre@sha256:bd25c61779663bc2df8ced059f1cc114fafc073afe16125c13fcc3a37fecd845
#9 resolve docker.io/library/eclipse-temurin:17-jre@sha256:bd25c61779663bc2df8ced059f1cc114fafc073afe16125c13fcc3a37fecd845 done
#9 DONE 0.0s

#10 [business-svc build 1/7] FROM docker.io/library/maven:3.9.9-eclipse-temurin-17@sha256:f58d59b6273e785ac0a4477f6e9b5ba1d7731c75b906c0f7b34076f1851318cc
#10 resolve docker.io/library/maven:3.9.9-eclipse-temurin-17@sha256:f58d59b6273e785ac0a4477f6e9b5ba1d7731c75b906c0f7b34076f1851318cc done
#10 DONE 0.0s

#11 [business-svc internal] load build context
#11 transferring context: 6.18kB done
#11 DONE 0.0s

#12 [auth-svc internal] load build context
#12 transferring context: 5.96kB done
#12 DONE 0.0s

#13 [auth-svc build 3/7] COPY pom.xml ./pom.xml
#13 CACHED

#14 [auth-svc build 4/7] COPY auth-svc/pom.xml ./auth-svc/pom.xml
#14 CACHED

#15 [business-svc build 3/7] COPY pom.xml ./pom.xml
#15 CACHED

#16 [business-svc build 7/7] RUN mvn --batch-mode --no-transfer-progress -pl business-svc -am package -DskipTests
#16 CACHED

#17 [business-svc build 5/7] COPY business-svc/pom.xml ./business-svc/pom.xml
#17 CACHED

#18 [business-svc build 4/7] COPY auth-svc/pom.xml ./auth-svc/pom.xml
#18 CACHED

#19 [business-svc build 6/7] COPY business-svc/src ./business-svc/src
#19 CACHED

#20 [business-svc stage-1 2/3] WORKDIR /app
#20 CACHED

#21 [business-svc build 2/7] WORKDIR /workspace
#21 CACHED

#22 [business-svc stage-1 3/3] COPY --from=build /workspace/business-svc/target/business-svc-0.1.0-SNAPSHOT.jar app.jar
#22 CACHED

#23 [business-svc build 5/7] COPY business-svc/pom.xml ./business-svc/pom.xml
#23 CACHED

#24 [auth-svc build 6/7] COPY auth-svc/src ./auth-svc/src
#24 DONE 0.1s

#25 [business-svc] exporting to image
#25 exporting layers done
#25 exporting manifest sha256:1f6eb206c866710b42cc05ecc15c0e119afb35fd8f3b4a4bf044a231fa149b3b done
#25 exporting config sha256:b3b9afb0de9b84ed3bfb6664a7252a09ec0141f41e346c679b0d1d3dab53e88d done
#25 exporting attestation manifest sha256:e468fb32f4c3a054d8b7c1857aa73c9b5ebee9bc0ff9c9ffa11937b1b5285d74 done
#25 exporting manifest list sha256:549dadb1352fd5f5dc856291ff4f0f65806f159d72e3a3c587a7fa857c78bfd7 done
#25 naming to docker.io/library/paktay-local-business-svc:latest done
#25 unpacking to docker.io/library/paktay-local-business-svc:latest done
#25 DONE 0.1s

#26 [business-svc] resolving provenance for metadata file
#26 DONE 0.0s

#27 [auth-svc build 7/7] RUN mvn --batch-mode --no-transfer-progress -pl auth-svc -am package -DskipTests
#27 0.541 [INFO] Scanning for projects...
#27 7.463 [INFO] ------------------------------------------------------------------------
#27 7.463 [INFO] Reactor Build Order:
#27 7.463 [INFO] 
#27 7.464 [INFO] Paktay Backend                                                     [pom]
#27 7.464 [INFO] Paktay Auth Service                                                [jar]
#27 7.468 [INFO] 
#27 7.468 [INFO] ----------------------< ec.paktay:paktay-backend >----------------------
#27 7.468 [INFO] Building Paktay Backend 0.1.0-SNAPSHOT                             [1/2]
#27 7.468 [INFO]   from pom.xml
#27 7.468 [INFO] --------------------------------[ pom ]---------------------------------
#27 7.472 [INFO] 
#27 7.472 [INFO] -------------------------< ec.paktay:auth-svc >-------------------------
#27 7.472 [INFO] Building Paktay Auth Service 0.1.0-SNAPSHOT                        [2/2]
#27 7.472 [INFO]   from auth-svc/pom.xml
#27 7.472 [INFO] --------------------------------[ jar ]---------------------------------
#27 34.60 [INFO] 
#27 34.60 [INFO] --- resources:3.3.1:resources (default-resources) @ auth-svc ---
#27 37.20 [INFO] Copying 1 resource from src/main/resources to target/classes
#27 37.21 [INFO] Copying 2 resources from src/main/resources to target/classes
#27 37.21 [INFO] 
#27 37.21 [INFO] --- compiler:3.13.0:compile (default-compile) @ auth-svc ---
#27 39.92 [INFO] Recompiling the module because of changed source code.
#27 39.93 [INFO] Compiling 26 source files with javac [debug parameters release 17] to target/classes
#27 40.52 [INFO] 
#27 40.52 [INFO] --- resources:3.3.1:testResources (default-testResources) @ auth-svc ---
#27 40.52 [INFO] skip non existing resourceDirectory /workspace/auth-svc/src/test/resources
#27 40.52 [INFO] 
#27 40.52 [INFO] --- compiler:3.13.0:testCompile (default-testCompile) @ auth-svc ---
#27 40.52 [INFO] Recompiling the module because of changed dependency.
#27 40.52 [INFO] Compiling 2 source files with javac [debug parameters release 17] to target/test-classes
#27 40.67 [INFO] 
#27 40.67 [INFO] --- surefire:3.5.3:test (default-test) @ auth-svc ---
#27 42.90 [INFO] Tests are skipped.
#27 42.90 [INFO] 
#27 42.90 [INFO] --- jar:3.4.2:jar (default-jar) @ auth-svc ---
#27 45.82 [INFO] Building jar: /workspace/auth-svc/target/auth-svc-0.1.0-SNAPSHOT.jar
#27 45.84 [INFO] 
#27 45.84 [INFO] --- spring-boot:3.4.5:repackage (repackage) @ auth-svc ---
#27 50.73 [INFO] Replacing main artifact /workspace/auth-svc/target/auth-svc-0.1.0-SNAPSHOT.jar with repackaged archive, adding nested dependencies in BOOT-INF/.
#27 50.73 [INFO] The original artifact has been renamed to /workspace/auth-svc/target/auth-svc-0.1.0-SNAPSHOT.jar.original
#27 50.73 [INFO] ------------------------------------------------------------------------
#27 50.73 [INFO] Reactor Summary for Paktay Backend 0.1.0-SNAPSHOT:
#27 50.73 [INFO] 
#27 50.73 [INFO] Paktay Backend ..................................... SUCCESS [  0.005 s]
#27 50.73 [INFO] Paktay Auth Service ................................ SUCCESS [ 43.256 s]
#27 50.73 [INFO] ------------------------------------------------------------------------
#27 50.73 [INFO] BUILD SUCCESS
#27 50.73 [INFO] ------------------------------------------------------------------------
#27 50.73 [INFO] Total time:  50.197 s
#27 50.73 [INFO] Finished at: 2026-09-23T15:26:31Z
#27 50.73 [INFO] ------------------------------------------------------------------------
#27 DONE 50.8s

#20 [auth-svc stage-1 2/3] WORKDIR /app
#20 CACHED

#28 [auth-svc stage-1 3/3] COPY --from=build /workspace/auth-svc/target/auth-svc-0.1.0-SNAPSHOT.jar app.jar
#28 DONE 0.0s

#29 [auth-svc] exporting to image
#29 exporting layers
#29 exporting layers 0.5s done
#29 exporting manifest sha256:e18b4a9a94397b147bead433e3bbba2230b7f2be7ac924739688350223e1e552 done
#29 exporting config sha256:5b6e52c52cc7b6656cfb73a336418a1c8fb3a637b9b11478e54c61dab58042b3 done
#29 exporting attestation manifest sha256:177cfc39620d1bf87ff8e4996afdbdb91e679eb0799c4a15861e0606cd10ecf2 done
#29 exporting manifest list sha256:03970ab6508f09e930a050cc1f2c31be7881ea57415e21a94af7e21fa6206173 done
#29 naming to docker.io/library/paktay-local-auth-svc:latest done
#29 unpacking to docker.io/library/paktay-local-auth-svc:latest 0.1s done
#29 DONE 0.7s

#30 [auth-svc] resolving provenance for metadata file
#30 DONE 0.0s
 Image paktay-local-auth-svc Built 
 Image paktay-local-business-svc Built 
 Network paktay-local_default Creating 
 Network paktay-local_default Created 
 Container paktay-local-business-db-1 Creating 
 Container paktay-local-mailpit-1 Creating 
 Container paktay-local-keycloak-db-1 Creating 
 Container paktay-local-mailpit-1 Created 
 Container paktay-local-keycloak-db-1 Created 
 Container paktay-local-keycloak-1 Creating 
 Container paktay-local-business-db-1 Created 
 Container paktay-local-keycloak-1 Created 
 Container paktay-local-keycloak-init-1 Creating 
 Container paktay-local-keycloak-init-1 Created 
 Container paktay-local-auth-svc-1 Creating 
 Container paktay-local-business-svc-1 Creating 
 Container paktay-local-auth-svc-1 Created 
 Container paktay-local-business-svc-1 Created 
 Container paktay-local-business-db-1 Starting 
 Container paktay-local-mailpit-1 Starting 
 Container paktay-local-keycloak-db-1 Starting 
 Container paktay-local-mailpit-1 Started 
 Container paktay-local-keycloak-db-1 Started 
 Container paktay-local-keycloak-db-1 Waiting 
 Container paktay-local-business-db-1 Started 
 Container paktay-local-keycloak-db-1 Healthy 
 Container paktay-local-keycloak-1 Starting 
 Container paktay-local-keycloak-1 Started 
 Container paktay-local-keycloak-1 Waiting 
 Container paktay-local-keycloak-1 Healthy 
 Container paktay-local-keycloak-init-1 Starting 
 Container paktay-local-keycloak-init-1 Started 
 Container paktay-local-keycloak-init-1 Waiting 
 Container paktay-local-business-db-1 Waiting 
 Container paktay-local-business-db-1 Waiting 
 Container paktay-local-keycloak-init-1 Waiting 
 Container paktay-local-business-db-1 Healthy 
 Container paktay-local-business-db-1 Healthy 
 Container paktay-local-keycloak-init-1 Exited 
 Container paktay-local-auth-svc-1 Starting 
 Container paktay-local-keycloak-init-1 Exited 
 Container paktay-local-business-svc-1 Starting 
 Container paktay-local-auth-svc-1 Started 
 Container paktay-local-business-svc-1 Started 

exit=0
$ docker compose -p paktay-local --env-file .env --env-file .env.local.example -f docker-compose.yml -f docker-compose.local.yml -f docker-compose.local-keycloak.yml ps -a
NAME                           IMAGE                            COMMAND                  SERVICE         CREATED              STATUS                          PORTS
paktay-local-auth-svc-1        paktay-local-auth-svc            "/bin/sh -c 'exec ja…"   auth-svc        About a minute ago   Up About a minute               0.0.0.0:28081->8081/tcp
paktay-local-business-db-1     postgres:16-alpine               "docker-entrypoint.s…"   business-db     About a minute ago   Up About a minute (healthy)     127.0.0.1:25433->5432/tcp
paktay-local-business-svc-1    paktay-local-business-svc        "/bin/sh -c 'exec ja…"   business-svc    About a minute ago   Up About a minute               0.0.0.0:28082->8082/tcp
paktay-local-keycloak-1        quay.io/keycloak/keycloak:26.2   "/opt/keycloak/bin/k…"   keycloak        About a minute ago   Up About a minute (healthy)     127.0.0.1:28180->8080/tcp
paktay-local-keycloak-db-1     postgres:16-alpine               "docker-entrypoint.s…"   keycloak-db     About a minute ago   Up About a minute (healthy)     5432/tcp
paktay-local-keycloak-init-1   quay.io/keycloak/keycloak:26.2   "/bin/sh -c 'until /…"   keycloak-init   About a minute ago   Exited (0) About a minute ago   
paktay-local-mailpit-1         axllent/mailpit:latest           "/mailpit"               mailpit         About a minute ago   Up About a minute (healthy)     127.0.0.1:28025->8025/tcp

exit=0
