$ docker compose -p paktay-local --env-file .env --env-file .env.local.example -f docker-compose.yml -f docker-compose.local.yml -f docker-compose.local-keycloak.yml logs --no-color --tail=300 keycloak auth-svc business-svc keycloak-init
keycloak-1       | JAVA_OPTS_KC_HEAP already set in environment; overriding default settings
auth-svc-1       | 
auth-svc-1       |   .   ____          _            __ _ _
auth-svc-1       |  /\\ / ___'_ __ _ _(_)_ __  __ _ \ \ \ \
auth-svc-1       | ( ( )\___ | '_ | '_| | '_ \/ _` | \ \ \ \
auth-svc-1       |  \\/  ___)| |_)| | | | | || (_| |  ) ) ) )
auth-svc-1       |   '  |____| .__|_| |_|_| |_\__, | / / / /
auth-svc-1       |  =========|_|==============|___/=/_/_/_/
keycloak-1       | Updating the configuration and installing your custom providers, if any. Please wait.
auth-svc-1       | 
keycloak-1       | 2026-09-23 15:26:41,329 INFO  [io.quarkus.deployment.QuarkusAugmentor] (main) Quarkus augmentation completed in 2456ms
keycloak-1       | Running the server in development mode. DO NOT use this configuration in production.
keycloak-1       | 2026-09-23 15:26:41,954 INFO  [org.keycloak.url.HostnameV2ProviderFactory] (main) If hostname is specified, hostname-strict is effectively ignored
keycloak-1       | 2026-09-23 15:26:42,888 INFO  [org.keycloak.quarkus.runtime.storage.infinispan.CacheManagerFactory] (main) Starting Infinispan embedded cache manager
keycloak-1       | 2026-09-23 15:26:42,912 INFO  [org.keycloak.quarkus.runtime.storage.infinispan.CacheManagerFactory] (main) JGroups JDBC_PING discovery enabled.
keycloak-1       | 2026-09-23 15:26:42,950 INFO  [org.infinispan.CONTAINER] (main) Virtual threads support enabled
keycloak-1       | 2026-09-23 15:26:43,008 INFO  [org.infinispan.CONTAINER] (main) ISPN000556: Starting user marshaller 'org.infinispan.commons.marshall.ImmutableProtoStreamMarshaller'
keycloak-1       | 2026-09-23 15:26:43,140 INFO  [org.keycloak.connections.infinispan.DefaultInfinispanConnectionProviderFactory] (main) Node name: node_996164, Site name: null
keycloak-1       | 2026-09-23 15:26:43,204 INFO  [org.keycloak.exportimport.dir.DirImportProvider] (main) Importing from directory /opt/keycloak/bin/../data/import
keycloak-1       | 2026-09-23 15:26:43,435 INFO  [org.keycloak.services] (main) KC-SERVICES0030: Full model import requested. Strategy: IGNORE_EXISTING
keycloak-1       | 2026-09-23 15:26:43,524 INFO  [org.keycloak.exportimport.util.ImportUtils] (main) Realm 'paktay' already exists. Import skipped
auth-svc-1       |  :: Spring Boot ::                (v3.4.5)
keycloak-1       | 2026-09-23 15:26:43,528 INFO  [org.keycloak.services] (main) KC-SERVICES0032: Import finished successfully
keycloak-1       | 2026-09-23 15:26:43,578 INFO  [io.quarkus] (main) Keycloak 26.2.5 on JVM (powered by Quarkus 3.20.1) started in 2.207s. Listening on: http://0.0.0.0:8080. Management interface listening on http://0.0.0.0:9000.
keycloak-1       | 2026-09-23 15:26:43,578 INFO  [io.quarkus] (main) Profile dev activated. 
keycloak-1       | 2026-09-23 15:26:43,578 INFO  [io.quarkus] (main) Installed features: [agroal, cdi, hibernate-orm, jdbc-postgresql, keycloak, narayana-jta, opentelemetry, reactive-routes, rest, rest-jackson, smallrye-context-propagation, smallrye-health, vertx]
keycloak-1       | 2026-09-23 15:26:49,396 WARN  [org.keycloak.cookie.DefaultCookieProvider] (executor-thread-1) Non-secure context detected; cookies are not secured, and will not be available in cross-origin POST requests
auth-svc-1       | 
auth-svc-1       | 2026-09-23T15:26:52.521Z  INFO 1 --- [paktay-auth-svc] [           main] ec.paktay.auth.AuthApplication           : Starting AuthApplication v0.1.0-SNAPSHOT using Java 17.0.20 with PID 1 (/app/app.jar started by root in /app)
auth-svc-1       | 2026-09-23T15:26:52.523Z  INFO 1 --- [paktay-auth-svc] [           main] ec.paktay.auth.AuthApplication           : No active profile set, falling back to 1 default profile: "default"
business-svc-1   | 
auth-svc-1       | 2026-09-23T15:26:53.555Z  INFO 1 --- [paktay-auth-svc] [           main] o.s.b.w.embedded.tomcat.TomcatWebServer  : Tomcat initialized with port 8081 (http)
auth-svc-1       | 2026-09-23T15:26:53.560Z  INFO 1 --- [paktay-auth-svc] [           main] o.apache.catalina.core.StandardService   : Starting service [Tomcat]
auth-svc-1       | 2026-09-23T15:26:53.561Z  INFO 1 --- [paktay-auth-svc] [           main] o.apache.catalina.core.StandardEngine    : Starting Servlet engine: [Apache Tomcat/10.1.40]
auth-svc-1       | 2026-09-23T15:26:53.585Z  INFO 1 --- [paktay-auth-svc] [           main] o.a.c.c.C.[Tomcat].[localhost].[/]       : Initializing Spring embedded WebApplicationContext
auth-svc-1       | 2026-09-23T15:26:53.586Z  INFO 1 --- [paktay-auth-svc] [           main] w.s.c.ServletWebServerApplicationContext : Root WebApplicationContext: initialization completed in 1036 ms
auth-svc-1       | 2026-09-23T15:26:53.859Z  INFO 1 --- [paktay-auth-svc] [           main] com.zaxxer.hikari.HikariDataSource       : HikariPool-1 - Starting...
auth-svc-1       | 2026-09-23T15:26:54.004Z  INFO 1 --- [paktay-auth-svc] [           main] com.zaxxer.hikari.pool.HikariPool        : HikariPool-1 - Added connection org.postgresql.jdbc.PgConnection@1fc0d9b4
auth-svc-1       | 2026-09-23T15:26:54.005Z  INFO 1 --- [paktay-auth-svc] [           main] com.zaxxer.hikari.HikariDataSource       : HikariPool-1 - Start completed.
auth-svc-1       | 2026-09-23T15:26:54.361Z  INFO 1 --- [paktay-auth-svc] [           main] o.s.b.a.e.web.EndpointLinksResolver      : Exposing 2 endpoints beneath base path '/actuator'
business-svc-1   |   .   ____          _            __ _ _
business-svc-1   |  /\\ / ___'_ __ _ _(_)_ __  __ _ \ \ \ \
business-svc-1   | ( ( )\___ | '_ | '_| | '_ \/ _` | \ \ \ \
business-svc-1   |  \\/  ___)| |_)| | | | | || (_| |  ) ) ) )
business-svc-1   |   '  |____| .__|_| |_|_| |_\__, | / / / /
auth-svc-1       | 2026-09-23T15:26:54.658Z  INFO 1 --- [paktay-auth-svc] [           main] o.s.b.w.embedded.tomcat.TomcatWebServer  : Tomcat started on port 8081 (http) with context path '/'
auth-svc-1       | 2026-09-23T15:26:54.667Z  INFO 1 --- [paktay-auth-svc] [           main] ec.paktay.auth.AuthApplication           : Started AuthApplication in 2.414 seconds (process running for 2.671)
auth-svc-1       | 2026-09-23T15:28:13.761Z  INFO 1 --- [paktay-auth-svc] [nio-8081-exec-1] o.a.c.c.C.[Tomcat].[localhost].[/]       : Initializing Spring DispatcherServlet 'dispatcherServlet'
auth-svc-1       | 2026-09-23T15:28:13.761Z  INFO 1 --- [paktay-auth-svc] [nio-8081-exec-1] o.s.web.servlet.DispatcherServlet        : Initializing Servlet 'dispatcherServlet'
auth-svc-1       | 2026-09-23T15:28:13.762Z  INFO 1 --- [paktay-auth-svc] [nio-8081-exec-1] o.s.web.servlet.DispatcherServlet        : Completed initialization in 1 ms
auth-svc-1       | 2026-09-23T15:28:13.991Z  INFO 1 --- [paktay-auth-svc] [nio-8081-exec-3] o.springdoc.api.AbstractOpenApiResource  : Init duration for springdoc-openapi is: 124 ms
auth-svc-1       | 2026-09-23T15:28:13.998Z  INFO 1 --- [paktay-auth-svc] [nio-8081-exec-3] e.p.auth.config.RequestLoggingFilter     : http_request requestId=c6536054-d18c-4147-afa2-6ee46d4eba52 method=GET path=/v3/api-docs status=200 durationMs=135
auth-svc-1       | 2026-09-23T15:28:14.019Z  INFO 1 --- [paktay-auth-svc] [nio-8081-exec-4] e.p.auth.config.RequestLoggingFilter     : http_request requestId=c9d7ba15-afc9-4e97-a4c3-619050439e79 method=GET path=/swagger-ui/index.html status=200 durationMs=2
business-svc-1   |  =========|_|==============|___/=/_/_/_/
business-svc-1   | 
business-svc-1   |  :: Spring Boot ::                (v3.4.5)
business-svc-1   | 
business-svc-1   | 2026-09-23T15:26:52.526Z  INFO 1 --- [paktay-business-svc] [           main] ec.paktay.business.BusinessApplication   : Starting BusinessApplication v0.1.0-SNAPSHOT using Java 17.0.20 with PID 1 (/app/app.jar started by root in /app)
business-svc-1   | 2026-09-23T15:26:52.527Z  INFO 1 --- [paktay-business-svc] [           main] ec.paktay.business.BusinessApplication   : No active profile set, falling back to 1 default profile: "default"
business-svc-1   | 2026-09-23T15:26:53.446Z  INFO 1 --- [paktay-business-svc] [           main] o.s.b.w.embedded.tomcat.TomcatWebServer  : Tomcat initialized with port 8082 (http)
business-svc-1   | 2026-09-23T15:26:53.451Z  INFO 1 --- [paktay-business-svc] [           main] o.apache.catalina.core.StandardService   : Starting service [Tomcat]
business-svc-1   | 2026-09-23T15:26:53.451Z  INFO 1 --- [paktay-business-svc] [           main] o.apache.catalina.core.StandardEngine    : Starting Servlet engine: [Apache Tomcat/10.1.40]
business-svc-1   | 2026-09-23T15:26:53.469Z  INFO 1 --- [paktay-business-svc] [           main] o.a.c.c.C.[Tomcat].[localhost].[/]       : Initializing Spring embedded WebApplicationContext
business-svc-1   | 2026-09-23T15:26:53.469Z  INFO 1 --- [paktay-business-svc] [           main] w.s.c.ServletWebServerApplicationContext : Root WebApplicationContext: initialization completed in 913 ms
business-svc-1   | 2026-09-23T15:26:54.162Z  INFO 1 --- [paktay-business-svc] [           main] o.s.b.a.e.web.EndpointLinksResolver      : Exposing 2 endpoints beneath base path '/actuator'
business-svc-1   | 2026-09-23T15:26:54.478Z  INFO 1 --- [paktay-business-svc] [           main] o.s.b.w.embedded.tomcat.TomcatWebServer  : Tomcat started on port 8082 (http) with context path '/'
business-svc-1   | 2026-09-23T15:26:54.492Z  INFO 1 --- [paktay-business-svc] [           main] ec.paktay.business.BusinessApplication   : Started BusinessApplication in 2.196 seconds (process running for 2.488)
business-svc-1   | 2026-09-23T15:26:54.510Z DEBUG 1 --- [paktay-business-svc] [           main] o.s.jdbc.core.JdbcTemplate               : Executing prepared SQL query
business-svc-1   | 2026-09-23T15:26:54.511Z DEBUG 1 --- [paktay-business-svc] [           main] o.s.jdbc.core.JdbcTemplate               : Executing prepared SQL statement [select current_database() as database_name, current_user as database_user]
business-svc-1   | 2026-09-23T15:26:54.518Z  INFO 1 --- [paktay-business-svc] [           main] com.zaxxer.hikari.HikariDataSource       : HikariPool-1 - Starting...
business-svc-1   | 2026-09-23T15:26:54.627Z  INFO 1 --- [paktay-business-svc] [           main] com.zaxxer.hikari.pool.HikariPool        : HikariPool-1 - Added connection org.postgresql.jdbc.PgConnection@399c408c
business-svc-1   | 2026-09-23T15:26:54.631Z  INFO 1 --- [paktay-business-svc] [           main] com.zaxxer.hikari.HikariDataSource       : HikariPool-1 - Start completed.
business-svc-1   | 2026-09-23T15:26:54.653Z  INFO 1 --- [paktay-business-svc] [           main] e.p.b.config.DatabaseConnectionLogger    : business_database_connected database=paktay user=paktay
business-svc-1   | 2026-09-23T15:28:00.456Z  INFO 1 --- [paktay-business-svc] [nio-8082-exec-1] o.a.c.c.C.[Tomcat].[localhost].[/]       : Initializing Spring DispatcherServlet 'dispatcherServlet'
business-svc-1   | 2026-09-23T15:28:00.457Z  INFO 1 --- [paktay-business-svc] [nio-8082-exec-1] o.s.web.servlet.DispatcherServlet        : Initializing Servlet 'dispatcherServlet'
business-svc-1   | 2026-09-23T15:28:00.457Z  INFO 1 --- [paktay-business-svc] [nio-8082-exec-1] o.s.web.servlet.DispatcherServlet        : Completed initialization in 0 ms
keycloak-init-1  | Logging into http://host.docker.internal:28180 as user admin of realm master
business-svc-1   | 2026-09-23T15:28:14.334Z  INFO 1 --- [paktay-business-svc] [nio-8082-exec-5] o.springdoc.api.AbstractOpenApiResource  : Init duration for springdoc-openapi is: 273 ms
business-svc-1   | 2026-09-23T15:28:14.342Z  INFO 1 --- [paktay-business-svc] [nio-8082-exec-5] e.p.b.config.RequestLoggingFilter        : http_request requestId=070b682c-1d61-4f16-9e3d-53ff7b1e2a1a method=GET path=/v3/api-docs status=200 durationMs=291
business-svc-1   | 2026-09-23T15:28:14.362Z  INFO 1 --- [paktay-business-svc] [nio-8082-exec-7] e.p.b.config.RequestLoggingFilter        : http_request requestId=d6fdccfb-2761-4cfc-bf93-f1a1cbf364e0 method=GET path=/swagger-ui/index.html status=200 durationMs=2
business-svc-1   | 2026-09-23T15:28:14.464Z  INFO 1 --- [paktay-business-svc] [nio-8082-exec-8] e.p.b.config.RequestLoggingFilter        : http_request requestId=0b292bd8-0533-4a59-8f38-f6efce8d83aa method=GET path=/v3/api-docs status=200 durationMs=4

exit=0
