 Image paktay-local-business-svc Building 
 Image paktay-local-auth-svc Building 
#1 [internal] load local bake definitions
#1 reading from stdin 1.14kB done
#1 DONE 0.0s

#2 [auth-svc internal] load build definition from Dockerfile
#2 transferring dockerfile: 557B done
#2 DONE 0.0s

#3 [business-svc internal] load build definition from Dockerfile
#3 transferring dockerfile: 575B done
#3 DONE 0.0s

#4 [auth] library/eclipse-temurin:pull token for registry-1.docker.io
#4 DONE 0.0s

#5 [auth] library/maven:pull token for registry-1.docker.io
#5 DONE 0.0s

#6 [business-svc internal] load metadata for docker.io/library/maven:3.9.9-eclipse-temurin-17
#6 DONE 1.1s

#7 [business-svc internal] load metadata for docker.io/library/eclipse-temurin:17-jre
#7 DONE 1.1s

#8 [auth-svc internal] load .dockerignore
#8 transferring context: 2B done
#8 DONE 0.0s

#9 [auth-svc build 1/7] FROM docker.io/library/maven:3.9.9-eclipse-temurin-17@sha256:f58d59b6273e785ac0a4477f6e9b5ba1d7731c75b906c0f7b34076f1851318cc
#9 resolve docker.io/library/maven:3.9.9-eclipse-temurin-17@sha256:f58d59b6273e785ac0a4477f6e9b5ba1d7731c75b906c0f7b34076f1851318cc done
#9 DONE 0.0s

#10 [business-svc stage-1 1/3] FROM docker.io/library/eclipse-temurin:17-jre@sha256:bd25c61779663bc2df8ced059f1cc114fafc073afe16125c13fcc3a37fecd845
#10 resolve docker.io/library/eclipse-temurin:17-jre@sha256:bd25c61779663bc2df8ced059f1cc114fafc073afe16125c13fcc3a37fecd845 done
#10 DONE 0.0s

#11 [business-svc internal] load build context
#11 transferring context: 6.24kB done
#11 DONE 0.0s

#12 [auth-svc internal] load build context
#12 transferring context: 3.82kB done
#12 DONE 0.0s

#13 [auth-svc build 4/7] COPY auth-svc/pom.xml ./auth-svc/pom.xml
#13 CACHED

#14 [auth-svc build 7/7] RUN mvn --batch-mode --no-transfer-progress -pl auth-svc -am package -DskipTests
#14 CACHED

#15 [auth-svc build 6/7] COPY auth-svc/src ./auth-svc/src
#15 CACHED

#16 [auth-svc build 5/7] COPY business-svc/pom.xml ./business-svc/pom.xml
#16 CACHED

#17 [auth-svc build 3/7] COPY pom.xml ./pom.xml
#17 CACHED

#18 [business-svc build 3/7] COPY pom.xml ./pom.xml
#18 CACHED

#19 [business-svc stage-1 2/3] WORKDIR /app
#19 CACHED

#20 [business-svc build 4/7] COPY auth-svc/pom.xml ./auth-svc/pom.xml
#20 CACHED

#21 [business-svc build 2/7] WORKDIR /workspace
#21 CACHED

#22 [business-svc build 7/7] RUN mvn --batch-mode --no-transfer-progress -pl business-svc -am package -DskipTests
#22 CACHED

#23 [business-svc build 5/7] COPY business-svc/pom.xml ./business-svc/pom.xml
#23 CACHED

#24 [business-svc build 6/7] COPY business-svc/src ./business-svc/src
#24 CACHED

#25 [auth-svc stage-1 3/3] COPY --from=build /workspace/auth-svc/target/auth-svc-0.1.0-SNAPSHOT.jar app.jar
#25 CACHED

#26 [business-svc stage-1 3/3] COPY --from=build /workspace/business-svc/target/business-svc-0.1.0-SNAPSHOT.jar app.jar
#26 CACHED

#27 [auth-svc] exporting to image
#27 exporting layers done
#27 exporting manifest sha256:34dd415204fbe839057e572d75e94c5947d05166d0a032b0090667a044150c20 done
#27 exporting config sha256:ac4109a186260d0919a5cf92d9de209c8b8ae1c014d6408a7e6e022edf2ed018 done
#27 exporting attestation manifest sha256:275f02c5e1df1307efe5ecf2af1cc96c6ac4f32d9c170aa92bf547163c5cdf11 done
#27 exporting manifest list sha256:82ca24a2437523a419a82b43be985f062feab5c13572829f1b5cf107d5a27717 done
#27 naming to docker.io/library/paktay-local-auth-svc:latest done
#27 unpacking to docker.io/library/paktay-local-auth-svc:latest done
#27 DONE 0.0s

#28 [business-svc] exporting to image
#28 exporting layers done
#28 exporting manifest sha256:27811da5c639224401c998828bbf678d05d419ac540fd370e375cf48f633e6de done
#28 exporting config sha256:eb754b6d96c073d14f82316cfd958dac9c3c4605986492ef984dcc717139fdb8 done
#28 exporting attestation manifest sha256:7ce24ec07a69927d7590b5dade9dfba3a845e4609c221950081e8ec9ca63c749 done
#28 exporting manifest list sha256:fa161f5c223e4f593b863d75c47ceb039345c3e64ea7d08ff292254d164f54a1 done
#28 naming to docker.io/library/paktay-local-business-svc:latest done
#28 unpacking to docker.io/library/paktay-local-business-svc:latest done
#28 DONE 0.0s

#29 [auth-svc] resolving provenance for metadata file
#29 DONE 0.0s

#30 [business-svc] resolving provenance for metadata file
#30 DONE 0.0s
 Image paktay-local-business-svc Built 
 Image paktay-local-auth-svc Built 
 Container paktay-local-business-svc-1 Recreate 
 Container paktay-local-auth-svc-1 Recreate 
 Container paktay-local-auth-svc-1 Recreated 
 Container paktay-local-business-svc-1 Recreated 
 Container paktay-local-business-db-1 Starting 
 Container paktay-local-keycloak-db-1 Starting 
 Container paktay-local-mailpit-1 Starting 
 Container paktay-local-keycloak-db-1 Started 
 Container paktay-local-keycloak-db-1 Waiting 
 Container paktay-local-business-db-1 Started 
 Container paktay-local-mailpit-1 Started 
 Container paktay-local-keycloak-db-1 Healthy 
 Container paktay-local-keycloak-1 Starting 
 Container paktay-local-keycloak-1 Started 
 Container paktay-local-keycloak-1 Waiting 
 Container paktay-local-keycloak-1 Healthy 
 Container paktay-local-keycloak-init-1 Starting 
 Container paktay-local-keycloak-init-1 Started 
 Container paktay-local-keycloak-init-1 Waiting 
 Container paktay-local-business-db-1 Waiting 
 Container paktay-local-keycloak-init-1 Waiting 
 Container paktay-local-business-db-1 Waiting 
 Container paktay-local-business-db-1 Healthy 
 Container paktay-local-business-db-1 Healthy 
 Container paktay-local-keycloak-init-1 Exited 
 Container paktay-local-keycloak-init-1 Exited 
 Container paktay-local-auth-svc-1 Starting 
 Container paktay-local-business-svc-1 Starting 
 Container paktay-local-business-svc-1 Started 
 Container paktay-local-auth-svc-1 Started 
up=0
