 Image paktay-fresh-auth-svc Building 
 Image paktay-fresh-business-svc Building 
#1 [internal] load local bake definitions
#1 reading from stdin 1.14kB done
#1 DONE 0.0s

#2 [auth-svc internal] load build definition from Dockerfile
#2 transferring dockerfile: 557B done
#2 DONE 0.0s

#3 [business-svc internal] load build definition from Dockerfile
#3 transferring dockerfile: 575B done
#3 DONE 0.0s

#4 [auth-svc internal] load metadata for docker.io/library/maven:3.9.9-eclipse-temurin-17
#4 DONE 0.6s

#5 [business-svc internal] load metadata for docker.io/library/eclipse-temurin:17-jre
#5 DONE 0.6s

#6 [business-svc internal] load .dockerignore
#6 transferring context: 2B done
#6 DONE 0.0s

#7 [business-svc stage-1 1/3] FROM docker.io/library/eclipse-temurin:17-jre@sha256:bd25c61779663bc2df8ced059f1cc114fafc073afe16125c13fcc3a37fecd845
#7 resolve docker.io/library/eclipse-temurin:17-jre@sha256:bd25c61779663bc2df8ced059f1cc114fafc073afe16125c13fcc3a37fecd845 done
#7 DONE 0.0s

#8 [auth-svc build 1/7] FROM docker.io/library/maven:3.9.9-eclipse-temurin-17@sha256:f58d59b6273e785ac0a4477f6e9b5ba1d7731c75b906c0f7b34076f1851318cc
#8 resolve docker.io/library/maven:3.9.9-eclipse-temurin-17@sha256:f58d59b6273e785ac0a4477f6e9b5ba1d7731c75b906c0f7b34076f1851318cc done
#8 DONE 0.0s

#9 [business-svc internal] load build context
#9 transferring context: 6.24kB done
#9 DONE 0.0s

#10 [auth-svc internal] load build context
#10 transferring context: 3.82kB done
#10 DONE 0.0s

#11 [business-svc build 4/7] COPY auth-svc/pom.xml ./auth-svc/pom.xml
#11 CACHED

#12 [business-svc build 3/7] COPY pom.xml ./pom.xml
#12 CACHED

#13 [business-svc build 7/7] RUN mvn --batch-mode --no-transfer-progress -pl business-svc -am package -DskipTests
#13 CACHED

#14 [business-svc build 5/7] COPY business-svc/pom.xml ./business-svc/pom.xml
#14 CACHED

#15 [business-svc build 6/7] COPY business-svc/src ./business-svc/src
#15 CACHED

#16 [business-svc stage-1 3/3] COPY --from=build /workspace/business-svc/target/business-svc-0.1.0-SNAPSHOT.jar app.jar
#16 CACHED

#17 [auth-svc build 5/7] COPY business-svc/pom.xml ./business-svc/pom.xml
#17 CACHED

#18 [auth-svc build 2/7] WORKDIR /workspace
#18 CACHED

#19 [auth-svc build 4/7] COPY auth-svc/pom.xml ./auth-svc/pom.xml
#19 CACHED

#20 [auth-svc stage-1 2/3] WORKDIR /app
#20 CACHED

#21 [auth-svc build 6/7] COPY auth-svc/src ./auth-svc/src
#21 CACHED

#22 [auth-svc build 7/7] RUN mvn --batch-mode --no-transfer-progress -pl auth-svc -am package -DskipTests
#22 CACHED

#23 [auth-svc build 3/7] COPY pom.xml ./pom.xml
#23 CACHED

#24 [auth-svc stage-1 3/3] COPY --from=build /workspace/auth-svc/target/auth-svc-0.1.0-SNAPSHOT.jar app.jar
#24 CACHED

#25 [auth-svc] exporting to image
#25 exporting layers done
#25 exporting manifest sha256:298fb61ad9ccc72d38495e52a4acc11ab52c95e53c0a6851d5e898d8c010c500 done
#25 exporting config sha256:7e5b84c40e78473bbf73d570c4c64a053997777a9a188f90bbe376928851e87e done
#25 exporting attestation manifest sha256:b24cac3e12405ded65fb1f42a83f73c69a3baebdea50558a99457ed564b57ced done
#25 exporting manifest list sha256:3beef45c6b4b3f497c29df8df557d656e35339df42399ba5460fce611156231a done
#25 naming to docker.io/library/paktay-fresh-auth-svc:latest done
#25 unpacking to docker.io/library/paktay-fresh-auth-svc:latest done
#25 DONE 0.0s

#26 [business-svc] exporting to image
#26 exporting layers done
#26 exporting manifest sha256:2b08e988d624fc43fbd465d03134c22b367d0dbe3de1ea9e93449e0e279470ce done
#26 exporting config sha256:51ab7e760d647470aeed17f6814c36a2ec39c65e4c2a0ec29ad968d9919313f0 done
#26 exporting attestation manifest sha256:71f3c338a719f2cceb2378aedb72e0f58ff19c33f3725ec910fc5625abae3b1b done
#26 exporting manifest list sha256:b937c2b7140131ef36f31374308d2cb5ac0ee585f6ca576786d8f46bd8b352b0 done
#26 naming to docker.io/library/paktay-fresh-business-svc:latest done
#26 unpacking to docker.io/library/paktay-fresh-business-svc:latest done
#26 DONE 0.0s

#27 [business-svc] resolving provenance for metadata file
#27 DONE 0.0s

#28 [auth-svc] resolving provenance for metadata file
#28 DONE 0.0s
 Image paktay-fresh-auth-svc Built 
 Image paktay-fresh-business-svc Built 
 Network paktay-fresh_default Creating 
 Network paktay-fresh_default Created 
 Volume paktay-fresh_business-data Creating 
 Volume paktay-fresh_business-data Created 
 Volume paktay-fresh_keycloak-local-data Creating 
 Volume paktay-fresh_keycloak-local-data Created 
 Container paktay-fresh-mailpit-1 Creating 
 Container paktay-fresh-keycloak-db-1 Creating 
 Container paktay-fresh-business-db-1 Creating 
 Container paktay-fresh-mailpit-1 Created 
 Container paktay-fresh-business-db-1 Created 
 Container paktay-fresh-keycloak-db-1 Created 
 Container paktay-fresh-keycloak-1 Creating 
 Container paktay-fresh-keycloak-1 Created 
 Container paktay-fresh-keycloak-init-1 Creating 
 Container paktay-fresh-keycloak-init-1 Created 
 Container paktay-fresh-auth-svc-1 Creating 
 Container paktay-fresh-business-svc-1 Creating 
 Container paktay-fresh-auth-svc-1 Created 
 Container paktay-fresh-business-svc-1 Created 
 Container paktay-fresh-business-db-1 Starting 
 Container paktay-fresh-keycloak-db-1 Starting 
 Container paktay-fresh-mailpit-1 Starting 
 Container paktay-fresh-mailpit-1 Started 
 Container paktay-fresh-business-db-1 Started 
 Container paktay-fresh-keycloak-db-1 Started 
 Container paktay-fresh-keycloak-db-1 Waiting 
 Container paktay-fresh-keycloak-db-1 Healthy 
 Container paktay-fresh-keycloak-1 Starting 
 Container paktay-fresh-keycloak-1 Started 
 Container paktay-fresh-keycloak-1 Waiting 
 Container paktay-fresh-keycloak-1 Healthy 
 Container paktay-fresh-keycloak-init-1 Starting 
 Container paktay-fresh-keycloak-init-1 Started 
 Container paktay-fresh-keycloak-init-1 Waiting 
 Container paktay-fresh-business-db-1 Waiting 
 Container paktay-fresh-business-db-1 Waiting 
 Container paktay-fresh-keycloak-init-1 Waiting 
 Container paktay-fresh-business-db-1 Healthy 
 Container paktay-fresh-business-db-1 Healthy 
 Container paktay-fresh-keycloak-init-1 Exited 
 Container paktay-fresh-business-svc-1 Starting 
 Container paktay-fresh-keycloak-init-1 Exited 
 Container paktay-fresh-auth-svc-1 Starting 
 Container paktay-fresh-auth-svc-1 Started 
 Container paktay-fresh-business-svc-1 Started 
up=0
