      This ensures that you're testing the behavior the user would see in the browser. Learn more at https://react.dev/link/wrap-tests-with-act

       96 |       if (!mounted) return;
       97 |       if (result.ok) setRemoteBudget(result.data);
    >  98 |       setRemoteLoaded(true);
          |       ^
       99 |     });
      100 |     return () => {
      101 |       mounted = false;

      at node_modules/react-test-renderer/cjs/react-test-renderer.development.js:14402:19
      at runWithFiberInDEV (node_modules/react-test-renderer/cjs/react-test-renderer.development.js:2315:13)
      at warnIfUpdatesNotWrappedWithActDEV (node_modules/react-test-renderer/cjs/react-test-renderer.development.js:14401:9)
      at scheduleUpdateOnFiber (node_modules/react-test-renderer/cjs/react-test-renderer.development.js:12086:9)
      at dispatchSetStateInternal (node_modules/react-test-renderer/cjs/react-test-renderer.development.js:6208:13)
      at dispatchSetState (node_modules/react-test-renderer/cjs/react-test-renderer.development.js:6165:7)
      at setRemoteLoaded (src/features/expenses/screens/BudgetsScreen.tsx:98:7)

    console.error
      An update to SplashProvider inside a test was not wrapped in act(...).
      
      When testing, code that causes React state updates should be wrapped into act(...):
      
      act(() => {
        /* fire events that update state */
      });
      /* assert on the output */
      
      This ensures that you're testing the behavior the user would see in the browser. Learn more at https://react.dev/link/wrap-tests-with-act

      88 |           }
      89 |         });
    > 90 |         if (!cancelled) setConnectionFailed(!healthy);
         |                         ^
      91 |         if (healthy) await bootstrapRef.current?.();
      92 |       } catch (error) {
      93 |         // Un fallo de arranque no debe dejar al usuario atrapado en el splash:

      at node_modules/react-test-renderer/cjs/react-test-renderer.development.js:14402:19
      at runWithFiberInDEV (node_modules/react-test-renderer/cjs/react-test-renderer.development.js:2315:13)
      at warnIfUpdatesNotWrappedWithActDEV (node_modules/react-test-renderer/cjs/react-test-renderer.development.js:14401:9)
      at scheduleUpdateOnFiber (node_modules/react-test-renderer/cjs/react-test-renderer.development.js:12086:9)
      at dispatchSetStateInternal (node_modules/react-test-renderer/cjs/react-test-renderer.development.js:6208:13)
      at dispatchSetState (node_modules/react-test-renderer/cjs/react-test-renderer.development.js:6165:7)
      at setConnectionFailed (src/app/providers/SplashProvider.tsx:90:25)
      at asyncGeneratorStep (node_modules/@babel/runtime/helpers/asyncToGenerator.js:3:17)
      at _next (node_modules/@babel/runtime/helpers/asyncToGenerator.js:17:9)

    console.info
      [http][keycloak] POST /realms/paktay/protocol/openid-connect/token · renovando sesión

      at info (src/features/auth/restoreSession.ts:36:11)

    console.error
      [http][keycloak] POST /realms/paktay/protocol/openid-connect/token · error de red · Una prueba intentó salir a la red: http://localhost:28180/realms/paktay/protocol/openid-connect/token. Usa fakeAuthServer() para programar la respuesta.

      79 |     // para volver a intentarlo en el siguiente arranque, pero no se entra al Home.
      80 |     const detail = error instanceof Error ? error.message : 'error desconocido';
    > 81 |     console.error(`[http][keycloak] POST ${refreshPath} · error de red · ${detail}`);
         |             ^
      82 |     return 'signed-out';
      83 |   }
      84 | };

      at error (src/features/auth/restoreSession.ts:81:13)
          at Generator.throw (<anonymous>)
      at asyncGeneratorStep (node_modules/@babel/runtime/helpers/asyncToGenerator.js:3:17)
      at _throw (node_modules/@babel/runtime/helpers/asyncToGenerator.js:20:9)

    console.info
      [http][business] GET /api/v1/user/profile · consultando perfil

      at info (src/features/profile/accountApi.ts:106:13)

    console.error
      [http][business] GET /api/v1/user/profile · error de red · Una prueba intentó salir a la red: http://localhost:28082/api/v1/user/profile. Usa fakeAuthServer() para programar la respuesta.

      142 |   } catch (error) {
      143 |     const detail = error instanceof Error ? error.message : 'error desconocido';
    > 144 |     console.error(`[http][business] GET ${path} · error de red · ${detail}`);
          |             ^
      145 |     return {ok: false, message: 'No pudimos conectar con el servicio de perfil.'};
      146 |   }
      147 | };

      at error (src/features/profile/accountApi.ts:144:13)
          at Generator.throw (<anonymous>)
      at asyncGeneratorStep (node_modules/@babel/runtime/helpers/asyncToGenerator.js:3:17)
      at _throw (node_modules/@babel/runtime/helpers/asyncToGenerator.js:20:9)

    console.info
      [http][business] GET /api/v1/user/profile · consultando perfil

      at info (src/features/profile/accountApi.ts:106:13)

    console.error
      [http][business] GET /api/v1/user/profile · error de red · Una prueba intentó salir a la red: http://localhost:28082/api/v1/user/profile. Usa fakeAuthServer() para programar la respuesta.

      142 |   } catch (error) {
      143 |     const detail = error instanceof Error ? error.message : 'error desconocido';
    > 144 |     console.error(`[http][business] GET ${path} · error de red · ${detail}`);
          |             ^
      145 |     return {ok: false, message: 'No pudimos conectar con el servicio de perfil.'};
      146 |   }
      147 | };

      at error (src/features/profile/accountApi.ts:144:13)
          at Generator.throw (<anonymous>)
      at asyncGeneratorStep (node_modules/@babel/runtime/helpers/asyncToGenerator.js:3:17)
      at _throw (node_modules/@babel/runtime/helpers/asyncToGenerator.js:20:9)

    console.info
      [http][business] GET /api/v1/user/profile · consultando perfil

      at info (src/features/profile/accountApi.ts:106:13)

    console.error
      [http][business] GET /api/v1/user/profile · error de red · Una prueba intentó salir a la red: http://localhost:28082/api/v1/user/profile. Usa fakeAuthServer() para programar la respuesta.

      142 |   } catch (error) {
      143 |     const detail = error instanceof Error ? error.message : 'error desconocido';
    > 144 |     console.error(`[http][business] GET ${path} · error de red · ${detail}`);
          |             ^
      145 |     return {ok: false, message: 'No pudimos conectar con el servicio de perfil.'};
      146 |   }
      147 | };

      at error (src/features/profile/accountApi.ts:144:13)
          at Generator.throw (<anonymous>)
      at asyncGeneratorStep (node_modules/@babel/runtime/helpers/asyncToGenerator.js:3:17)
      at _throw (node_modules/@babel/runtime/helpers/asyncToGenerator.js:20:9)

PASS __tests__/shortcutStatus.test.ts
PASS __tests__/monthlySummary.test.ts
PASS __tests__/startupHealth.test.ts
  ● Console

    console.info
      [http][startup] GET Keycloak healthcheck · iniciando

      at info (src/features/auth/startupHealth.ts:26:13)

    console.info
      [http][startup] GET Auth healthcheck · iniciando

      at info (src/features/auth/startupHealth.ts:26:13)

    console.info
      [http][startup] GET Business healthcheck · iniciando

      at info (src/features/auth/startupHealth.ts:26:13)

    console.info
      [http][startup] GET Keycloak healthcheck · disponible · status=200

      at info (src/features/auth/startupHealth.ts:29:15)

    console.info
      [http][startup] GET Auth healthcheck · disponible · status=200

      at info (src/features/auth/startupHealth.ts:29:15)

    console.info
      [http][startup] GET Business healthcheck · disponible · status=200

      at info (src/features/auth/startupHealth.ts:29:15)

    console.info
      [http][startup] GET Keycloak healthcheck · iniciando

      at info (src/features/auth/startupHealth.ts:26:13)

    console.info
      [http][startup] GET Auth healthcheck · iniciando

      at info (src/features/auth/startupHealth.ts:26:13)

    console.info
      [http][startup] GET Business healthcheck · iniciando

      at info (src/features/auth/startupHealth.ts:26:13)

    console.error
      [http][startup] GET Keycloak healthcheck · sin conexión · sin conexión

      39 |   } catch (error) {
      40 |     const detail = error instanceof Error ? error.message : String(error);
    > 41 |     console.error(`[http][startup] GET ${name} healthcheck · sin conexión · ${detail}`);
         |             ^
      42 |     return false;
      43 |   }
      44 | };

      at error (src/features/auth/startupHealth.ts:41:13)
          at Generator.throw (<anonymous>)
      at asyncGeneratorStep (node_modules/@babel/runtime/helpers/asyncToGenerator.js:3:17)
      at _throw (node_modules/@babel/runtime/helpers/asyncToGenerator.js:20:9)

    console.error
      [http][startup] GET Auth healthcheck · sin conexión · sin conexión

      39 |   } catch (error) {
      40 |     const detail = error instanceof Error ? error.message : String(error);
    > 41 |     console.error(`[http][startup] GET ${name} healthcheck · sin conexión · ${detail}`);
         |             ^
      42 |     return false;
      43 |   }
      44 | };

      at error (src/features/auth/startupHealth.ts:41:13)
          at Generator.throw (<anonymous>)
      at asyncGeneratorStep (node_modules/@babel/runtime/helpers/asyncToGenerator.js:3:17)
      at _throw (node_modules/@babel/runtime/helpers/asyncToGenerator.js:20:9)

    console.error
      [http][startup] GET Business healthcheck · sin conexión · sin conexión

      39 |   } catch (error) {
      40 |     const detail = error instanceof Error ? error.message : String(error);
    > 41 |     console.error(`[http][startup] GET ${name} healthcheck · sin conexión · ${detail}`);
         |             ^
      42 |     return false;
      43 |   }
      44 | };

      at error (src/features/auth/startupHealth.ts:41:13)
          at Generator.throw (<anonymous>)
      at asyncGeneratorStep (node_modules/@babel/runtime/helpers/asyncToGenerator.js:3:17)
      at _throw (node_modules/@babel/runtime/helpers/asyncToGenerator.js:20:9)

PASS __tests__/bankCatalog.test.ts
  ● Console

    console.warn
      [auth] Keychain no está enlazado en este binario; usando almacenamiento local hasta recompilar iOS.

      47 |   if (warnedMissingKeychain) return;
      48 |   warnedMissingKeychain = true;
    > 49 |   console.warn(
         |           ^
      50 |     '[auth] Keychain no está enlazado en este binario; usando almacenamiento local hasta recompilar iOS.',
      51 |   );
      52 | };

      at warn (src/features/auth/tokens.ts:49:11)
      at warnMissingKeychain (src/features/auth/tokens.ts:107:31)
      at asyncGeneratorStep (node_modules/@babel/runtime/helpers/asyncToGenerator.js:3:17)
      at _next (node_modules/@babel/runtime/helpers/asyncToGenerator.js:17:9)
      at node_modules/@babel/runtime/helpers/asyncToGenerator.js:22:7
      at node_modules/@babel/runtime/helpers/asyncToGenerator.js:14:12
      at apply (src/features/auth/tokens.ts:95:24)
      at src/features/expenses/bankCatalog.ts:51:35
      at asyncGeneratorStep (node_modules/@babel/runtime/helpers/asyncToGenerator.js:3:17)
      at _next (node_modules/@babel/runtime/helpers/asyncToGenerator.js:17:9)
      at node_modules/@babel/runtime/helpers/asyncToGenerator.js:22:7
      at node_modules/@babel/runtime/helpers/asyncToGenerator.js:14:12
      at apply (src/features/expenses/bankCatalog.ts:50:29)
      at Object.<anonymous> (__tests__/bankCatalog.test.ts:19:31)
      at asyncGeneratorStep (node_modules/@babel/runtime/helpers/asyncToGenerator.js:3:17)
      at _next (node_modules/@babel/runtime/helpers/asyncToGenerator.js:17:9)
      at node_modules/@babel/runtime/helpers/asyncToGenerator.js:22:7
      at Object.<anonymous> (node_modules/@babel/runtime/helpers/asyncToGenerator.js:14:12)

    console.info
      [http][business] GET /api/v1/catalog/banks · consultando catálogo

      at info (src/features/expenses/bankCatalog.ts:63:13)

    console.info
      [http][business] GET /api/v1/catalog/banks · completado · status=200 · items=1

      at info (src/features/expenses/bankCatalog.ts:112:13)

    console.info
      [http][business] GET /api/v1/catalog/banks · consultando catálogo

      at info (src/features/expenses/bankCatalog.ts:63:13)

    console.warn
      [http][business] GET /api/v1/catalog/banks · sesión rechazada · status=401

      71 |
      72 |     if (response.status === 401 || response.status === 403) {
    > 73 |       console.warn(`[http][business] GET ${path} · sesión rechazada · status=${response.status}`);
         |               ^
      74 |       notifyIfUnauthorized(response.status);
      75 |       return {
      76 |         ok: false,

      at warn (src/features/expenses/bankCatalog.ts:73:15)
      at asyncGeneratorStep (node_modules/@babel/runtime/helpers/asyncToGenerator.js:3:17)
      at _next (node_modules/@babel/runtime/helpers/asyncToGenerator.js:17:9)


Test Suites: 51 passed, 51 total
Tests:       537 passed, 537 total
Snapshots:   0 total
Time:        3.112 s, estimated 4 s
Ran all test suites.
exit=0
