 Image paktay-local-business-svc Building 
 Image paktay-local-auth-svc Building 
#1 [internal] load local bake definitions
#1 reading from stdin 1.14kB done
#1 DONE 0.0s

#2 [auth-svc internal] load build definition from Dockerfile
#2 transferring dockerfile: 557B done
#2 DONE 0.0s

#3 [business-svc internal] load build definition from Dockerfile
#3 transferring dockerfile: 575B done
#3 DONE 0.0s

#4 [business-svc internal] load metadata for docker.io/library/maven:3.9.9-eclipse-temurin-17
#4 ...

#5 [auth] library/eclipse-temurin:pull token for registry-1.docker.io
#5 DONE 0.0s

#6 [auth] library/maven:pull token for registry-1.docker.io
#6 DONE 0.0s

#7 [business-svc internal] load metadata for docker.io/library/eclipse-temurin:17-jre
#7 DONE 1.1s

#4 [business-svc internal] load metadata for docker.io/library/maven:3.9.9-eclipse-temurin-17
#4 DONE 1.1s

#8 [auth-svc internal] load .dockerignore
#8 transferring context: 123B done
#8 DONE 0.0s

#9 [business-svc build 1/7] FROM docker.io/library/maven:3.9.9-eclipse-temurin-17@sha256:f58d59b6273e785ac0a4477f6e9b5ba1d7731c75b906c0f7b34076f1851318cc
#9 resolve docker.io/library/maven:3.9.9-eclipse-temurin-17@sha256:f58d59b6273e785ac0a4477f6e9b5ba1d7731c75b906c0f7b34076f1851318cc done
#9 DONE 0.0s

#10 [auth-svc stage-1 1/3] FROM docker.io/library/eclipse-temurin:17-jre@sha256:34d6aaf0fa4ef553c470234ec23c32c7d5c0f370c2bd4b0bf8a16838052d85f0
#10 resolve docker.io/library/eclipse-temurin:17-jre@sha256:34d6aaf0fa4ef553c470234ec23c32c7d5c0f370c2bd4b0bf8a16838052d85f0 done
#10 DONE 0.0s

#11 [auth-svc internal] load build context
#11 transferring context: 159.02kB done
#11 DONE 0.0s

#12 [auth-svc build 4/7] COPY auth-svc/pom.xml ./auth-svc/pom.xml
#12 CACHED

#13 [auth-svc build 3/7] COPY pom.xml ./pom.xml
#13 CACHED

#14 [auth-svc build 6/7] COPY auth-svc/src ./auth-svc/src
#14 CACHED

#15 [auth-svc build 7/7] RUN mvn --batch-mode --no-transfer-progress -pl auth-svc -am package -DskipTests
#15 CACHED

#16 [auth-svc stage-1 2/3] WORKDIR /app
#16 CACHED

#17 [auth-svc stage-1 3/3] COPY --from=build /workspace/auth-svc/target/auth-svc-0.1.0-SNAPSHOT.jar app.jar
#17 CACHED

#18 [business-svc internal] load build context
#18 transferring context: 679.60kB 0.0s done
#18 DONE 0.0s

#19 [business-svc build 3/7] COPY pom.xml ./pom.xml
#19 CACHED

#20 [business-svc build 4/7] COPY auth-svc/pom.xml ./auth-svc/pom.xml
#20 CACHED

#21 [business-svc build 2/7] WORKDIR /workspace
#21 CACHED

#22 [business-svc build 5/7] COPY business-svc/pom.xml ./business-svc/pom.xml
#22 CACHED

#23 [auth-svc build 5/7] COPY business-svc/pom.xml ./business-svc/pom.xml
#23 CACHED

#24 [auth-svc] exporting to image
#24 exporting layers done
#24 exporting manifest sha256:2747d226ee1ba8a235cec5341a83237f1a27993fd88835f512db93639bf3f94e done
#24 exporting config sha256:968e5faa2ca6e1d2996d6d610ba9e88392a88ed129d1982e5111aa505c09a01e done
#24 exporting attestation manifest sha256:b481d88aaeb25ce7d13efbc82b19e07a05bf47cd81492fdbb4c8e301ea1f00e2 done
#24 exporting manifest list sha256:c1e0a8529abcea09800320853c07e3d981d1873bb70288cd47c8c7cb00a6652a done
#24 naming to docker.io/library/paktay-local-auth-svc:latest done
#24 unpacking to docker.io/library/paktay-local-auth-svc:latest done
#24 DONE 0.0s

#25 [business-svc build 6/7] COPY business-svc/src ./business-svc/src
#25 DONE 0.0s

#26 [auth-svc] resolving provenance for metadata file
#26 DONE 0.0s

#27 [business-svc build 7/7] RUN mvn --batch-mode --no-transfer-progress -pl business-svc -am package -DskipTests
#27 0.683 [INFO] Scanning for projects...
#27 7.152 [INFO] ------------------------------------------------------------------------
#27 7.152 [INFO] Reactor Build Order:
#27 7.152 [INFO] 
#27 7.152 [INFO] Paktay Backend                                                     [pom]
#27 7.152 [INFO] Paktay Business Service                                            [jar]
#27 7.157 [INFO] 
#27 7.157 [INFO] ----------------------< ec.paktay:paktay-backend >----------------------
#27 7.157 [INFO] Building Paktay Backend 0.1.0-SNAPSHOT                             [1/2]
#27 7.157 [INFO]   from pom.xml
#27 7.157 [INFO] --------------------------------[ pom ]---------------------------------
#27 7.821 [INFO] 
#27 7.821 [INFO] --- dependency:3.8.1:properties (ruta-de-dependencias) @ paktay-backend ---
#27 26.84 [INFO] 
#27 26.84 [INFO] -----------------------< ec.paktay:business-svc >-----------------------
#27 26.84 [INFO] Building Paktay Business Service 0.1.0-SNAPSHOT                    [2/2]
#27 26.84 [INFO]   from business-svc/pom.xml
#27 26.84 [INFO] --------------------------------[ jar ]---------------------------------
#27 68.23 [INFO] 
#27 68.23 [INFO] --- dependency:3.8.1:properties (ruta-de-dependencias) @ business-svc ---
#27 68.23 [INFO] 
#27 68.23 [INFO] --- resources:3.3.1:resources (default-resources) @ business-svc ---
#27 69.36 [INFO] Copying 1 resource from src/main/resources to target/classes
#27 69.37 [INFO] Copying 12 resources from src/main/resources to target/classes
#27 69.37 [INFO] 
#27 69.37 [INFO] --- compiler:3.13.0:compile (default-compile) @ business-svc ---
#27 71.54 [INFO] Recompiling the module because of changed source code.
#27 71.54 [INFO] Compiling 126 source files with javac [debug parameters release 17] to target/classes
#27 72.62 [INFO] 
#27 72.62 [INFO] --- resources:3.3.1:testResources (default-testResources) @ business-svc ---
#27 72.62 [INFO] skip non existing resourceDirectory /workspace/business-svc/src/test/resources
#27 72.62 [INFO] 
#27 72.62 [INFO] --- compiler:3.13.0:testCompile (default-testCompile) @ business-svc ---
#27 72.62 [INFO] Recompiling the module because of changed dependency.
#27 72.62 [INFO] Compiling 14 source files with javac [debug parameters release 17] to target/test-classes
#27 72.77 [INFO] 
#27 72.77 [INFO] --- surefire:3.5.3:test (default-test) @ business-svc ---
#27 74.81 [INFO] Tests are skipped.
#27 74.81 [INFO] 
#27 74.81 [INFO] --- jar:3.4.2:jar (default-jar) @ business-svc ---
#27 76.35 [INFO] Building jar: /workspace/business-svc/target/business-svc-0.1.0-SNAPSHOT.jar
#27 76.37 [INFO] 
#27 76.37 [INFO] --- spring-boot:3.4.5:repackage (repackage) @ business-svc ---
#27 81.03 [INFO] Replacing main artifact /workspace/business-svc/target/business-svc-0.1.0-SNAPSHOT.jar with repackaged archive, adding nested dependencies in BOOT-INF/.
#27 81.03 [INFO] The original artifact has been renamed to /workspace/business-svc/target/business-svc-0.1.0-SNAPSHOT.jar.original
#27 81.03 [INFO] ------------------------------------------------------------------------
#27 81.03 [INFO] Reactor Summary for Paktay Backend 0.1.0-SNAPSHOT:
#27 81.03 [INFO] 
#27 81.03 [INFO] Paktay Backend ..................................... SUCCESS [ 19.684 s]
#27 81.03 [INFO] Paktay Business Service ............................ SUCCESS [ 54.185 s]
#27 81.03 [INFO] ------------------------------------------------------------------------
#27 81.03 [INFO] BUILD SUCCESS
#27 81.03 [INFO] ------------------------------------------------------------------------
#27 81.03 [INFO] Total time:  01:20 min
#27 81.03 [INFO] Finished at: 2026-09-30T20:47:22Z
#27 81.03 [INFO] ------------------------------------------------------------------------
#27 DONE 81.1s

#16 [business-svc stage-1 2/3] WORKDIR /app
#16 CACHED

#28 [business-svc stage-1 3/3] COPY --from=build /workspace/business-svc/target/business-svc-0.1.0-SNAPSHOT.jar app.jar
#28 DONE 0.0s

#29 [business-svc] exporting to image
#29 exporting layers
#29 exporting layers 0.6s done
#29 exporting manifest sha256:252eb3b2ad9888232f2ff149c5c16f8d8c8ebcecaf2aaa0569bdd788a547ccd0 done
#29 exporting config sha256:9f409563f39977f3c2a801770442f044ab45e3116d9f15f3a7c7edd79c1a3090 done
#29 exporting attestation manifest sha256:d12d19682bf58d05fc79972978e60fb7cb274db617a007cb8f37349716ba6011 done
#29 exporting manifest list sha256:b0521a77ae90051fcf5dce26911c076f8f096e7dfd6768fa02bc64890b1f7013 done
#29 naming to docker.io/library/paktay-local-business-svc:latest done
#29 unpacking to docker.io/library/paktay-local-business-svc:latest 0.1s done
#29 DONE 0.8s

#30 [business-svc] resolving provenance for metadata file
#30 DONE 0.0s
 Image paktay-local-auth-svc Built 
 Image paktay-local-business-svc Built 
time="2026-09-30T15:47:23-05:00" level=warning msg="Found orphan containers (paktay-local-web-admin-1) for this project. If you removed or renamed this service in your compose file, you can run this command with the --remove-orphans flag to clean it up."
 Container paktay-local-business-db-1 Running 
 Container paktay-local-auth-svc-1 Recreate 
 Container paktay-local-business-svc-1 Recreate 
 Container paktay-local-business-svc-1 Recreated 
 Container paktay-local-auth-svc-1 Recreated 
 Container paktay-local-business-db-1 Waiting 
 Container paktay-local-business-db-1 Waiting 
 Container paktay-local-business-db-1 Healthy 
 Container paktay-local-auth-svc-1 Starting 
 Container paktay-local-business-db-1 Healthy 
 Container paktay-local-business-svc-1 Starting 
 Container paktay-local-auth-svc-1 Started 
 Container paktay-local-business-svc-1 Started 
up=0
