PASS __tests__/InicioScreen.test.tsx (5.955 s)
PASS __tests__/CardScreens.test.tsx (6.595 s)
PASS __tests__/movementFilters.test.ts
PASS __tests__/ProfileSettingsScreens.test.tsx
PASS __tests__/AuthScreens.test.tsx (6.851 s)
PASS __tests__/breakdowns.test.ts
PASS __tests__/cards.test.ts
PASS __tests__/BudgetScreens.test.tsx (7.167 s)
PASS __tests__/customCategories.test.ts
PASS __tests__/CategoryScreens.test.tsx (7.419 s)
PASS __tests__/useExpenseLinks.test.tsx
PASS __tests__/Dia7Screens.test.tsx
PASS __tests__/confirmDraft.test.ts
PASS __tests__/authSession.test.ts
PASS __tests__/BankScreens.test.tsx (7.747 s)
PASS __tests__/MoveMerchantSheet.test.tsx
PASS __tests__/categoryBudgets.test.ts
PASS __tests__/AddExpenseSheet.test.tsx
PASS __tests__/expenseSync.test.ts
PASS __tests__/parseExpenseLink.test.ts
PASS __tests__/summaryApi.test.ts
PASS __tests__/CategoriesScreen.test.tsx
PASS __tests__/AssociateWalletName.test.tsx
PASS __tests__/monthlySummary.test.ts
PASS __tests__/ReviewQueueForms.test.tsx (8.1 s)
PASS __tests__/authApi.test.ts
PASS __tests__/categoryMerge.test.ts
PASS __tests__/DeleteAccountScreen.test.tsx
PASS __tests__/profileContext.test.ts
PASS __tests__/ProfileScreen.test.tsx
PASS __tests__/App.test.tsx (8.36 s)
PASS __tests__/authValidate.test.ts
PASS __tests__/MovementScreens.test.tsx (8.434 s)
PASS __tests__/FirstDayScreens.test.tsx
PASS __tests__/expenseApi.test.ts
PASS __tests__/format.test.ts
PASS __tests__/theme.test.tsx
PASS __tests__/notificationContext.test.ts
PASS __tests__/manualPendingExpense.test.ts
PASS __tests__/AnimatedSplash.test.tsx
PASS __tests__/nativeWalletInbox.test.ts
PASS __tests__/cardFinishes.test.ts
PASS __tests__/sessionEvents.test.ts
PASS __tests__/shortcutStatus.test.ts
PASS __tests__/resolveOnboarding.test.ts
PASS __tests__/manualExpense.test.ts
PASS __tests__/passwordApi.test.ts
PASS __tests__/pushTokenApi.test.ts
PASS __tests__/amountProtection.test.ts
PASS __tests__/shortcutLink.test.ts
PASS __tests__/deleteAccountApi.test.ts
PASS __tests__/manualExpenseDate.test.ts
PASS __tests__/restoreSession.test.ts
PASS __tests__/AutomatizacionesScreen.test.tsx
PASS __tests__/merchantRules.test.ts
PASS __tests__/pendingExpenses.test.ts
PASS __tests__/bankCatalog.test.ts
PASS __tests__/moneyInput.test.ts
PASS __tests__/shortcutLinkPublished.test.ts
PASS __tests__/startupHealth.test.ts
PASS __tests__/WidgetTutorialScreen.test.tsx
PASS __tests__/WalletShortcutScreen.test.tsx
Test Suites: 62 passed, 62 total
Tests:       724 passed, 724 total
