#0 building with "desktop-linux" instance using docker driver

#1 [internal] load build definition from auth.Dockerfile
#1 transferring dockerfile: 573B done
#1 DONE 0.0s

#2 [internal] load metadata for docker.io/library/maven:3.9.9-eclipse-temurin-17
#2 ...

#3 [internal] load metadata for docker.io/library/eclipse-temurin:17-jre
#3 DONE 0.6s

#2 [internal] load metadata for docker.io/library/maven:3.9.9-eclipse-temurin-17
#2 DONE 0.6s

#4 [internal] load .dockerignore
#4 transferring context: 123B done
#4 DONE 0.0s

#5 [stage-1 1/3] FROM docker.io/library/eclipse-temurin:17-jre@sha256:34d6aaf0fa4ef553c470234ec23c32c7d5c0f370c2bd4b0bf8a16838052d85f0
#5 resolve docker.io/library/eclipse-temurin:17-jre@sha256:34d6aaf0fa4ef553c470234ec23c32c7d5c0f370c2bd4b0bf8a16838052d85f0 0.0s done
#5 DONE 0.0s

#6 [build 1/7] FROM docker.io/library/maven:3.9.9-eclipse-temurin-17@sha256:f58d59b6273e785ac0a4477f6e9b5ba1d7731c75b906c0f7b34076f1851318cc
#6 resolve docker.io/library/maven:3.9.9-eclipse-temurin-17@sha256:f58d59b6273e785ac0a4477f6e9b5ba1d7731c75b906c0f7b34076f1851318cc 0.0s done
#6 DONE 0.0s

#7 [internal] load build context
#7 transferring context: 6.22kB done
#7 DONE 0.0s

#8 [build 4/7] COPY auth-svc/pom.xml ./auth-svc/pom.xml
#8 CACHED

#9 [build 2/7] WORKDIR /workspace
#9 CACHED

#10 [build 3/7] COPY pom.xml ./pom.xml
#10 CACHED

#11 [build 5/7] COPY business-svc/pom.xml ./business-svc/pom.xml
#11 CACHED

#12 [build 6/7] COPY auth-svc/src ./auth-svc/src
#12 CACHED

#13 [build 7/7] RUN mvn --batch-mode --no-transfer-progress -pl auth-svc -am package -Dmaven.test.skip=true
#13 0.492 [INFO] Scanning for projects...
#13 7.452 [INFO] ------------------------------------------------------------------------
#13 7.452 [INFO] Reactor Build Order:
#13 7.452 [INFO] 
#13 7.453 [INFO] Paktay Backend                                                     [pom]
#13 7.453 [INFO] Paktay Auth Service                                                [jar]
#13 7.464 [INFO] 
#13 7.464 [INFO] ----------------------< ec.paktay:paktay-backend >----------------------
#13 7.465 [INFO] Building Paktay Backend 0.1.0-SNAPSHOT                             [1/2]
#13 7.465 [INFO]   from pom.xml
#13 7.465 [INFO] --------------------------------[ pom ]---------------------------------
#13 8.190 [INFO] 
#13 8.190 [INFO] --- dependency:3.8.1:properties (ruta-de-dependencias) @ paktay-backend ---
#13 28.58 [INFO] 
#13 28.58 [INFO] -------------------------< ec.paktay:auth-svc >-------------------------
#13 28.58 [INFO] Building Paktay Auth Service 0.1.0-SNAPSHOT                        [2/2]
#13 28.58 [INFO]   from auth-svc/pom.xml
#13 28.58 [INFO] --------------------------------[ jar ]---------------------------------
#13 53.79 [INFO] 
#13 53.79 [INFO] --- dependency:3.8.1:properties (ruta-de-dependencias) @ auth-svc ---
#13 53.79 [INFO] 
#13 53.79 [INFO] --- resources:3.3.1:resources (default-resources) @ auth-svc ---
#13 54.82 [INFO] Copying 1 resource from src/main/resources to target/classes
#13 54.83 [INFO] Copying 3 resources from src/main/resources to target/classes
#13 54.83 [INFO] 
#13 54.83 [INFO] --- compiler:3.13.0:compile (default-compile) @ auth-svc ---
#13 57.06 [INFO] Recompiling the module because of changed source code.
#13 57.06 [INFO] Compiling 48 source files with javac [debug parameters release 17] to target/classes
#13 57.85 [INFO] 
#13 57.85 [INFO] --- resources:3.3.1:testResources (default-testResources) @ auth-svc ---
#13 57.86 [INFO] Not copying test resources
#13 57.86 [INFO] 
#13 57.86 [INFO] --- compiler:3.13.0:testCompile (default-testCompile) @ auth-svc ---
#13 57.86 [INFO] Not compiling test sources
#13 57.86 [INFO] 
#13 57.86 [INFO] --- surefire:3.5.3:test (default-test) @ auth-svc ---
#13 59.43 [INFO] Tests are skipped.
#13 59.43 [INFO] 
#13 59.43 [INFO] --- jar:3.4.2:jar (default-jar) @ auth-svc ---
#13 60.47 [INFO] Building jar: /workspace/auth-svc/target/auth-svc-0.1.0-SNAPSHOT.jar
#13 60.49 [INFO] 
#13 60.49 [INFO] --- spring-boot:3.4.5:repackage (repackage) @ auth-svc ---
#13 65.47 [INFO] Replacing main artifact /workspace/auth-svc/target/auth-svc-0.1.0-SNAPSHOT.jar with repackaged archive, adding nested dependencies in BOOT-INF/.
#13 65.47 [INFO] The original artifact has been renamed to /workspace/auth-svc/target/auth-svc-0.1.0-SNAPSHOT.jar.original
#13 65.47 [INFO] ------------------------------------------------------------------------
#13 65.47 [INFO] Reactor Summary for Paktay Backend 0.1.0-SNAPSHOT:
#13 65.47 [INFO] 
#13 65.47 [INFO] Paktay Backend ..................................... SUCCESS [ 21.118 s]
#13 65.47 [INFO] Paktay Auth Service ................................ SUCCESS [ 36.884 s]
#13 65.47 [INFO] ------------------------------------------------------------------------
#13 65.47 [INFO] BUILD SUCCESS
#13 65.47 [INFO] ------------------------------------------------------------------------
#13 65.47 [INFO] Total time:  01:04 min
#13 65.47 [INFO] Finished at: 2026-09-26T17:43:55Z
#13 65.47 [INFO] ------------------------------------------------------------------------
#13 DONE 65.5s

#14 [stage-1 2/3] WORKDIR /app
#14 CACHED

#15 [stage-1 3/3] COPY --from=build /workspace/auth-svc/target/auth-svc-0.1.0-SNAPSHOT.jar app.jar
#15 DONE 0.0s

#16 exporting to image
#16 exporting layers
#16 exporting layers 0.5s done
#16 exporting manifest sha256:2f03db4d54aa81fe7d68e590c5c86436c5d4f2f16b7c42399a3d495e1b0d7c59 done
#16 exporting config sha256:036c3c375123a28aad57849af2d686e52b9d0c726f8ae7474dc6a37c0067feec done
#16 exporting attestation manifest sha256:d14b8d27bfc0688667fc93789832a5a8ca550fd34f3639b293d344b96abaffb1 done
#16 exporting manifest list sha256:8053e079d4bb288c0ee0613e7386b6f1cbd74a76164db97f74539d79d84e5a21 done
#16 naming to docker.io/library/paktay-local-auth-svc:latest done
#16 unpacking to docker.io/library/paktay-local-auth-svc:latest 0.1s done
#16 DONE 0.7s
