#0 building with "desktop-linux" instance using docker driver

#1 [internal] load build definition from business.Dockerfile
#1 transferring dockerfile: 595B done
#1 DONE 0.0s

#2 [internal] load metadata for docker.io/library/maven:3.9.9-eclipse-temurin-17
#2 ...

#3 [internal] load metadata for docker.io/library/eclipse-temurin:17-jre
#3 DONE 0.5s

#2 [internal] load metadata for docker.io/library/maven:3.9.9-eclipse-temurin-17
#2 DONE 0.5s

#4 [internal] load .dockerignore
#4 transferring context: 123B done
#4 DONE 0.0s

#5 [stage-1 1/3] FROM docker.io/library/eclipse-temurin:17-jre@sha256:34d6aaf0fa4ef553c470234ec23c32c7d5c0f370c2bd4b0bf8a16838052d85f0
#5 resolve docker.io/library/eclipse-temurin:17-jre@sha256:34d6aaf0fa4ef553c470234ec23c32c7d5c0f370c2bd4b0bf8a16838052d85f0 done
#5 DONE 0.0s

#6 [build 1/7] FROM docker.io/library/maven:3.9.9-eclipse-temurin-17@sha256:f58d59b6273e785ac0a4477f6e9b5ba1d7731c75b906c0f7b34076f1851318cc
#6 resolve docker.io/library/maven:3.9.9-eclipse-temurin-17@sha256:f58d59b6273e785ac0a4477f6e9b5ba1d7731c75b906c0f7b34076f1851318cc done
#6 DONE 0.0s

#7 [internal] load build context
#7 transferring context: 612.15kB 0.0s done
#7 DONE 0.0s

#8 [build 5/7] COPY business-svc/pom.xml ./business-svc/pom.xml
#8 CACHED

#9 [build 4/7] COPY auth-svc/pom.xml ./auth-svc/pom.xml
#9 CACHED

#10 [build 2/7] WORKDIR /workspace
#10 CACHED

#11 [build 3/7] COPY pom.xml ./pom.xml
#11 CACHED

#12 [build 6/7] COPY business-svc/src ./business-svc/src
#12 CACHED

#13 [build 7/7] RUN mvn --batch-mode --no-transfer-progress -pl business-svc -am package -Dmaven.test.skip=true
#13 0.468 [INFO] Scanning for projects...
#13 7.543 [INFO] ------------------------------------------------------------------------
#13 7.543 [INFO] Reactor Build Order:
#13 7.543 [INFO] 
#13 7.544 [INFO] Paktay Backend                                                     [pom]
#13 7.544 [INFO] Paktay Business Service                                            [jar]
#13 7.550 [INFO] 
#13 7.550 [INFO] ----------------------< ec.paktay:paktay-backend >----------------------
#13 7.550 [INFO] Building Paktay Backend 0.1.0-SNAPSHOT                             [1/2]
#13 7.550 [INFO]   from pom.xml
#13 7.550 [INFO] --------------------------------[ pom ]---------------------------------
#13 8.263 [INFO] 
#13 8.263 [INFO] --- dependency:3.8.1:properties (ruta-de-dependencias) @ paktay-backend ---
#13 28.30 [INFO] 
#13 28.30 [INFO] -----------------------< ec.paktay:business-svc >-----------------------
#13 28.30 [INFO] Building Paktay Business Service 0.1.0-SNAPSHOT                    [2/2]
#13 28.30 [INFO]   from business-svc/pom.xml
#13 28.30 [INFO] --------------------------------[ jar ]---------------------------------
#13 60.69 [INFO] 
#13 60.69 [INFO] --- dependency:3.8.1:properties (ruta-de-dependencias) @ business-svc ---
#13 60.69 [INFO] 
#13 60.69 [INFO] --- resources:3.3.1:resources (default-resources) @ business-svc ---
#13 61.71 [INFO] Copying 1 resource from src/main/resources to target/classes
#13 61.72 [INFO] Copying 10 resources from src/main/resources to target/classes
#13 61.72 [INFO] 
#13 61.72 [INFO] --- compiler:3.13.0:compile (default-compile) @ business-svc ---
#13 63.92 [INFO] Recompiling the module because of changed source code.
#13 63.92 [INFO] Compiling 116 source files with javac [debug parameters release 17] to target/classes
#13 64.99 [INFO] 
#13 64.99 [INFO] --- resources:3.3.1:testResources (default-testResources) @ business-svc ---
#13 64.99 [INFO] Not copying test resources
#13 64.99 [INFO] 
#13 64.99 [INFO] --- compiler:3.13.0:testCompile (default-testCompile) @ business-svc ---
#13 64.99 [INFO] Not compiling test sources
#13 64.99 [INFO] 
#13 64.99 [INFO] --- surefire:3.5.3:test (default-test) @ business-svc ---
#13 66.49 [INFO] Tests are skipped.
#13 66.49 [INFO] 
#13 66.49 [INFO] --- jar:3.4.2:jar (default-jar) @ business-svc ---
#13 67.40 [INFO] Building jar: /workspace/business-svc/target/business-svc-0.1.0-SNAPSHOT.jar
#13 67.42 [INFO] 
#13 67.42 [INFO] --- spring-boot:3.4.5:repackage (repackage) @ business-svc ---
#13 72.14 [INFO] Replacing main artifact /workspace/business-svc/target/business-svc-0.1.0-SNAPSHOT.jar with repackaged archive, adding nested dependencies in BOOT-INF/.
#13 72.14 [INFO] The original artifact has been renamed to /workspace/business-svc/target/business-svc-0.1.0-SNAPSHOT.jar.original
#13 72.14 [INFO] ------------------------------------------------------------------------
#13 72.14 [INFO] Reactor Summary for Paktay Backend 0.1.0-SNAPSHOT:
#13 72.14 [INFO] 
#13 72.14 [INFO] Paktay Backend ..................................... SUCCESS [ 20.746 s]
#13 72.14 [INFO] Paktay Business Service ............................ SUCCESS [ 43.841 s]
#13 72.14 [INFO] ------------------------------------------------------------------------
#13 72.14 [INFO] BUILD SUCCESS
#13 72.14 [INFO] ------------------------------------------------------------------------
#13 72.14 [INFO] Total time:  01:11 min
#13 72.14 [INFO] Finished at: 2026-09-26T17:45:08Z
#13 72.14 [INFO] ------------------------------------------------------------------------
#13 DONE 72.2s

#14 [stage-1 2/3] WORKDIR /app
#14 CACHED

#15 [stage-1 3/3] COPY --from=build /workspace/business-svc/target/business-svc-0.1.0-SNAPSHOT.jar app.jar
#15 DONE 0.0s

#16 exporting to image
#16 exporting layers
#16 exporting layers 0.6s done
#16 exporting manifest sha256:6eb7ffd0e1953a52721ff6593c84b66b4b323c861ee28f76bda6b09b6bfe8e77 done
#16 exporting config sha256:475b1c7b40c8de8b7dd27ab71aa04893b883c65840d78035f5d5ede9cc805155 done
#16 exporting attestation manifest sha256:16cae2ffec435588e9957f3133d5529d365dcdc8fa015ce79cf06bd200844a85 done
#16 exporting manifest list sha256:1031b5a71c1d55dfd15b83480f9559f76675f43a78f6132f8ecf051ed89fba96 done
#16 naming to docker.io/library/paktay-local-business-svc:latest done
#16 unpacking to docker.io/library/paktay-local-business-svc:latest 0.1s done
#16 DONE 0.8s
