"/api/v1/admin/audit"
"/api/v1/admin/catalog/banks"
"/api/v1/admin/catalog/banks/counts"
"/api/v1/admin/catalog/banks/{id}"
"/api/v1/admin/catalog/banks/{id}/offerings"
"/api/v1/admin/catalog/categories"
"/api/v1/admin/catalog/categories/{code}"
"/api/v1/admin/catalog/countries"
"/api/v1/admin/catalog/countries/{code}"
"/api/v1/admin/catalog/currencies"
"/api/v1/admin/catalog/currencies/{code}"
"/api/v1/admin/metrics/summary"
"/api/v1/admin/notifications"
"/api/v1/admin/notifications/summary"
"/api/v1/admin/notifications/test"
"/api/v1/admin/support/tickets"
"/api/v1/admin/support/tickets/counts"
"/api/v1/admin/support/tickets/{id}"
"/api/v1/admin/support/tickets/{id}/messages"
"/api/v1/admin/system/status"
"/api/v1/admin/users"
"/api/v1/admin/users/{id}"
"/api/v1/admin/users/{id}/plan"
"/api/v1/app/entry"
"/api/v1/catalog/banks"
"/api/v1/catalog/categories"
"/api/v1/catalog/countries"
"/api/v1/catalog/currencies"
"/api/v1/public/support/tickets"
"/api/v1/public/support/verify"
"/api/v1/security/devices"
"/api/v1/security/devices/me"
"/api/v1/security/devices/{deviceId}"
"/api/v1/security/devices/{deviceId}/push-token"
"/api/v1/user/budgets/current"
"/api/v1/user/budgets/current/categories/{categoryId}"
"/api/v1/user/cards"
"/api/v1/user/cards/{cardId}"
"/api/v1/user/cards/{cardId}/activate"
"/api/v1/user/cards/{cardId}/deactivate"
"/api/v1/user/cards/{cardId}/limit"
"/api/v1/user/cards/{cardId}/wallet-name"
"/api/v1/user/categories"
"/api/v1/user/categories/from-system/{systemCategoryId}"
"/api/v1/user/categories/{categoryId}"
"/api/v1/user/categories/{categoryId}/appearance"
"/api/v1/user/entitlements"
"/api/v1/user/expenses"
"/api/v1/user/expenses/{id}"
"/api/v1/user/expenses/{id}/void"
"/api/v1/user/merchant-rules"
"/api/v1/user/merchant-rules/{id}"
"/api/v1/user/profile"
"/api/v1/user/profile/avatar"
"/api/v1/user/profile/context"
"/api/v1/user/summary"
