 Image paktay-local-business-svc Building 
 Image paktay-local-auth-svc Building 
#1 [internal] load local bake definitions
#1 reading from stdin 1.14kB done
#1 DONE 0.0s

#2 [business-svc internal] load build definition from Dockerfile
#2 transferring dockerfile: 575B done
#2 DONE 0.0s

#3 [auth-svc internal] load build definition from Dockerfile
#3 transferring dockerfile: 557B done
#3 DONE 0.0s

#4 [auth] library/eclipse-temurin:pull token for registry-1.docker.io
#4 DONE 0.0s

#5 [auth] library/maven:pull token for registry-1.docker.io
#5 DONE 0.0s

#6 [business-svc internal] load metadata for docker.io/library/maven:3.9.9-eclipse-temurin-17
#6 DONE 1.0s

#7 [business-svc internal] load metadata for docker.io/library/eclipse-temurin:17-jre
#7 DONE 1.0s

#8 [business-svc internal] load .dockerignore
#8 transferring context: 123B done
#8 DONE 0.0s

#9 [auth-svc stage-1 1/3] FROM docker.io/library/eclipse-temurin:17-jre@sha256:34d6aaf0fa4ef553c470234ec23c32c7d5c0f370c2bd4b0bf8a16838052d85f0
#9 resolve docker.io/library/eclipse-temurin:17-jre@sha256:34d6aaf0fa4ef553c470234ec23c32c7d5c0f370c2bd4b0bf8a16838052d85f0 done
#9 DONE 0.0s

#10 [auth-svc build 1/7] FROM docker.io/library/maven:3.9.9-eclipse-temurin-17@sha256:f58d59b6273e785ac0a4477f6e9b5ba1d7731c75b906c0f7b34076f1851318cc
#10 resolve docker.io/library/maven:3.9.9-eclipse-temurin-17@sha256:f58d59b6273e785ac0a4477f6e9b5ba1d7731c75b906c0f7b34076f1851318cc done
#10 DONE 0.0s

#11 [business-svc internal] load build context
#11 transferring context: 15.09kB done
#11 DONE 0.0s

#12 [auth-svc internal] load build context
#12 transferring context: 154.98kB 0.0s done
#12 DONE 0.0s

#13 [business-svc build 4/7] COPY auth-svc/pom.xml ./auth-svc/pom.xml
#13 CACHED

#14 [business-svc build 3/7] COPY pom.xml ./pom.xml
#14 CACHED

#15 [business-svc build 6/7] COPY business-svc/src ./business-svc/src
#15 CACHED

#16 [auth-svc build 5/7] COPY business-svc/pom.xml ./business-svc/pom.xml
#16 CACHED

#17 [auth-svc build 3/7] COPY pom.xml ./pom.xml
#17 CACHED

#18 [auth-svc build 2/7] WORKDIR /workspace
#18 CACHED

#19 [auth-svc build 4/7] COPY auth-svc/pom.xml ./auth-svc/pom.xml
#19 CACHED

#20 [auth-svc build 5/7] COPY business-svc/pom.xml ./business-svc/pom.xml
#20 CACHED

#21 [auth-svc build 6/7] COPY auth-svc/src ./auth-svc/src
#21 DONE 0.0s

#22 [auth-svc build 7/7] RUN mvn --batch-mode --no-transfer-progress -pl auth-svc -am package -DskipTests
#22 0.631 [INFO] Scanning for projects...
#22 8.024 [INFO] ------------------------------------------------------------------------
#22 8.024 [INFO] Reactor Build Order:
#22 8.024 [INFO] 
#22 8.025 [INFO] Paktay Backend                                                     [pom]
#22 8.025 [INFO] Paktay Auth Service                                                [jar]
#22 8.030 [INFO] 
#22 8.030 [INFO] ----------------------< ec.paktay:paktay-backend >----------------------
#22 8.030 [INFO] Building Paktay Backend 0.1.0-SNAPSHOT                             [1/2]
#22 8.030 [INFO]   from pom.xml
#22 8.030 [INFO] --------------------------------[ pom ]---------------------------------
#22 ...

#23 [business-svc build 7/7] RUN mvn --batch-mode --no-transfer-progress -pl business-svc -am package -DskipTests
#23 0.670 [INFO] Scanning for projects...
#23 8.061 [INFO] ------------------------------------------------------------------------
#23 8.061 [INFO] Reactor Build Order:
#23 8.061 [INFO] 
#23 8.062 [INFO] Paktay Backend                                                     [pom]
#23 8.062 [INFO] Paktay Business Service                                            [jar]
#23 8.066 [INFO] 
#23 8.066 [INFO] ----------------------< ec.paktay:paktay-backend >----------------------
#23 8.066 [INFO] Building Paktay Backend 0.1.0-SNAPSHOT                             [1/2]
#23 8.066 [INFO]   from pom.xml
#23 8.066 [INFO] --------------------------------[ pom ]---------------------------------
#23 ...

#22 [auth-svc build 7/7] RUN mvn --batch-mode --no-transfer-progress -pl auth-svc -am package -DskipTests
#22 8.762 [INFO] 
#22 8.762 [INFO] --- dependency:3.8.1:properties (ruta-de-dependencias) @ paktay-backend ---
#22 ...

#23 [business-svc build 7/7] RUN mvn --batch-mode --no-transfer-progress -pl business-svc -am package -DskipTests
#23 8.808 [INFO] 
#23 8.808 [INFO] --- dependency:3.8.1:properties (ruta-de-dependencias) @ paktay-backend ---
#23 ...

#22 [auth-svc build 7/7] RUN mvn --batch-mode --no-transfer-progress -pl auth-svc -am package -DskipTests
#22 29.86 [INFO] 
#22 29.86 [INFO] -------------------------< ec.paktay:auth-svc >-------------------------
#22 29.86 [INFO] Building Paktay Auth Service 0.1.0-SNAPSHOT                        [2/2]
#22 29.86 [INFO]   from auth-svc/pom.xml
#22 29.86 [INFO] --------------------------------[ jar ]---------------------------------
#22 ...

#23 [business-svc build 7/7] RUN mvn --batch-mode --no-transfer-progress -pl business-svc -am package -DskipTests
#23 30.23 [INFO] 
#23 30.23 [INFO] -----------------------< ec.paktay:business-svc >-----------------------
#23 30.23 [INFO] Building Paktay Business Service 0.1.0-SNAPSHOT                    [2/2]
#23 30.23 [INFO]   from business-svc/pom.xml
#23 30.23 [INFO] --------------------------------[ jar ]---------------------------------
#23 ...

#22 [auth-svc build 7/7] RUN mvn --batch-mode --no-transfer-progress -pl auth-svc -am package -DskipTests
#22 55.29 [INFO] 
#22 55.29 [INFO] --- dependency:3.8.1:properties (ruta-de-dependencias) @ auth-svc ---
#22 55.29 [INFO] 
#22 55.29 [INFO] --- resources:3.3.1:resources (default-resources) @ auth-svc ---
#22 56.35 [INFO] Copying 1 resource from src/main/resources to target/classes
#22 56.36 [INFO] Copying 3 resources from src/main/resources to target/classes
#22 56.36 [INFO] 
#22 56.36 [INFO] --- compiler:3.13.0:compile (default-compile) @ auth-svc ---
#22 58.54 [INFO] Recompiling the module because of changed source code.
#22 58.55 [INFO] Compiling 48 source files with javac [debug parameters release 17] to target/classes
#22 59.33 [INFO] 
#22 59.33 [INFO] --- resources:3.3.1:testResources (default-testResources) @ auth-svc ---
#22 59.33 [INFO] skip non existing resourceDirectory /workspace/auth-svc/src/test/resources
#22 59.33 [INFO] 
#22 59.33 [INFO] --- compiler:3.13.0:testCompile (default-testCompile) @ auth-svc ---
#22 59.33 [INFO] Recompiling the module because of changed dependency.
#22 59.33 [INFO] Compiling 6 source files with javac [debug parameters release 17] to target/test-classes
#22 59.51 [INFO] 
#22 59.51 [INFO] --- surefire:3.5.3:test (default-test) @ auth-svc ---
#22 61.15 [INFO] Tests are skipped.
#22 61.15 [INFO] 
#22 61.15 [INFO] --- jar:3.4.2:jar (default-jar) @ auth-svc ---
#22 ...

#23 [business-svc build 7/7] RUN mvn --batch-mode --no-transfer-progress -pl business-svc -am package -DskipTests
#23 61.61 [INFO] 
#23 61.61 [INFO] --- dependency:3.8.1:properties (ruta-de-dependencias) @ business-svc ---
#23 61.61 [INFO] 
#23 61.61 [INFO] --- resources:3.3.1:resources (default-resources) @ business-svc ---
#23 62.69 [INFO] Copying 1 resource from src/main/resources to target/classes
#23 62.70 [INFO] Copying 10 resources from src/main/resources to target/classes
#23 62.70 [INFO] 
#23 62.70 [INFO] --- compiler:3.13.0:compile (default-compile) @ business-svc ---
#23 64.75 [INFO] Recompiling the module because of changed source code.
#23 64.75 [INFO] Compiling 116 source files with javac [debug parameters release 17] to target/classes
#23 65.80 [INFO] 
#23 65.80 [INFO] --- resources:3.3.1:testResources (default-testResources) @ business-svc ---
#23 65.81 [INFO] skip non existing resourceDirectory /workspace/business-svc/src/test/resources
#23 65.81 [INFO] 
#23 65.81 [INFO] --- compiler:3.13.0:testCompile (default-testCompile) @ business-svc ---
#23 65.81 [INFO] Recompiling the module because of changed dependency.
#23 65.81 [INFO] Compiling 12 source files with javac [debug parameters release 17] to target/test-classes
#23 65.99 [INFO] 
#23 65.99 [INFO] --- surefire:3.5.3:test (default-test) @ business-svc ---
#23 ...

#22 [auth-svc build 7/7] RUN mvn --batch-mode --no-transfer-progress -pl auth-svc -am package -DskipTests
#22 62.31 [INFO] Building jar: /workspace/auth-svc/target/auth-svc-0.1.0-SNAPSHOT.jar
#22 62.32 [INFO] 
#22 62.32 [INFO] --- spring-boot:3.4.5:repackage (repackage) @ auth-svc ---
#22 67.22 [INFO] Replacing main artifact /workspace/auth-svc/target/auth-svc-0.1.0-SNAPSHOT.jar with repackaged archive, adding nested dependencies in BOOT-INF/.
#22 67.22 [INFO] The original artifact has been renamed to /workspace/auth-svc/target/auth-svc-0.1.0-SNAPSHOT.jar.original
#22 67.22 [INFO] ------------------------------------------------------------------------
#22 67.22 [INFO] Reactor Summary for Paktay Backend 0.1.0-SNAPSHOT:
#22 67.22 [INFO] 
#22 67.22 [INFO] Paktay Backend ..................................... SUCCESS [ 21.830 s]
#22 67.22 [INFO] Paktay Auth Service ................................ SUCCESS [ 37.358 s]
#22 67.22 [INFO] ------------------------------------------------------------------------
#22 67.22 [INFO] BUILD SUCCESS
#22 67.22 [INFO] ------------------------------------------------------------------------
#22 67.22 [INFO] Total time:  01:06 min
#22 67.22 [INFO] Finished at: 2026-09-26T17:56:46Z
#22 67.22 [INFO] ------------------------------------------------------------------------
#22 DONE 67.4s

#24 [auth-svc stage-1 2/3] WORKDIR /app
#24 CACHED

#25 [auth-svc stage-1 3/3] COPY --from=build /workspace/auth-svc/target/auth-svc-0.1.0-SNAPSHOT.jar app.jar
#25 DONE 0.0s

#23 [business-svc build 7/7] RUN mvn --batch-mode --no-transfer-progress -pl business-svc -am package -DskipTests
#23 67.54 [INFO] Tests are skipped.
#23 67.54 [INFO] 
#23 67.54 [INFO] --- jar:3.4.2:jar (default-jar) @ business-svc ---
#23 ...

#26 [auth-svc] exporting to image
#26 exporting layers 0.5s done
#26 exporting manifest sha256:fdac78c7c04ade26a9bace5f082ac4b9b1010fcfc157b815acb07c230b95dc66 done
#26 exporting config sha256:c27c25f12602bb7bdb0e1f0e317eb582f3e8eada7ef125ce25080011226fa158 done
#26 exporting attestation manifest sha256:22ffd08069a70de827904ec53851a29528a31baa71c205663845843b270aaf55 done
#26 exporting manifest list sha256:b686e9864660ccd28dd4fc9c82ff370b54f71f572ddd2c95d66f848ffba5cd0c done
#26 naming to docker.io/library/paktay-local-auth-svc:latest done
#26 unpacking to docker.io/library/paktay-local-auth-svc:latest 0.1s done
#26 DONE 0.7s

#27 [auth-svc] resolving provenance for metadata file
#27 DONE 0.0s

#23 [business-svc build 7/7] RUN mvn --batch-mode --no-transfer-progress -pl business-svc -am package -DskipTests
#23 68.47 [INFO] Building jar: /workspace/business-svc/target/business-svc-0.1.0-SNAPSHOT.jar
#23 68.50 [INFO] 
#23 68.50 [INFO] --- spring-boot:3.4.5:repackage (repackage) @ business-svc ---
#23 73.25 [INFO] Replacing main artifact /workspace/business-svc/target/business-svc-0.1.0-SNAPSHOT.jar with repackaged archive, adding nested dependencies in BOOT-INF/.
#23 73.25 [INFO] The original artifact has been renamed to /workspace/business-svc/target/business-svc-0.1.0-SNAPSHOT.jar.original
#23 73.25 [INFO] ------------------------------------------------------------------------
#23 73.25 [INFO] Reactor Summary for Paktay Backend 0.1.0-SNAPSHOT:
#23 73.25 [INFO] 
#23 73.25 [INFO] Paktay Backend ..................................... SUCCESS [ 22.161 s]
#23 73.25 [INFO] Paktay Business Service ............................ SUCCESS [ 43.022 s]
#23 73.25 [INFO] ------------------------------------------------------------------------
#23 73.25 [INFO] BUILD SUCCESS
#23 73.25 [INFO] ------------------------------------------------------------------------
#23 73.25 [INFO] Total time:  01:12 min
#23 73.25 [INFO] Finished at: 2026-09-26T17:56:52Z
#23 73.25 [INFO] ------------------------------------------------------------------------
#23 DONE 73.3s

#28 [business-svc stage-1 3/3] COPY --from=build /workspace/business-svc/target/business-svc-0.1.0-SNAPSHOT.jar app.jar
#28 DONE 0.0s

#29 [business-svc] exporting to image
#29 exporting layers
#29 exporting layers 0.6s done
#29 exporting manifest sha256:ae796b5e86c75c7ba5a3fcebd7ce741bdb9d68f4755aa0a547333380d85ad5a9 done
#29 exporting config sha256:673317a9955741aab600b9cef38681f1a79eee5a26f31196be041fcced06eab1 done
#29 exporting attestation manifest sha256:9153a7e2a53098c9c4297b0a8f886d6c41e083ee01219a61bb3e2137120dfa7a done
#29 exporting manifest list sha256:1cdb1026231bad040da226c3e215ac1f40e0992c941132d0e9e087cf09ccdf2a done
#29 naming to docker.io/library/paktay-local-business-svc:latest done
#29 unpacking to docker.io/library/paktay-local-business-svc:latest 0.1s done
#29 DONE 0.8s

#30 [business-svc] resolving provenance for metadata file
#30 DONE 0.0s
 Image paktay-local-business-svc Built 
 Image paktay-local-auth-svc Built 
 Container paktay-local-business-db-1 Running 
 Container paktay-local-business-svc-1 Recreate 
 Container paktay-local-auth-svc-1 Recreate 
 Container paktay-local-auth-svc-1 Recreated 
 Container paktay-local-business-svc-1 Recreated 
 Container paktay-local-business-db-1 Waiting 
 Container paktay-local-business-db-1 Waiting 
 Container paktay-local-business-db-1 Healthy 
 Container paktay-local-business-db-1 Healthy 
 Container paktay-local-business-svc-1 Starting 
 Container paktay-local-auth-svc-1 Starting 
 Container paktay-local-auth-svc-1 Started 
 Container paktay-local-business-svc-1 Started 
exit=0
