
Welcome to React Native v0.86
Starting dev server on http://localhost:8088


                        ▒▒▓▓▓▓▒▒
                     ▒▓▓▓▒▒░░▒▒▓▓▓▒
                  ▒▓▓▓▓░░░▒▒▒▒░░░▓▓▓▓▒
                 ▓▓▒▒▒▓▓▓▓▓▓▓▓▓▓▓▓▒▒▒▓▓
                 ▓▓░░░░░▒▓▓▓▓▓▓▒░░░░░▓▓
                 ▓▓░░▓▓▒░░░▒▒░░░▒▓▒░░▓▓
                 ▓▓░░▓▓▓▓▓▒▒▒▒▓▓▓▓▒░░▓▓
                 ▓▓░░▓▓▓▓▓▓▓▓▓▓▓▓▓▒░░▓▓
                 ▓▓▒░░▒▒▓▓▓▓▓▓▓▓▒░░░▒▓▓
                  ▒▓▓▓▒░░░▒▓▓▒░░░▒▓▓▓▒
                     ▒▓▓▓▒░░░░▒▓▓▓▒
                        ▒▒▓▓▓▓▒▒


 WARN  the transform cache was reset.
                Welcome to Metro v0.84.4
              Fast - Scalable - Integrated


 WARN  Watchman `watch-project` returned a warning: Recrawled this watch 7 times, most recently because:
MustScanSubDirs UserDroppedTo resolve, please review the information on
https://facebook.github.io/watchman/docs/troubleshooting.html#recrawl
To clear this warning, run:
`watchman watch-del '/Users/macmalona/Desktop/Proyecto/paktay/Paktay/packtay_mobile_front' ; watchman watch-project '/Users/macmalona/Desktop/Proyecto/paktay/Paktay/packtay_mobile_front'`

 WARN  Watchman `query` returned a warning: Recrawled this watch 7 times, most recently because:
MustScanSubDirs UserDroppedTo resolve, please review the information on
https://facebook.github.io/watchman/docs/troubleshooting.html#recrawl
To clear this warning, run:
`watchman watch-del '/Users/macmalona/Desktop/Proyecto/paktay/Paktay/packtay_mobile_front' ; watchman watch-project '/Users/macmalona/Desktop/Proyecto/paktay/Paktay/packtay_mobile_front'`

Recrawled this watch 7 times, most recently because:
MustScanSubDirs UserDroppedTo resolve, please review the information on
https://facebook.github.io/watchman/docs/troubleshooting.html#recrawl
To clear this warning, run:
`watchman watch-del '/Users/macmalona/Desktop/Proyecto/paktay/Paktay/packtay_mobile_front' ; watchman watch-project '/Users/macmalona/Desktop/Proyecto/paktay/Paktay/packtay_mobile_front'`

 INFO  Dev server ready. Press Ctrl+C to exit.
 INFO  Interactive mode is not supported in this environment
 BUNDLE  ./index.js ░░░░░░░░░░░░░░░░ 0% (0/1)
 BUNDLE  ./index.js ▓▓▓▓▓▓▓▓▓▓▓▓▓▓▓░ 93% (782/807)
 BUNDLE  ./index.js 
