 Image paktay-local-business-svc Building 
 Image paktay-local-auth-svc Building 
#1 [internal] load local bake definitions
#1 reading from stdin 1.14kB done
#1 DONE 0.0s

#2 [auth-svc internal] load build definition from Dockerfile
#2 transferring dockerfile: 557B done
#2 DONE 0.0s

#3 [business-svc internal] load build definition from Dockerfile
#3 transferring dockerfile: 575B done
#3 DONE 0.0s

#4 [auth] library/eclipse-temurin:pull token for registry-1.docker.io
#4 DONE 0.0s

#5 [auth] library/maven:pull token for registry-1.docker.io
#5 DONE 0.0s

#6 [auth-svc internal] load metadata for docker.io/library/maven:3.9.9-eclipse-temurin-17
#6 DONE 1.1s

#7 [auth-svc internal] load metadata for docker.io/library/eclipse-temurin:17-jre
#7 DONE 1.1s

#8 [business-svc internal] load .dockerignore
#8 transferring context: 2B done
#8 DONE 0.0s

#9 [auth-svc build 1/7] FROM docker.io/library/maven:3.9.9-eclipse-temurin-17@sha256:f58d59b6273e785ac0a4477f6e9b5ba1d7731c75b906c0f7b34076f1851318cc
#9 resolve docker.io/library/maven:3.9.9-eclipse-temurin-17@sha256:f58d59b6273e785ac0a4477f6e9b5ba1d7731c75b906c0f7b34076f1851318cc done
#9 DONE 0.0s

#10 [auth-svc stage-1 1/3] FROM docker.io/library/eclipse-temurin:17-jre@sha256:bd25c61779663bc2df8ced059f1cc114fafc073afe16125c13fcc3a37fecd845
#10 resolve docker.io/library/eclipse-temurin:17-jre@sha256:bd25c61779663bc2df8ced059f1cc114fafc073afe16125c13fcc3a37fecd845 done
#10 DONE 0.0s

#11 [auth-svc internal] load build context
#11 transferring context: 4.10kB done
#11 DONE 0.0s

#12 [business-svc internal] load build context
#12 transferring context: 9.50kB done
#12 DONE 0.0s

#13 [auth-svc build 4/7] COPY auth-svc/pom.xml ./auth-svc/pom.xml
#13 CACHED

#14 [auth-svc build 7/7] RUN mvn --batch-mode --no-transfer-progress -pl auth-svc -am package -DskipTests
#14 CACHED

#15 [auth-svc build 6/7] COPY auth-svc/src ./auth-svc/src
#15 CACHED

#16 [auth-svc build 3/7] COPY pom.xml ./pom.xml
#16 CACHED

#17 [auth-svc build 5/7] COPY business-svc/pom.xml ./business-svc/pom.xml
#17 CACHED

#18 [auth-svc stage-1 3/3] COPY --from=build /workspace/auth-svc/target/auth-svc-0.1.0-SNAPSHOT.jar app.jar
#18 CACHED

#19 [business-svc build 7/7] RUN mvn --batch-mode --no-transfer-progress -pl business-svc -am package -DskipTests
#19 CACHED

#20 [business-svc build 3/7] COPY pom.xml ./pom.xml
#20 CACHED

#21 [business-svc stage-1 2/3] WORKDIR /app
#21 CACHED

#22 [business-svc build 2/7] WORKDIR /workspace
#22 CACHED

#23 [business-svc build 4/7] COPY auth-svc/pom.xml ./auth-svc/pom.xml
#23 CACHED

#24 [business-svc build 5/7] COPY business-svc/pom.xml ./business-svc/pom.xml
#24 CACHED

#25 [business-svc build 6/7] COPY business-svc/src ./business-svc/src
#25 CACHED

#26 [business-svc stage-1 3/3] COPY --from=build /workspace/business-svc/target/business-svc-0.1.0-SNAPSHOT.jar app.jar
#26 CACHED

#27 [auth-svc] exporting to image
#27 exporting layers done
#27 exporting manifest sha256:41879b08e86f9c0c7b4be0829508495e7009688d0ed60b36dc398948feb8e973 done
#27 exporting config sha256:620cb5a6c9ec948b5a8bbb6bb27a5ae99ede5999f79fdaf7c9cc5509d88fe396 done
#27 exporting attestation manifest sha256:bf382261be3fe605b3fc56431a42fbed386697deb05ecfb323f60a9a2baf44fb done
#27 exporting manifest list sha256:b5f1d1a5f1c931780905bb7c066b96c9c68f713b16c502091f7b33845d76d215 done
#27 naming to docker.io/library/paktay-local-auth-svc:latest done
#27 unpacking to docker.io/library/paktay-local-auth-svc:latest done
#27 DONE 0.0s

#28 [business-svc] exporting to image
#28 exporting layers done
#28 exporting manifest sha256:c269c514a54c84a40faa2a9da33e86857794e1c4be6ffae091cac935dcde30a2 done
#28 exporting config sha256:904057cdaf68f8fb178063639c3c4c2c1190d75c0a0975ac93d5919e8f672b3f done
#28 exporting attestation manifest sha256:024200d846d7db23670d24aafa5a037c9ee6f364e71d616b11295e1df63fb1bf done
#28 exporting manifest list sha256:a785138501622e5690a7a7e2867889b59a4f888b0be06b82a2f60fb4af1f7245 done
#28 naming to docker.io/library/paktay-local-business-svc:latest done
#28 unpacking to docker.io/library/paktay-local-business-svc:latest done
#28 DONE 0.0s

#29 [auth-svc] resolving provenance for metadata file
#29 DONE 0.0s

#30 [business-svc] resolving provenance for metadata file
#30 DONE 0.0s
 Image paktay-local-business-svc Built 
 Image paktay-local-auth-svc Built 
time="2026-09-24T19:19:32-05:00" level=warning msg="Found orphan containers (paktay-local-keycloak-db-1, paktay-local-mailpit-1) for this project. If you removed or renamed this service in your compose file, you can run this command with the --remove-orphans flag to clean it up."
 Container paktay-local-business-db-1 Running 
 Container paktay-local-keycloak-init-1 Recreate 
 Container paktay-local-keycloak-init-1 Recreated 
 Container paktay-local-auth-svc-1 Recreate 
 Container paktay-local-business-svc-1 Recreate 
 Container paktay-local-auth-svc-1 Recreated 
 Container paktay-local-business-svc-1 Recreated 
 Container paktay-local-keycloak-init-1 Starting 
 Container paktay-local-keycloak-init-1 Started 
 Container paktay-local-business-db-1 Waiting 
 Container paktay-local-keycloak-init-1 Waiting 
 Container paktay-local-business-db-1 Waiting 
 Container paktay-local-keycloak-init-1 Waiting 
 Container paktay-local-business-db-1 Healthy 
 Container paktay-local-business-db-1 Healthy 
 Container paktay-local-keycloak-init-1 Exited 
 Container paktay-local-keycloak-init-1 Exited 
 Container paktay-local-auth-svc-1 Starting 
 Container paktay-local-business-svc-1 Starting 
 Container paktay-local-auth-svc-1 Started 
 Container paktay-local-business-svc-1 Started 
exit=0
up: auth=200 biz=200
