 Image paktay-fresh-auth-svc Building 
 Image paktay-fresh-business-svc Building 
#1 [internal] load local bake definitions
#1 reading from stdin 1.14kB done
#1 DONE 0.0s

#2 [business-svc internal] load build definition from Dockerfile
#2 transferring dockerfile: 575B done
#2 DONE 0.0s

#3 [auth-svc internal] load build definition from Dockerfile
#3 transferring dockerfile: 557B done
#3 DONE 0.0s

#4 [business-svc internal] load metadata for docker.io/library/eclipse-temurin:17-jre
#4 ...

#5 [auth] library/eclipse-temurin:pull token for registry-1.docker.io
#5 DONE 0.0s

#6 [auth] library/maven:pull token for registry-1.docker.io
#6 DONE 0.0s

#7 [business-svc internal] load metadata for docker.io/library/maven:3.9.9-eclipse-temurin-17
#7 DONE 1.2s

#4 [business-svc internal] load metadata for docker.io/library/eclipse-temurin:17-jre
#4 DONE 1.2s

#8 [auth-svc internal] load .dockerignore
#8 transferring context: 2B done
#8 DONE 0.0s

#9 [business-svc build 1/7] FROM docker.io/library/maven:3.9.9-eclipse-temurin-17@sha256:f58d59b6273e785ac0a4477f6e9b5ba1d7731c75b906c0f7b34076f1851318cc
#9 resolve docker.io/library/maven:3.9.9-eclipse-temurin-17@sha256:f58d59b6273e785ac0a4477f6e9b5ba1d7731c75b906c0f7b34076f1851318cc done
#9 DONE 0.0s

#10 [business-svc stage-1 1/3] FROM docker.io/library/eclipse-temurin:17-jre@sha256:bd25c61779663bc2df8ced059f1cc114fafc073afe16125c13fcc3a37fecd845
#10 resolve docker.io/library/eclipse-temurin:17-jre@sha256:bd25c61779663bc2df8ced059f1cc114fafc073afe16125c13fcc3a37fecd845 done
#10 DONE 0.0s

#11 [auth-svc internal] load build context
#11 transferring context: 70.48kB 0.0s done
#11 DONE 0.0s

#12 [auth-svc build 4/7] COPY auth-svc/pom.xml ./auth-svc/pom.xml
#12 CACHED

#13 [auth-svc build 3/7] COPY pom.xml ./pom.xml
#13 CACHED

#14 [auth-svc build 7/7] RUN mvn --batch-mode --no-transfer-progress -pl auth-svc -am package -DskipTests
#14 CACHED

#15 [auth-svc build 5/7] COPY business-svc/pom.xml ./business-svc/pom.xml
#15 CACHED

#16 [auth-svc build 6/7] COPY auth-svc/src ./auth-svc/src
#16 CACHED

#17 [auth-svc stage-1 3/3] COPY --from=build /workspace/auth-svc/target/auth-svc-0.1.0-SNAPSHOT.jar app.jar
#17 CACHED

#18 [business-svc internal] load build context
#18 transferring context: 424.59kB 0.0s done
#18 DONE 0.0s

#19 [business-svc build 2/7] WORKDIR /workspace
#19 CACHED

#20 [business-svc stage-1 2/3] WORKDIR /app
#20 CACHED

#21 [business-svc build 4/7] COPY auth-svc/pom.xml ./auth-svc/pom.xml
#21 CACHED

#22 [business-svc build 6/7] COPY business-svc/src ./business-svc/src
#22 CACHED

#23 [business-svc build 3/7] COPY pom.xml ./pom.xml
#23 CACHED

#24 [business-svc build 7/7] RUN mvn --batch-mode --no-transfer-progress -pl business-svc -am package -DskipTests
#24 CACHED

#25 [business-svc build 5/7] COPY business-svc/pom.xml ./business-svc/pom.xml
#25 CACHED

#26 [business-svc stage-1 3/3] COPY --from=build /workspace/business-svc/target/business-svc-0.1.0-SNAPSHOT.jar app.jar
#26 CACHED

#27 [auth-svc] exporting to image
#27 exporting layers done
#27 exporting manifest sha256:737919133e79df748afab84515271c1254a2240e3721fabaac661ea497a20fe7 0.0s done
#27 exporting config sha256:ab563ca746a6885983ec3d4ad165d0a49a859e3e2aaaa793f4e08a93d626b9aa done
#27 exporting attestation manifest sha256:a4921921042c39242a1af7537e9c30e0339d3b5185c40b3b5652a5bd130639cc done
#27 exporting manifest list sha256:318cebfb6716351651abff90d856dc3d117eab56ec1746e3422c05695aaf7e37 done
#27 naming to docker.io/library/paktay-fresh-auth-svc:latest done
#27 unpacking to docker.io/library/paktay-fresh-auth-svc:latest done
#27 DONE 0.1s

#28 [business-svc] exporting to image
#28 exporting layers done
#28 exporting manifest sha256:2c599e8c13a494c573d34aa8b90510e79f813cb68bd1095672e4e10bbebd872b done
#28 exporting config sha256:d70721295c283942b105a12dd8f54318fd2fa8cf14a4d7481b6016d8c5c788b0 done
#28 exporting attestation manifest sha256:906d7b4da469db62b07720a3ca5248d701385469bd894d35408256d6beffb30b done
#28 exporting manifest list sha256:f864e9fc940176aaec00d078e0903a0e811b6fc94f1732d7d654f165280de865 done
#28 naming to docker.io/library/paktay-fresh-business-svc:latest done
#28 unpacking to docker.io/library/paktay-fresh-business-svc:latest done
#28 DONE 0.1s

#29 [auth-svc] resolving provenance for metadata file
#29 DONE 0.0s

#30 [business-svc] resolving provenance for metadata file
#30 DONE 0.0s
 Image paktay-fresh-auth-svc Built 
 Image paktay-fresh-business-svc Built 
 Container paktay-fresh-business-db-1 Running 
 Container paktay-fresh-auth-svc-1 Recreate 
 Container paktay-fresh-business-svc-1 Recreate 
 Container paktay-fresh-business-svc-1 Recreated 
 Container paktay-fresh-auth-svc-1 Recreated 
 Container paktay-fresh-keycloak-init-1 Starting 
 Container paktay-fresh-keycloak-init-1 Started 
 Container paktay-fresh-keycloak-init-1 Waiting 
 Container paktay-fresh-business-db-1 Waiting 
 Container paktay-fresh-keycloak-init-1 Waiting 
 Container paktay-fresh-business-db-1 Waiting 
 Container paktay-fresh-business-db-1 Healthy 
 Container paktay-fresh-business-db-1 Healthy 
 Container paktay-fresh-keycloak-init-1 Exited 
 Container paktay-fresh-business-svc-1 Starting 
 Container paktay-fresh-keycloak-init-1 Exited 
 Container paktay-fresh-auth-svc-1 Starting 
 Container paktay-fresh-business-svc-1 Started 
 Container paktay-fresh-auth-svc-1 Started 
fresh: auth=200 biz=200
