PASS __tests__/deleteAccountApi.test.ts
PASS __tests__/merchantRules.test.ts
PASS __tests__/manualExpenseDate.test.ts
PASS __tests__/DeleteAccountScreen.test.tsx
PASS __tests__/ProfileSettingsScreens.test.tsx
PASS __tests__/AuthScreens.test.tsx
PASS __tests__/MoveMerchantSheet.test.tsx
PASS __tests__/CardScreens.test.tsx
PASS __tests__/BudgetScreens.test.tsx
PASS __tests__/CategoryScreens.test.tsx
PASS __tests__/InicioScreen.test.tsx
PASS __tests__/theme.test.tsx
PASS __tests__/WalletShortcutScreen.test.tsx
PASS __tests__/AssociateWalletName.test.tsx
PASS __tests__/AnimatedSplash.test.tsx
PASS __tests__/ProfileScreen.test.tsx
PASS __tests__/BankScreens.test.tsx
PASS __tests__/AutomatizacionesScreen.test.tsx
PASS __tests__/monthlySummary.test.ts
PASS __tests__/WidgetTutorialScreen.test.tsx
PASS __tests__/FirstDayScreens.test.tsx
PASS __tests__/authSession.test.ts
PASS __tests__/breakdowns.test.ts
PASS __tests__/customCategories.test.ts
PASS __tests__/ReviewQueueForms.test.tsx
PASS __tests__/manualExpense.test.ts
PASS __tests__/CategoriesScreen.test.tsx
PASS __tests__/cards.test.ts
PASS __tests__/resolveOnboarding.test.ts
PASS __tests__/categoryBudgets.test.ts
PASS __tests__/confirmDraft.test.ts
PASS __tests__/bankCatalog.test.ts
PASS __tests__/useExpenseLinks.test.tsx
PASS __tests__/sessionEvents.test.ts
PASS __tests__/authApi.test.ts
PASS __tests__/categoryMerge.test.ts
PASS __tests__/expenseSync.test.ts
PASS __tests__/expenseApi.test.ts
PASS __tests__/manualPendingExpense.test.ts
PASS __tests__/cardFinishes.test.ts
PASS __tests__/authValidate.test.ts
PASS __tests__/movementFilters.test.ts
PASS __tests__/restoreSession.test.ts
PASS __tests__/moneyInput.test.ts
PASS __tests__/passwordApi.test.ts
PASS __tests__/shortcutLinkPublished.test.ts
PASS __tests__/format.test.ts
PASS __tests__/shortcutStatus.test.ts
PASS __tests__/startupHealth.test.ts
PASS __tests__/parseExpenseLink.test.ts
PASS __tests__/pendingExpenses.test.ts
PASS __tests__/shortcutLink.test.ts
PASS __tests__/profileContext.test.ts
PASS __tests__/summaryApi.test.ts
PASS __tests__/AddExpenseSheet.test.tsx
FAIL __tests__/MovementScreens.test.tsx
FAIL __tests__/App.test.tsx (5.094 s)
FAIL __tests__/MovementScreens.test.tsx
FAIL __tests__/App.test.tsx (5.094 s)
Test Suites: 2 failed, 55 passed, 57 total
Tests:       2 failed, 669 passed, 671 total
