keycloak-db
keycloak
keycloak-init
mailpit
business-db
auth-svc
business-svc
exit=0
 Image paktay-local-auth-svc Building 
 Image paktay-local-business-svc Building 
#1 [internal] load local bake definitions
#1 reading from stdin 1.14kB done
#1 DONE 0.0s

#2 [business-svc internal] load build definition from Dockerfile
#2 transferring dockerfile: 575B done
#2 DONE 0.0s

#3 [auth-svc internal] load build definition from Dockerfile
#3 transferring dockerfile: 557B done
#3 DONE 0.0s

#4 [business-svc internal] load metadata for docker.io/library/maven:3.9.9-eclipse-temurin-17
#4 ...

#5 [auth] library/maven:pull token for registry-1.docker.io
#5 DONE 0.0s

#6 [auth] library/eclipse-temurin:pull token for registry-1.docker.io
#6 DONE 0.0s

#7 [business-svc internal] load metadata for docker.io/library/eclipse-temurin:17-jre
#7 DONE 1.2s

#4 [business-svc internal] load metadata for docker.io/library/maven:3.9.9-eclipse-temurin-17
#4 DONE 1.2s

#8 [auth-svc internal] load .dockerignore
#8 transferring context: 2B done
#8 DONE 0.0s

#9 [business-svc build 1/7] FROM docker.io/library/maven:3.9.9-eclipse-temurin-17@sha256:f58d59b6273e785ac0a4477f6e9b5ba1d7731c75b906c0f7b34076f1851318cc
#9 resolve docker.io/library/maven:3.9.9-eclipse-temurin-17@sha256:f58d59b6273e785ac0a4477f6e9b5ba1d7731c75b906c0f7b34076f1851318cc done
#9 DONE 0.0s

#10 [auth-svc stage-1 1/3] FROM docker.io/library/eclipse-temurin:17-jre@sha256:bd25c61779663bc2df8ced059f1cc114fafc073afe16125c13fcc3a37fecd845
#10 resolve docker.io/library/eclipse-temurin:17-jre@sha256:bd25c61779663bc2df8ced059f1cc114fafc073afe16125c13fcc3a37fecd845 done
#10 DONE 0.0s

#11 [auth-svc internal] load build context
#11 transferring context: 64.17kB done
#11 DONE 0.0s

#12 [business-svc internal] load build context
#12 transferring context: 129.99kB done
#12 DONE 0.0s

#13 [business-svc build 5/7] COPY business-svc/pom.xml ./business-svc/pom.xml
#13 CACHED

#14 [business-svc build 7/7] RUN mvn --batch-mode --no-transfer-progress -pl business-svc -am package -DskipTests
#14 CACHED

#15 [business-svc build 4/7] COPY auth-svc/pom.xml ./auth-svc/pom.xml
#15 CACHED

#16 [business-svc build 3/7] COPY pom.xml ./pom.xml
#16 CACHED

#17 [business-svc build 6/7] COPY business-svc/src ./business-svc/src
#17 CACHED

#18 [auth-svc stage-1 2/3] WORKDIR /app
#18 CACHED

#19 [auth-svc build 3/7] COPY pom.xml ./pom.xml
#19 CACHED

#20 [auth-svc build 4/7] COPY auth-svc/pom.xml ./auth-svc/pom.xml
#20 CACHED

#21 [auth-svc build 6/7] COPY auth-svc/src ./auth-svc/src
#21 CACHED

#22 [auth-svc build 2/7] WORKDIR /workspace
#22 CACHED

#23 [auth-svc build 5/7] COPY business-svc/pom.xml ./business-svc/pom.xml
#23 CACHED

#24 [auth-svc build 7/7] RUN mvn --batch-mode --no-transfer-progress -pl auth-svc -am package -DskipTests
#24 CACHED

#25 [auth-svc stage-1 3/3] COPY --from=build /workspace/auth-svc/target/auth-svc-0.1.0-SNAPSHOT.jar app.jar
#25 CACHED

#26 [business-svc stage-1 3/3] COPY --from=build /workspace/business-svc/target/business-svc-0.1.0-SNAPSHOT.jar app.jar
#26 CACHED

#27 [auth-svc] exporting to image
#27 exporting layers done
#27 exporting manifest sha256:e18b4a9a94397b147bead433e3bbba2230b7f2be7ac924739688350223e1e552 done
#27 exporting config sha256:5b6e52c52cc7b6656cfb73a336418a1c8fb3a637b9b11478e54c61dab58042b3 done
#27 exporting attestation manifest sha256:5157131f28ab3d1a84b049fdf819b7fa71a108941e87417a60c402fb92d616e3 done
#27 exporting manifest list sha256:107e277f1e1e183512c45629077c6ebbc014931870d0c7c09718c593ac40665b done
#27 naming to docker.io/library/paktay-local-auth-svc:latest done
#27 unpacking to docker.io/library/paktay-local-auth-svc:latest done
#27 DONE 0.0s

#28 [business-svc] exporting to image
#28 exporting layers done
#28 exporting manifest sha256:1f6eb206c866710b42cc05ecc15c0e119afb35fd8f3b4a4bf044a231fa149b3b done
#28 exporting config sha256:b3b9afb0de9b84ed3bfb6664a7252a09ec0141f41e346c679b0d1d3dab53e88d done
#28 exporting attestation manifest sha256:90d53eba897bd7a502a898a540e06d46102f76130ef5143b33c41d6b05b305a5 done
#28 exporting manifest list sha256:ffe4f58e65966f7d844c6dbbd354fea48c8a92b1e2c7397bb0e9738ecf888899 done
#28 naming to docker.io/library/paktay-local-business-svc:latest done
#28 unpacking to docker.io/library/paktay-local-business-svc:latest done
#28 DONE 0.0s

#29 [auth-svc] resolving provenance for metadata file
#29 DONE 0.0s

#30 [business-svc] resolving provenance for metadata file
#30 DONE 0.0s
 Image paktay-local-auth-svc Built 
 Image paktay-local-business-svc Built 
 Network paktay-local_default Creating 
 Network paktay-local_default Created 
 Container paktay-local-business-db-1 Creating 
 Container paktay-local-keycloak-db-1 Creating 
 Container paktay-local-mailpit-1 Creating 
 Container paktay-local-mailpit-1 Created 
 Container paktay-local-keycloak-db-1 Created 
 Container paktay-local-keycloak-1 Creating 
 Container paktay-local-business-db-1 Created 
 Container paktay-local-keycloak-1 Created 
 Container paktay-local-keycloak-init-1 Creating 
 Container paktay-local-keycloak-init-1 Created 
 Container paktay-local-auth-svc-1 Creating 
 Container paktay-local-business-svc-1 Creating 
 Container paktay-local-auth-svc-1 Created 
 Container paktay-local-business-svc-1 Created 
 Container paktay-local-mailpit-1 Starting 
 Container paktay-local-business-db-1 Starting 
 Container paktay-local-keycloak-db-1 Starting 
 Container paktay-local-keycloak-db-1 Started 
 Container paktay-local-keycloak-db-1 Waiting 
 Container paktay-local-mailpit-1 Started 
 Container paktay-local-business-db-1 Started 
 Container paktay-local-keycloak-db-1 Healthy 
 Container paktay-local-keycloak-1 Starting 
 Container paktay-local-keycloak-1 Started 
 Container paktay-local-keycloak-1 Waiting 
 Container paktay-local-keycloak-1 Healthy 
 Container paktay-local-keycloak-init-1 Starting 
 Container paktay-local-keycloak-init-1 Started 
 Container paktay-local-business-db-1 Waiting 
 Container paktay-local-keycloak-init-1 Waiting 
 Container paktay-local-business-db-1 Waiting 
 Container paktay-local-keycloak-init-1 Waiting 
 Container paktay-local-business-db-1 Healthy 
 Container paktay-local-business-db-1 Healthy 
 Container paktay-local-keycloak-init-1 Exited 
 Container paktay-local-keycloak-init-1 Exited 
 Container paktay-local-business-svc-1 Starting 
 Container paktay-local-auth-svc-1 Starting 
 Container paktay-local-auth-svc-1 Started 
 Container paktay-local-business-svc-1 Started 
exit=0
NAME                           IMAGE                            COMMAND                  SERVICE         CREATED          STATUS                      PORTS
paktay-local-auth-svc-1        paktay-local-auth-svc            "/bin/sh -c 'exec ja…"   auth-svc        32 seconds ago   Up 11 seconds               0.0.0.0:28081->8081/tcp
paktay-local-business-db-1     postgres:16-alpine               "docker-entrypoint.s…"   business-db     32 seconds ago   Up 31 seconds (healthy)     127.0.0.1:25433->5432/tcp
paktay-local-business-svc-1    paktay-local-business-svc        "/bin/sh -c 'exec ja…"   business-svc    32 seconds ago   Up 11 seconds               0.0.0.0:28082->8082/tcp
paktay-local-keycloak-1        quay.io/keycloak/keycloak:26.2   "/opt/keycloak/bin/k…"   keycloak        32 seconds ago   Up 25 seconds (healthy)     127.0.0.1:28180->8080/tcp
paktay-local-keycloak-db-1     postgres:16-alpine               "docker-entrypoint.s…"   keycloak-db     32 seconds ago   Up 31 seconds (healthy)     5432/tcp
paktay-local-keycloak-init-1   quay.io/keycloak/keycloak:26.2   "/bin/sh -c 'until /…"   keycloak-init   32 seconds ago   Exited (0) 12 seconds ago   
paktay-local-mailpit-1         axllent/mailpit:latest           "/mailpit"               mailpit         32 seconds ago   Up 31 seconds (healthy)     127.0.0.1:28025->8025/tcp
