 Container paktay-local-auth-svc-1 Stopping 
 Container paktay-local-business-svc-1 Stopping 
 Container paktay-local-auth-svc-1 Stopped 
 Container paktay-local-auth-svc-1 Removing 
 Container paktay-local-auth-svc-1 Removed 
 Container paktay-local-mailpit-1 Stopping 
 Container paktay-local-business-svc-1 Stopped 
 Container paktay-local-business-svc-1 Removing 
 Container paktay-local-business-svc-1 Removed 
 Container paktay-local-keycloak-init-1 Stopping 
 Container paktay-local-business-db-1 Stopping 
 Container paktay-local-keycloak-init-1 Stopped 
 Container paktay-local-keycloak-init-1 Removing 
 Container paktay-local-keycloak-init-1 Removed 
 Container paktay-local-keycloak-1 Stopping 
 Container paktay-local-business-db-1 Stopped 
 Container paktay-local-business-db-1 Removing 
 Container paktay-local-business-db-1 Removed 
 Container paktay-local-keycloak-1 Stopped 
 Container paktay-local-keycloak-1 Removing 
 Container paktay-local-keycloak-1 Removed 
 Container paktay-local-keycloak-db-1 Stopping 
 Container paktay-local-mailpit-1 Stopped 
 Container paktay-local-mailpit-1 Removing 
 Container paktay-local-mailpit-1 Removed 
 Container paktay-local-keycloak-db-1 Stopped 
 Container paktay-local-keycloak-db-1 Removing 
 Container paktay-local-keycloak-db-1 Removed 
 Network paktay-local_default Removing 
 Network paktay-local_default Removed 
exit=0
