 Image paktay-local-auth-svc Building 
 Image paktay-local-business-svc Building 
#1 [internal] load local bake definitions
#1 reading from stdin 1.14kB done
#1 DONE 0.0s

#2 [auth-svc internal] load build definition from Dockerfile
#2 transferring dockerfile: 557B done
#2 DONE 0.0s

#3 [business-svc internal] load build definition from Dockerfile
#3 transferring dockerfile: 575B done
#3 DONE 0.0s

#4 [auth-svc internal] load metadata for docker.io/library/maven:3.9.9-eclipse-temurin-17
#4 ...

#5 [auth-svc internal] load metadata for docker.io/library/eclipse-temurin:17-jre
#5 ...

#4 [auth-svc internal] load metadata for docker.io/library/maven:3.9.9-eclipse-temurin-17
#4 ERROR: DeadlineExceeded: context deadline exceeded

#5 [business-svc internal] load metadata for docker.io/library/eclipse-temurin:17-jre
#5 ERROR: DeadlineExceeded: context deadline exceeded
------
 > [business-svc internal] load metadata for docker.io/library/eclipse-temurin:17-jre:
------
------
 > [business-svc internal] load metadata for docker.io/library/maven:3.9.9-eclipse-temurin-17:
------
Dockerfile:11

--------------------

   9 |     RUN mvn --batch-mode --no-transfer-progress -pl auth-svc -am package -DskipTests

  10 |     

  11 | >>> FROM eclipse-temurin:17-jre

  12 |     WORKDIR /app

  13 |     COPY --from=build /workspace/auth-svc/target/auth-svc-0.1.0-SNAPSHOT.jar app.jar

--------------------

target auth-svc: failed to solve: DeadlineExceeded: context deadline exceeded

up exit=1
 Image paktay-local-auth-svc Building 
 Image paktay-local-business-svc Building 
#1 [internal] load local bake definitions
#1 reading from stdin 1.14kB done
#1 DONE 0.0s

#2 [auth-svc internal] load build definition from Dockerfile
#2 transferring dockerfile: 557B done
#2 DONE 0.0s

#3 [business-svc internal] load build definition from Dockerfile
#3 transferring dockerfile: 575B done
#3 DONE 0.0s

#4 [business-svc internal] load metadata for docker.io/library/maven:3.9.9-eclipse-temurin-17
#4 ...

#5 [business-svc internal] load metadata for docker.io/library/eclipse-temurin:17-jre
#5 ...

#6 [auth] library/maven:pull token for registry-1.docker.io
#6 DONE 0.0s

#7 [auth] library/eclipse-temurin:pull token for registry-1.docker.io
#7 DONE 0.0s

#5 [business-svc internal] load metadata for docker.io/library/eclipse-temurin:17-jre
#5 ...

#4 [business-svc internal] load metadata for docker.io/library/maven:3.9.9-eclipse-temurin-17
#4 DONE 19.4s

#5 [business-svc internal] load metadata for docker.io/library/eclipse-temurin:17-jre
#5 DONE 19.4s

#8 [business-svc internal] load .dockerignore
#8 transferring context: 2B done
#8 DONE 0.0s

#9 [business-svc build 1/7] FROM docker.io/library/maven:3.9.9-eclipse-temurin-17@sha256:f58d59b6273e785ac0a4477f6e9b5ba1d7731c75b906c0f7b34076f1851318cc
#9 resolve docker.io/library/maven:3.9.9-eclipse-temurin-17@sha256:f58d59b6273e785ac0a4477f6e9b5ba1d7731c75b906c0f7b34076f1851318cc done
#9 DONE 0.0s

#10 [auth-svc stage-1 1/3] FROM docker.io/library/eclipse-temurin:17-jre@sha256:bd25c61779663bc2df8ced059f1cc114fafc073afe16125c13fcc3a37fecd845
#10 resolve docker.io/library/eclipse-temurin:17-jre@sha256:bd25c61779663bc2df8ced059f1cc114fafc073afe16125c13fcc3a37fecd845 done
#10 DONE 0.0s

#11 [auth-svc internal] load build context
#11 transferring context: 66.09kB done
#11 DONE 0.0s

#12 [auth-svc build 7/7] RUN mvn --batch-mode --no-transfer-progress -pl auth-svc -am package -DskipTests
#12 CACHED

#13 [auth-svc build 4/7] COPY auth-svc/pom.xml ./auth-svc/pom.xml
#13 CACHED

#14 [auth-svc stage-1 2/3] WORKDIR /app
#14 CACHED

#15 [auth-svc build 3/7] COPY pom.xml ./pom.xml
#15 CACHED

#16 [auth-svc build 6/7] COPY auth-svc/src ./auth-svc/src
#16 CACHED

#17 [auth-svc stage-1 3/3] COPY --from=build /workspace/auth-svc/target/auth-svc-0.1.0-SNAPSHOT.jar app.jar
#17 CACHED

#18 [business-svc internal] load build context
#18 transferring context: 337.76kB 0.0s done
#18 DONE 0.0s

#19 [business-svc build 3/7] COPY pom.xml ./pom.xml
#19 CACHED

#20 [business-svc build 4/7] COPY auth-svc/pom.xml ./auth-svc/pom.xml
#20 CACHED

#21 [business-svc build 2/7] WORKDIR /workspace
#21 CACHED

#22 [business-svc build 5/7] COPY business-svc/pom.xml ./business-svc/pom.xml
#22 CACHED

#23 [auth-svc build 5/7] COPY business-svc/pom.xml ./business-svc/pom.xml
#23 CACHED

#24 [business-svc build 6/7] COPY business-svc/src ./business-svc/src
#24 DONE 0.0s

#25 [auth-svc] exporting to image
#25 exporting layers done
#25 exporting manifest sha256:85db08f485757ce197be5b2bab86e92e3f9b2c693c210ed56983a754bc37180e done
#25 exporting config sha256:41125ffb2d617ca2f33ec2df341dc94bc9ff31abe9698896eee631ffb5aad510 done
#25 exporting attestation manifest sha256:ed128ff6ecbdbc4e7b3ade0b958d984a00c9d448d48dd3009db32b641073e18a done
#25 exporting manifest list sha256:d7a0d76a6e3adb5978a8a21a5e891791af7ca626877f11d33d96bb919e886c0c done
#25 naming to docker.io/library/paktay-local-auth-svc:latest done
#25 unpacking to docker.io/library/paktay-local-auth-svc:latest done
#25 DONE 0.0s

#26 [auth-svc] resolving provenance for metadata file
#26 DONE 0.0s

#27 [business-svc build 7/7] RUN mvn --batch-mode --no-transfer-progress -pl business-svc -am package -DskipTests
#27 0.679 [INFO] Scanning for projects...
#27 8.397 [INFO] ------------------------------------------------------------------------
#27 8.397 [INFO] Reactor Build Order:
#27 8.397 [INFO] 
#27 8.397 [INFO] Paktay Backend                                                     [pom]
#27 8.397 [INFO] Paktay Business Service                                            [jar]
#27 8.401 [INFO] 
#27 8.401 [INFO] ----------------------< ec.paktay:paktay-backend >----------------------
#27 8.402 [INFO] Building Paktay Backend 0.1.0-SNAPSHOT                             [1/2]
#27 8.402 [INFO]   from pom.xml
#27 8.402 [INFO] --------------------------------[ pom ]---------------------------------
#27 8.402 [INFO] 
#27 8.402 [INFO] -----------------------< ec.paktay:business-svc >-----------------------
#27 8.403 [INFO] Building Paktay Business Service 0.1.0-SNAPSHOT                    [2/2]
#27 8.403 [INFO]   from business-svc/pom.xml
#27 8.403 [INFO] --------------------------------[ jar ]---------------------------------
#27 34.93 [INFO] 
#27 34.93 [INFO] --- resources:3.3.1:resources (default-resources) @ business-svc ---
#27 37.29 [INFO] Copying 1 resource from src/main/resources to target/classes
#27 37.29 [INFO] Copying 5 resources from src/main/resources to target/classes
#27 37.30 [INFO] 
#27 37.30 [INFO] --- compiler:3.13.0:compile (default-compile) @ business-svc ---
#27 39.99 [INFO] Recompiling the module because of changed source code.
#27 39.99 [INFO] Compiling 56 source files with javac [debug parameters release 17] to target/classes
#27 40.75 [INFO] 
#27 40.75 [INFO] --- resources:3.3.1:testResources (default-testResources) @ business-svc ---
#27 40.75 [INFO] skip non existing resourceDirectory /workspace/business-svc/src/test/resources
#27 40.75 [INFO] 
#27 40.75 [INFO] --- compiler:3.13.0:testCompile (default-testCompile) @ business-svc ---
#27 40.76 [INFO] Recompiling the module because of changed dependency.
#27 40.76 [INFO] Compiling 2 source files with javac [debug parameters release 17] to target/test-classes
#27 40.86 [INFO] 
#27 40.86 [INFO] --- surefire:3.5.3:test (default-test) @ business-svc ---
#27 43.41 [INFO] Tests are skipped.
#27 43.41 [INFO] 
#27 43.41 [INFO] --- jar:3.4.2:jar (default-jar) @ business-svc ---
#27 46.61 [INFO] Building jar: /workspace/business-svc/target/business-svc-0.1.0-SNAPSHOT.jar
#27 46.63 [INFO] 
#27 46.63 [INFO] --- spring-boot:3.4.5:repackage (repackage) @ business-svc ---
#27 51.80 [INFO] Replacing main artifact /workspace/business-svc/target/business-svc-0.1.0-SNAPSHOT.jar with repackaged archive, adding nested dependencies in BOOT-INF/.
#27 51.80 [INFO] The original artifact has been renamed to /workspace/business-svc/target/business-svc-0.1.0-SNAPSHOT.jar.original
#27 51.80 [INFO] ------------------------------------------------------------------------
#27 51.80 [INFO] Reactor Summary for Paktay Backend 0.1.0-SNAPSHOT:
#27 51.80 [INFO] 
#27 51.80 [INFO] Paktay Backend ..................................... SUCCESS [  0.001 s]
#27 51.80 [INFO] Paktay Business Service ............................ SUCCESS [ 43.401 s]
#27 51.80 [INFO] ------------------------------------------------------------------------
#27 51.80 [INFO] BUILD SUCCESS
#27 51.80 [INFO] ------------------------------------------------------------------------
#27 51.80 [INFO] Total time:  51.134 s
#27 51.80 [INFO] Finished at: 2026-09-24T15:30:06Z
#27 51.80 [INFO] ------------------------------------------------------------------------
#27 DONE 51.9s

#14 [business-svc stage-1 2/3] WORKDIR /app
#14 CACHED

#28 [business-svc stage-1 3/3] COPY --from=build /workspace/business-svc/target/business-svc-0.1.0-SNAPSHOT.jar app.jar
#28 DONE 0.0s

#29 [business-svc] exporting to image
#29 exporting layers
#29 exporting layers 0.5s done
#29 exporting manifest sha256:07be11c4ebab955177476658f1fc72a608bac8d5e9bc7c0383771c8c4af58123 done
#29 exporting config sha256:8951fe6b47ba83ec818f776d2f109210b66ead6482341349dba0ffdbf9252833 done
#29 exporting attestation manifest sha256:2bd0ed4c2816cc8e9de5e44776a24b8c21bfee65ef75424979cbe8ee243cae0f done
#29 exporting manifest list sha256:3d085285912eb99688b644c9b45a0f5bc46634246eb0022501569d4687173e47 done
#29 naming to docker.io/library/paktay-local-business-svc:latest done
#29 unpacking to docker.io/library/paktay-local-business-svc:latest 0.1s done
#29 DONE 0.6s

#30 [business-svc] resolving provenance for metadata file
#30 DONE 0.0s
 Image paktay-local-business-svc Built 
 Image paktay-local-auth-svc Built 
time="2026-09-24T10:30:07-05:00" level=warning msg="Found orphan containers (paktay-local-keycloak-db-1, paktay-local-mailpit-1) for this project. If you removed or renamed this service in your compose file, you can run this command with the --remove-orphans flag to clean it up."
 Container paktay-local-business-db-1 Running 
 Container paktay-local-auth-svc-1 Recreate 
 Container paktay-local-business-svc-1 Recreate 
 Container paktay-local-auth-svc-1 Recreated 
 Container paktay-local-business-svc-1 Recreated 
 Container paktay-local-keycloak-init-1 Starting 
 Container paktay-local-keycloak-init-1 Started 
 Container paktay-local-business-db-1 Waiting 
 Container paktay-local-keycloak-init-1 Waiting 
 Container paktay-local-business-db-1 Waiting 
 Container paktay-local-keycloak-init-1 Waiting 
 Container paktay-local-business-db-1 Healthy 
 Container paktay-local-business-db-1 Healthy 
 Container paktay-local-keycloak-init-1 Exited 
 Container paktay-local-keycloak-init-1 Exited 
 Container paktay-local-business-svc-1 Starting 
 Container paktay-local-auth-svc-1 Starting 
 Container paktay-local-auth-svc-1 Started 
 Container paktay-local-business-svc-1 Started 
up exit=0
