PASS __tests__/movementFilters.test.ts
PASS __tests__/ProfileSettingsScreens.test.tsx (6.186 s)
PASS __tests__/CardScreens.test.tsx (6.289 s)
PASS __tests__/breakdowns.test.ts
PASS __tests__/cards.test.ts
PASS __tests__/AuthScreens.test.tsx (6.304 s)
PASS __tests__/CategoryScreens.test.tsx (6.37 s)
PASS __tests__/customCategories.test.ts
PASS __tests__/authSession.test.ts
PASS __tests__/categoryBudgets.test.ts
PASS __tests__/FirstDayScreens.test.tsx
PASS __tests__/AssociateWalletName.test.tsx
PASS __tests__/expenseSync.test.ts
PASS __tests__/ReviewQueueForms.test.tsx
PASS __tests__/BudgetScreens.test.tsx (6.803 s)
PASS __tests__/CategoriesScreen.test.tsx
PASS __tests__/monthlySummary.test.ts
PASS __tests__/categoryMerge.test.ts
PASS __tests__/BankScreens.test.tsx (7.074 s)
PASS __tests__/HomeBudgetScreen.test.tsx
PASS __tests__/App.test.tsx (7.146 s)
PASS __tests__/profileContext.test.ts
PASS __tests__/authApi.test.ts
PASS __tests__/authValidate.test.ts
PASS __tests__/parseExpenseLink.test.ts
PASS __tests__/AddExpenseSheet.test.tsx
PASS __tests__/manualPendingExpense.test.ts
PASS __tests__/theme.test.tsx
PASS __tests__/AnimatedSplash.test.tsx
PASS __tests__/HomeSummaryScreen.test.tsx
PASS __tests__/ProfileScreen.test.tsx
PASS __tests__/expenseApi.test.ts
PASS __tests__/resolveOnboarding.test.ts
PASS __tests__/format.test.ts
PASS __tests__/confirmDraft.test.ts
PASS __tests__/AutomatizacionesScreen.test.tsx
PASS __tests__/manualExpense.test.ts
PASS __tests__/sessionEvents.test.ts
PASS __tests__/shortcutStatus.test.ts
PASS __tests__/cardFinishes.test.ts
PASS __tests__/shortcutLink.test.ts
PASS __tests__/passwordApi.test.ts
PASS __tests__/useExpenseLinks.test.tsx
PASS __tests__/pendingExpenses.test.ts
PASS __tests__/restoreSession.test.ts
PASS __tests__/WidgetTutorialScreen.test.tsx
PASS __tests__/moneyInput.test.ts
PASS __tests__/bankCatalog.test.ts
PASS __tests__/EditCategoryRuleScreen.test.tsx
PASS __tests__/startupHealth.test.ts
PASS __tests__/shortcutLinkPublished.test.ts
PASS __tests__/MovementScreens.test.tsx (7.637 s)
PASS __tests__/WalletShortcutScreen.test.tsx
Test Suites: 53 passed, 53 total
Tests:       577 passed, 577 total
