 Image paktay-local-business-svc Building 
 Image paktay-local-auth-svc Building 
#1 [internal] load local bake definitions
#1 reading from stdin 1.14kB done
#1 DONE 0.0s

#2 [auth-svc internal] load build definition from Dockerfile
#2 transferring dockerfile: 557B done
#2 DONE 0.0s

#3 [business-svc internal] load build definition from Dockerfile
#3 transferring dockerfile: 575B done
#3 DONE 0.0s

#4 [business-svc internal] load metadata for docker.io/library/eclipse-temurin:17-jre
#4 DONE 0.6s

#5 [business-svc internal] load metadata for docker.io/library/maven:3.9.9-eclipse-temurin-17
#5 DONE 0.6s

#6 [auth-svc internal] load .dockerignore
#6 transferring context: 123B done
#6 DONE 0.0s

#7 [auth-svc build 1/7] FROM docker.io/library/maven:3.9.9-eclipse-temurin-17@sha256:f58d59b6273e785ac0a4477f6e9b5ba1d7731c75b906c0f7b34076f1851318cc
#7 resolve docker.io/library/maven:3.9.9-eclipse-temurin-17@sha256:f58d59b6273e785ac0a4477f6e9b5ba1d7731c75b906c0f7b34076f1851318cc done
#7 DONE 0.0s

#8 [auth-svc stage-1 1/3] FROM docker.io/library/eclipse-temurin:17-jre@sha256:34d6aaf0fa4ef553c470234ec23c32c7d5c0f370c2bd4b0bf8a16838052d85f0
#8 resolve docker.io/library/eclipse-temurin:17-jre@sha256:34d6aaf0fa4ef553c470234ec23c32c7d5c0f370c2bd4b0bf8a16838052d85f0 done
#8 DONE 0.0s

#9 [auth-svc internal] load build context
#9 transferring context: 14.09kB done
#9 DONE 0.0s

#10 [auth-svc build 4/7] COPY auth-svc/pom.xml ./auth-svc/pom.xml
#10 CACHED

#11 [auth-svc build 3/7] COPY pom.xml ./pom.xml
#11 CACHED

#12 [business-svc build 5/7] COPY business-svc/pom.xml ./business-svc/pom.xml
#12 CACHED

#13 [business-svc internal] load build context
#13 transferring context: 25.17kB done
#13 DONE 0.0s

#14 [business-svc build 3/7] COPY pom.xml ./pom.xml
#14 CACHED

#15 [business-svc build 5/7] COPY business-svc/pom.xml ./business-svc/pom.xml
#15 CACHED

#16 [business-svc build 2/7] WORKDIR /workspace
#16 CACHED

#17 [business-svc build 4/7] COPY auth-svc/pom.xml ./auth-svc/pom.xml
#17 CACHED

#18 [auth-svc build 6/7] COPY auth-svc/src ./auth-svc/src
#18 DONE 0.0s

#19 [business-svc build 6/7] COPY business-svc/src ./business-svc/src
#19 DONE 0.0s

#20 [business-svc build 7/7] RUN mvn --batch-mode --no-transfer-progress -pl business-svc -am package -DskipTests
#20 0.732 [INFO] Scanning for projects...
#20 8.017 [INFO] ------------------------------------------------------------------------
#20 8.017 [INFO] Reactor Build Order:
#20 8.017 [INFO] 
#20 8.018 [INFO] Paktay Backend                                                     [pom]
#20 8.018 [INFO] Paktay Business Service                                            [jar]
#20 8.028 [INFO] 
#20 8.028 [INFO] ----------------------< ec.paktay:paktay-backend >----------------------
#20 8.028 [INFO] Building Paktay Backend 0.1.0-SNAPSHOT                             [1/2]
#20 8.028 [INFO]   from pom.xml
#20 8.028 [INFO] --------------------------------[ pom ]---------------------------------
#20 8.741 [INFO] 
#20 8.741 [INFO] --- dependency:3.8.1:properties (ruta-de-dependencias) @ paktay-backend ---
#20 ...

#21 [auth-svc build 7/7] RUN mvn --batch-mode --no-transfer-progress -pl auth-svc -am package -DskipTests
#21 0.762 [INFO] Scanning for projects...
#21 8.031 [INFO] ------------------------------------------------------------------------
#21 8.031 [INFO] Reactor Build Order:
#21 8.031 [INFO] 
#21 8.031 [INFO] Paktay Backend                                                     [pom]
#21 8.031 [INFO] Paktay Auth Service                                                [jar]
#21 8.035 [INFO] 
#21 8.035 [INFO] ----------------------< ec.paktay:paktay-backend >----------------------
#21 8.036 [INFO] Building Paktay Backend 0.1.0-SNAPSHOT                             [1/2]
#21 8.036 [INFO]   from pom.xml
#21 8.036 [INFO] --------------------------------[ pom ]---------------------------------
#21 8.757 [INFO] 
#21 8.757 [INFO] --- dependency:3.8.1:properties (ruta-de-dependencias) @ paktay-backend ---
#21 ...

#20 [business-svc build 7/7] RUN mvn --batch-mode --no-transfer-progress -pl business-svc -am package -DskipTests
#20 29.02 [INFO] 
#20 29.02 [INFO] -----------------------< ec.paktay:business-svc >-----------------------
#20 29.02 [INFO] Building Paktay Business Service 0.1.0-SNAPSHOT                    [2/2]
#20 29.02 [INFO]   from business-svc/pom.xml
#20 29.02 [INFO] --------------------------------[ jar ]---------------------------------
#20 ...

#21 [auth-svc build 7/7] RUN mvn --batch-mode --no-transfer-progress -pl auth-svc -am package -DskipTests
#21 29.04 [INFO] 
#21 29.04 [INFO] -------------------------< ec.paktay:auth-svc >-------------------------
#21 29.04 [INFO] Building Paktay Auth Service 0.1.0-SNAPSHOT                        [2/2]
#21 29.04 [INFO]   from auth-svc/pom.xml
#21 29.04 [INFO] --------------------------------[ jar ]---------------------------------
#21 53.65 [INFO] 
#21 53.65 [INFO] --- dependency:3.8.1:properties (ruta-de-dependencias) @ auth-svc ---
#21 53.65 [INFO] 
#21 53.65 [INFO] --- resources:3.3.1:resources (default-resources) @ auth-svc ---
#21 54.61 [INFO] Copying 1 resource from src/main/resources to target/classes
#21 54.61 [INFO] Copying 2 resources from src/main/resources to target/classes
#21 54.61 [INFO] 
#21 54.61 [INFO] --- compiler:3.13.0:compile (default-compile) @ auth-svc ---
#21 56.73 [INFO] Recompiling the module because of changed source code.
#21 56.74 [INFO] Compiling 41 source files with javac [debug parameters release 17] to target/classes
#21 57.51 [INFO] 
#21 57.51 [INFO] --- resources:3.3.1:testResources (default-testResources) @ auth-svc ---
#21 57.51 [INFO] skip non existing resourceDirectory /workspace/auth-svc/src/test/resources
#21 57.51 [INFO] 
#21 57.51 [INFO] --- compiler:3.13.0:testCompile (default-testCompile) @ auth-svc ---
#21 57.51 [INFO] Recompiling the module because of changed dependency.
#21 57.51 [INFO] Compiling 4 source files with javac [debug parameters release 17] to target/test-classes
#21 57.65 [INFO] 
#21 57.65 [INFO] --- surefire:3.5.3:test (default-test) @ auth-svc ---
#21 59.26 [INFO] Tests are skipped.
#21 59.26 [INFO] 
#21 59.26 [INFO] --- jar:3.4.2:jar (default-jar) @ auth-svc ---
#21 ...

#20 [business-svc build 7/7] RUN mvn --batch-mode --no-transfer-progress -pl business-svc -am package -DskipTests
#20 59.26 [INFO] 
#20 59.26 [INFO] --- dependency:3.8.1:properties (ruta-de-dependencias) @ business-svc ---
#20 59.26 [INFO] 
#20 59.26 [INFO] --- resources:3.3.1:resources (default-resources) @ business-svc ---
#20 60.25 [INFO] Copying 1 resource from src/main/resources to target/classes
#20 60.26 [INFO] Copying 9 resources from src/main/resources to target/classes
#20 60.26 [INFO] 
#20 60.26 [INFO] --- compiler:3.13.0:compile (default-compile) @ business-svc ---
#20 62.35 [INFO] Recompiling the module because of changed source code.
#20 62.35 [INFO] Compiling 116 source files with javac [debug parameters release 17] to target/classes
#20 63.47 [INFO] 
#20 63.47 [INFO] --- resources:3.3.1:testResources (default-testResources) @ business-svc ---
#20 63.47 [INFO] skip non existing resourceDirectory /workspace/business-svc/src/test/resources
#20 63.47 [INFO] 
#20 63.47 [INFO] --- compiler:3.13.0:testCompile (default-testCompile) @ business-svc ---
#20 63.48 [INFO] Recompiling the module because of changed dependency.
#20 63.48 [INFO] Compiling 11 source files with javac [debug parameters release 17] to target/test-classes
#20 63.60 [INFO] 
#20 63.60 [INFO] --- surefire:3.5.3:test (default-test) @ business-svc ---
#20 ...

#21 [auth-svc build 7/7] RUN mvn --batch-mode --no-transfer-progress -pl auth-svc -am package -DskipTests
#21 60.24 [INFO] Building jar: /workspace/auth-svc/target/auth-svc-0.1.0-SNAPSHOT.jar
#21 60.26 [INFO] 
#21 60.26 [INFO] --- spring-boot:3.4.5:repackage (repackage) @ auth-svc ---
#21 65.13 [INFO] Replacing main artifact /workspace/auth-svc/target/auth-svc-0.1.0-SNAPSHOT.jar with repackaged archive, adding nested dependencies in BOOT-INF/.
#21 65.13 [INFO] The original artifact has been renamed to /workspace/auth-svc/target/auth-svc-0.1.0-SNAPSHOT.jar.original
#21 65.13 [INFO] ------------------------------------------------------------------------
#21 65.13 [INFO] Reactor Summary for Paktay Backend 0.1.0-SNAPSHOT:
#21 65.13 [INFO] 
#21 65.13 [INFO] Paktay Backend ..................................... SUCCESS [ 21.009 s]
#21 65.13 [INFO] Paktay Auth Service ................................ SUCCESS [ 36.083 s]
#21 65.13 [INFO] ------------------------------------------------------------------------
#21 65.13 [INFO] BUILD SUCCESS
#21 65.13 [INFO] ------------------------------------------------------------------------
#21 65.13 [INFO] Total time:  01:04 min
#21 65.13 [INFO] Finished at: 2026-09-26T16:14:07Z
#21 65.13 [INFO] ------------------------------------------------------------------------
#21 DONE 65.2s

#20 [business-svc build 7/7] RUN mvn --batch-mode --no-transfer-progress -pl business-svc -am package -DskipTests
#20 65.21 [INFO] Tests are skipped.
#20 65.21 [INFO] 
#20 65.21 [INFO] --- jar:3.4.2:jar (default-jar) @ business-svc ---
#20 ...

#22 [business-svc stage-1 2/3] WORKDIR /app
#22 CACHED

#23 [auth-svc stage-1 3/3] COPY --from=build /workspace/auth-svc/target/auth-svc-0.1.0-SNAPSHOT.jar app.jar
#23 DONE 0.0s

#24 [auth-svc] exporting to image
#24 exporting layers
#24 exporting layers 0.5s done
#24 exporting manifest sha256:6296e23fe171858300a8004c4140048610dea316688dafa6028f02b76a76bebc done
#24 exporting config sha256:68a84d1d1b46f2e2979022c417b2b6ceaa0b9dbe64a60d0d9649550f85219676 done
#24 exporting attestation manifest sha256:e4a388a96f380bc79a8bbe37ad9b4237507fd8c266f02488bc93cd745f7b7881 done
#24 exporting manifest list sha256:4c176f0c384665dbc7aee9f0df4bd4b1e44f8253a8c7ef7648b0777eb7b2e8cc done
#24 naming to docker.io/library/paktay-local-auth-svc:latest done
#24 unpacking to docker.io/library/paktay-local-auth-svc:latest 0.1s done
#24 DONE 0.7s

#25 [auth-svc] resolving provenance for metadata file
#25 DONE 0.0s

#20 [business-svc build 7/7] RUN mvn --batch-mode --no-transfer-progress -pl business-svc -am package -DskipTests
#20 66.14 [INFO] Building jar: /workspace/business-svc/target/business-svc-0.1.0-SNAPSHOT.jar
#20 66.17 [INFO] 
#20 66.17 [INFO] --- spring-boot:3.4.5:repackage (repackage) @ business-svc ---
#20 70.97 [INFO] Replacing main artifact /workspace/business-svc/target/business-svc-0.1.0-SNAPSHOT.jar with repackaged archive, adding nested dependencies in BOOT-INF/.
#20 70.97 [INFO] The original artifact has been renamed to /workspace/business-svc/target/business-svc-0.1.0-SNAPSHOT.jar.original
#20 70.97 [INFO] ------------------------------------------------------------------------
#20 70.97 [INFO] Reactor Summary for Paktay Backend 0.1.0-SNAPSHOT:
#20 70.97 [INFO] 
#20 70.97 [INFO] Paktay Backend ..................................... SUCCESS [ 20.996 s]
#20 70.97 [INFO] Paktay Business Service ............................ SUCCESS [ 41.945 s]
#20 70.97 [INFO] ------------------------------------------------------------------------
#20 70.97 [INFO] BUILD SUCCESS
#20 70.97 [INFO] ------------------------------------------------------------------------
#20 70.97 [INFO] Total time:  01:10 min
#20 70.97 [INFO] Finished at: 2026-09-26T16:14:12Z
#20 70.97 [INFO] ------------------------------------------------------------------------
#20 DONE 71.0s

#26 [business-svc stage-1 3/3] COPY --from=build /workspace/business-svc/target/business-svc-0.1.0-SNAPSHOT.jar app.jar
#26 DONE 0.0s

#27 [business-svc] exporting to image
#27 exporting layers
#27 exporting layers 0.6s done
#27 exporting manifest sha256:872f3ada391ec47744744fadc8ef93f33ce44da4bd2be7bbac801482a762a217 done
#27 exporting config sha256:b7ea4f28d1a592b79d3c8206dca50147535cfaae81f3ffded3944913b5c0f3cf done
#27 exporting attestation manifest sha256:8eb457eed31c6cc9fb49a03c56d9c381ba991724d0bf56f74870cfd7c03ec9d4 done
#27 exporting manifest list sha256:1ad6c9fd6deebf1d8f32db84dfce6407e29fc3650caea0f6193407c1f0097879 done
#27 naming to docker.io/library/paktay-local-business-svc:latest done
#27 unpacking to docker.io/library/paktay-local-business-svc:latest 0.1s done
#27 DONE 0.8s

#28 [business-svc] resolving provenance for metadata file
#28 DONE 0.0s
 Image paktay-local-auth-svc Built 
 Image paktay-local-business-svc Built 
 Container paktay-local-auth-svc-1 Recreate 
 Container paktay-local-business-svc-1 Recreate 
 Container paktay-local-auth-svc-1 Recreated 
 Container paktay-local-business-svc-1 Recreated 
 Container paktay-local-business-db-1 Starting 
 Container paktay-local-business-db-1 Started 
 Container paktay-local-business-db-1 Waiting 
 Container paktay-local-business-db-1 Waiting 
 Container paktay-local-business-db-1 Healthy 
 Container paktay-local-auth-svc-1 Starting 
 Container paktay-local-business-db-1 Healthy 
 Container paktay-local-business-svc-1 Starting 
 Container paktay-local-auth-svc-1 Started 
 Container paktay-local-business-svc-1 Started 
up=0
