[INFO] Scanning for projects...
[INFO] ------------------------------------------------------------------------
[INFO] Reactor Build Order:
[INFO] 
[INFO] Paktay Backend                                                     [pom]
[INFO] Paktay Auth Service                                                [jar]
[INFO] Paktay Business Service                                            [jar]
[INFO] 
[INFO] ----------------------< ec.paktay:paktay-backend >----------------------
[INFO] Building Paktay Backend 0.1.0-SNAPSHOT                             [1/3]
[INFO]   from pom.xml
[INFO] --------------------------------[ pom ]---------------------------------
[INFO] 
[INFO] --- clean:3.4.1:clean (default-clean) @ paktay-backend ---
[INFO] 
[INFO] --- dependency:3.8.1:properties (ruta-de-dependencias) @ paktay-backend ---
[INFO] 
[INFO] -------------------------< ec.paktay:auth-svc >-------------------------
[INFO] Building Paktay Auth Service 0.1.0-SNAPSHOT                        [2/3]
[INFO]   from auth-svc/pom.xml
[INFO] --------------------------------[ jar ]---------------------------------
[INFO] 
[INFO] --- clean:3.4.1:clean (default-clean) @ auth-svc ---
[INFO] Deleting /Users/macmalona/Desktop/Proyecto/paktay/Paktay/packtay_backend/auth-svc/target
[INFO] 
[INFO] --- dependency:3.8.1:properties (ruta-de-dependencias) @ auth-svc ---
[INFO] 
[INFO] --- resources:3.3.1:resources (default-resources) @ auth-svc ---
[INFO] Copying 1 resource from src/main/resources to target/classes
[INFO] Copying 3 resources from src/main/resources to target/classes
[INFO] 
[INFO] --- compiler:3.13.0:compile (default-compile) @ auth-svc ---
[INFO] Recompiling the module because of changed source code.
[INFO] Compiling 49 source files with javac [debug parameters release 17] to target/classes
[INFO] 
[INFO] --- resources:3.3.1:testResources (default-testResources) @ auth-svc ---
[INFO] skip non existing resourceDirectory /Users/macmalona/Desktop/Proyecto/paktay/Paktay/packtay_backend/auth-svc/src/test/resources
[INFO] 
[INFO] --- compiler:3.13.0:testCompile (default-testCompile) @ auth-svc ---
[INFO] Recompiling the module because of changed dependency.
[INFO] Compiling 6 source files with javac [debug parameters release 17] to target/test-classes
[INFO] 
[INFO] --- surefire:3.5.3:test (default-test) @ auth-svc ---
[INFO] Using auto detected provider org.apache.maven.surefire.junitplatform.JUnitPlatformProvider
[INFO] 
[INFO] -------------------------------------------------------
[INFO]  T E S T S
[INFO] -------------------------------------------------------
[INFO] Running ec.paktay.auth.service.KeycloakIdentityServiceTest
[INFO] Tests run: 3, Failures: 0, Errors: 0, Skipped: 0, Time elapsed: 0.066 s -- in ec.paktay.auth.service.KeycloakIdentityServiceTest
[INFO] Running ec.paktay.auth.service.PasswordPinServiceTest
13:06:51.079 [main] WARN ec.paktay.auth.service.PasswordPinService -- pin_identity_rejected subject=11111111-1111-1111-1111-111111111111 found=true
[INFO] Tests run: 18, Failures: 0, Errors: 0, Skipped: 0, Time elapsed: 4.970 s -- in ec.paktay.auth.service.PasswordPinServiceTest
[INFO] Running ec.paktay.auth.service.PasswordMailServiceTest
[INFO] Tests run: 1, Failures: 0, Errors: 0, Skipped: 0, Time elapsed: 0.112 s -- in ec.paktay.auth.service.PasswordMailServiceTest
[INFO] Running ec.paktay.auth.service.TemporaryPasswordServiceTest
13:06:53.199 [main] ERROR ec.paktay.auth.service.TemporaryPasswordService -- temporary_password_mail_failed subject=11111111-1111-1111-1111-111111111111 reason=smtp
13:06:53.202 [main] INFO ec.paktay.auth.service.TemporaryPasswordService -- temporary_password_issued subject=11111111-1111-1111-1111-111111111111 by=22222222-2222-2222-2222-222222222222
13:06:53.218 [main] INFO ec.paktay.auth.service.TemporaryPasswordService -- temporary_password_replaced subject=11111111-1111-1111-1111-111111111111
[INFO] Tests run: 8, Failures: 0, Errors: 0, Skipped: 0, Time elapsed: 0.128 s -- in ec.paktay.auth.service.TemporaryPasswordServiceTest
[INFO] Running ec.paktay.auth.service.IdentityRulesTest
[INFO] Tests run: 4, Failures: 0, Errors: 0, Skipped: 0, Time elapsed: 0.006 s -- in ec.paktay.auth.service.IdentityRulesTest
[INFO] Running ec.paktay.auth.service.AdminSessionServiceTest
13:06:53.246 [main] INFO ec.paktay.auth.service.AdminSessionService -- admin_panel_login subject=u-1
13:06:53.248 [main] WARN ec.paktay.auth.service.AdminSessionService -- admin_panel_denied subject=u-1 refresh=false
13:06:53.250 [main] WARN ec.paktay.auth.service.AdminSessionService -- admin_panel_denied subject=u-1 refresh=true
13:06:53.251 [main] WARN ec.paktay.auth.service.AdminSessionService -- admin_panel_denied subject=u-1 refresh=false
[INFO] Tests run: 4, Failures: 0, Errors: 0, Skipped: 0, Time elapsed: 0.022 s -- in ec.paktay.auth.service.AdminSessionServiceTest
[INFO] 
[INFO] Results:
[INFO] 
[INFO] Tests run: 38, Failures: 0, Errors: 0, Skipped: 0
[INFO] 
[INFO] 
[INFO] --- jar:3.4.2:jar (default-jar) @ auth-svc ---
[INFO] Building jar: /Users/macmalona/Desktop/Proyecto/paktay/Paktay/packtay_backend/auth-svc/target/auth-svc-0.1.0-SNAPSHOT.jar
[INFO] 
[INFO] --- spring-boot:3.4.5:repackage (repackage) @ auth-svc ---
[INFO] Replacing main artifact /Users/macmalona/Desktop/Proyecto/paktay/Paktay/packtay_backend/auth-svc/target/auth-svc-0.1.0-SNAPSHOT.jar with repackaged archive, adding nested dependencies in BOOT-INF/.
[INFO] The original artifact has been renamed to /Users/macmalona/Desktop/Proyecto/paktay/Paktay/packtay_backend/auth-svc/target/auth-svc-0.1.0-SNAPSHOT.jar.original
[INFO] 
[INFO] -----------------------< ec.paktay:business-svc >-----------------------
[INFO] Building Paktay Business Service 0.1.0-SNAPSHOT                    [3/3]
[INFO]   from business-svc/pom.xml
[INFO] --------------------------------[ jar ]---------------------------------
[INFO] 
[INFO] --- clean:3.4.1:clean (default-clean) @ business-svc ---
[INFO] Deleting /Users/macmalona/Desktop/Proyecto/paktay/Paktay/packtay_backend/business-svc/target
[INFO] 
[INFO] --- dependency:3.8.1:properties (ruta-de-dependencias) @ business-svc ---
[INFO] 
[INFO] --- resources:3.3.1:resources (default-resources) @ business-svc ---
[INFO] Copying 1 resource from src/main/resources to target/classes
[INFO] Copying 10 resources from src/main/resources to target/classes
[INFO] 
[INFO] --- compiler:3.13.0:compile (default-compile) @ business-svc ---
[INFO] Recompiling the module because of changed source code.
[INFO] Compiling 116 source files with javac [debug parameters release 17] to target/classes
[INFO] 
[INFO] --- resources:3.3.1:testResources (default-testResources) @ business-svc ---
[INFO] skip non existing resourceDirectory /Users/macmalona/Desktop/Proyecto/paktay/Paktay/packtay_backend/business-svc/src/test/resources
[INFO] 
[INFO] --- compiler:3.13.0:testCompile (default-testCompile) @ business-svc ---
[INFO] Recompiling the module because of changed dependency.
[INFO] Compiling 12 source files with javac [debug parameters release 17] to target/test-classes
[INFO] 
[INFO] --- surefire:3.5.3:test (default-test) @ business-svc ---
[INFO] Using auto detected provider org.apache.maven.surefire.junitplatform.JUnitPlatformProvider
[INFO] 
[INFO] -------------------------------------------------------
[INFO]  T E S T S
[INFO] -------------------------------------------------------
[INFO] Running ec.paktay.business.config.AdminClientHeaderFilterTest
13:06:55.313 [main] WARN ec.paktay.business.config.AdminClientHeaderFilter -- admin_request_rejected requestId=null code=ADMIN_CLIENT_REQUIRED path=/api/v1/admin/users
13:06:55.323 [main] WARN ec.paktay.business.config.AdminClientHeaderFilter -- admin_request_rejected requestId=null code=ADMIN_TOKEN_REQUIRED path=/api/v1/admin/users
[INFO] Tests run: 4, Failures: 0, Errors: 0, Skipped: 0, Time elapsed: 0.059 s -- in ec.paktay.business.config.AdminClientHeaderFilterTest
[INFO] Running ec.paktay.business.service.MerchantKeyTest
[INFO] Tests run: 5, Failures: 0, Errors: 0, Skipped: 0, Time elapsed: 0.009 s -- in ec.paktay.business.service.MerchantKeyTest
[INFO] Running ec.paktay.business.service.SummaryMathTest
[INFO] Tests run: 23, Failures: 0, Errors: 0, Skipped: 0, Time elapsed: 0.042 s -- in ec.paktay.business.service.SummaryMathTest
[INFO] Running ec.paktay.business.service.ExpenseCursorTest
[INFO] Tests run: 21, Failures: 0, Errors: 0, Skipped: 0, Time elapsed: 0.030 s -- in ec.paktay.business.service.ExpenseCursorTest
[INFO] Running ec.paktay.business.service.SupportTicketRulesTest
[INFO] Tests run: 3, Failures: 0, Errors: 0, Skipped: 0, Time elapsed: 0.014 s -- in ec.paktay.business.service.SupportTicketRulesTest
[INFO] Running ec.paktay.business.service.SupportEmailsTest
[INFO] Tests run: 3, Failures: 0, Errors: 0, Skipped: 0, Time elapsed: 0.001 s -- in ec.paktay.business.service.SupportEmailsTest
[INFO] Running ec.paktay.business.service.SupportRateLimiterTest
[INFO] Tests run: 3, Failures: 0, Errors: 0, Skipped: 0, Time elapsed: 0.008 s -- in ec.paktay.business.service.SupportRateLimiterTest
[INFO] Running ec.paktay.business.service.BudgetAlertServiceTest
[INFO] Tests run: 4, Failures: 0, Errors: 0, Skipped: 0, Time elapsed: 0.013 s -- in ec.paktay.business.service.BudgetAlertServiceTest
[INFO] Running ec.paktay.business.service.AdminCatalogRulesTest
[INFO] Tests run: 3, Failures: 0, Errors: 0, Skipped: 0, Time elapsed: 0.002 s -- in ec.paktay.business.service.AdminCatalogRulesTest
[INFO] Running ec.paktay.business.service.ManualDateWindowTest
[INFO] Tests run: 4, Failures: 0, Errors: 0, Skipped: 0, Time elapsed: 0.003 s -- in ec.paktay.business.service.ManualDateWindowTest
[INFO] Running ec.paktay.business.exception.ApiExceptionHandlerTest
13:06:55.456 [main] WARN ec.paktay.business.exception.ApiExceptionHandler -- database_constraint_violated requestId=null reason=duplicate key
13:06:55.457 [main] ERROR ec.paktay.business.exception.ApiExceptionHandler -- database_unavailable requestId=null reason=sin conexión
org.springframework.dao.DataAccessResourceFailureException: sin conexión
	at ec.paktay.business.exception.ApiExceptionHandlerTest.connectivityFailureStaysServiceUnavailable(ApiExceptionHandlerTest.java:30)
	at java.base/jdk.internal.reflect.NativeMethodAccessorImpl.invoke0(Native Method)
	at java.base/jdk.internal.reflect.NativeMethodAccessorImpl.invoke(NativeMethodAccessorImpl.java:77)
	at java.base/jdk.internal.reflect.DelegatingMethodAccessorImpl.invoke(DelegatingMethodAccessorImpl.java:43)
	at java.base/java.lang.reflect.Method.invoke(Method.java:569)
	at org.junit.platform.commons.util.ReflectionUtils.invokeMethod(ReflectionUtils.java:767)
	at org.junit.jupiter.engine.execution.MethodInvocation.proceed(MethodInvocation.java:60)
	at org.junit.jupiter.engine.execution.InvocationInterceptorChain$ValidatingInvocation.proceed(InvocationInterceptorChain.java:131)
	at org.junit.jupiter.engine.extension.TimeoutExtension.intercept(TimeoutExtension.java:156)
	at org.junit.jupiter.engine.extension.TimeoutExtension.interceptTestableMethod(TimeoutExtension.java:147)
	at org.junit.jupiter.engine.extension.TimeoutExtension.interceptTestMethod(TimeoutExtension.java:86)
	at org.junit.jupiter.engine.execution.InterceptingExecutableInvoker$ReflectiveInterceptorCall.lambda$ofVoidMethod$0(InterceptingExecutableInvoker.java:103)
	at org.junit.jupiter.engine.execution.InterceptingExecutableInvoker.lambda$invoke$0(InterceptingExecutableInvoker.java:93)
	at org.junit.jupiter.engine.execution.InvocationInterceptorChain$InterceptedInvocation.proceed(InvocationInterceptorChain.java:106)
	at org.junit.jupiter.engine.execution.InvocationInterceptorChain.proceed(InvocationInterceptorChain.java:64)
	at org.junit.jupiter.engine.execution.InvocationInterceptorChain.chainAndInvoke(InvocationInterceptorChain.java:45)
	at org.junit.jupiter.engine.execution.InvocationInterceptorChain.invoke(InvocationInterceptorChain.java:37)
	at org.junit.jupiter.engine.execution.InterceptingExecutableInvoker.invoke(InterceptingExecutableInvoker.java:92)
	at org.junit.jupiter.engine.execution.InterceptingExecutableInvoker.invoke(InterceptingExecutableInvoker.java:86)
	at org.junit.jupiter.engine.descriptor.TestMethodTestDescriptor.lambda$invokeTestMethod$8(TestMethodTestDescriptor.java:217)
	at org.junit.platform.engine.support.hierarchical.ThrowableCollector.execute(ThrowableCollector.java:73)
	at org.junit.jupiter.engine.descriptor.TestMethodTestDescriptor.invokeTestMethod(TestMethodTestDescriptor.java:213)
	at org.junit.jupiter.engine.descriptor.TestMethodTestDescriptor.execute(TestMethodTestDescriptor.java:138)
	at org.junit.jupiter.engine.descriptor.TestMethodTestDescriptor.execute(TestMethodTestDescriptor.java:68)
	at org.junit.platform.engine.support.hierarchical.NodeTestTask.lambda$executeRecursively$6(NodeTestTask.java:156)
	at org.junit.platform.engine.support.hierarchical.ThrowableCollector.execute(ThrowableCollector.java:73)
	at org.junit.platform.engine.support.hierarchical.NodeTestTask.lambda$executeRecursively$8(NodeTestTask.java:146)
	at org.junit.platform.engine.support.hierarchical.Node.around(Node.java:137)
	at org.junit.platform.engine.support.hierarchical.NodeTestTask.lambda$executeRecursively$9(NodeTestTask.java:144)
	at org.junit.platform.engine.support.hierarchical.ThrowableCollector.execute(ThrowableCollector.java:73)
	at org.junit.platform.engine.support.hierarchical.NodeTestTask.executeRecursively(NodeTestTask.java:143)
	at org.junit.platform.engine.support.hierarchical.NodeTestTask.execute(NodeTestTask.java:100)
	at java.base/java.util.ArrayList.forEach(ArrayList.java:1511)
	at org.junit.platform.engine.support.hierarchical.SameThreadHierarchicalTestExecutorService.invokeAll(SameThreadHierarchicalTestExecutorService.java:41)
	at org.junit.platform.engine.support.hierarchical.NodeTestTask.lambda$executeRecursively$6(NodeTestTask.java:160)
	at org.junit.platform.engine.support.hierarchical.ThrowableCollector.execute(ThrowableCollector.java:73)
	at org.junit.platform.engine.support.hierarchical.NodeTestTask.lambda$executeRecursively$8(NodeTestTask.java:146)
	at org.junit.platform.engine.support.hierarchical.Node.around(Node.java:137)
	at org.junit.platform.engine.support.hierarchical.NodeTestTask.lambda$executeRecursively$9(NodeTestTask.java:144)
	at org.junit.platform.engine.support.hierarchical.ThrowableCollector.execute(ThrowableCollector.java:73)
	at org.junit.platform.engine.support.hierarchical.NodeTestTask.executeRecursively(NodeTestTask.java:143)
	at org.junit.platform.engine.support.hierarchical.NodeTestTask.execute(NodeTestTask.java:100)
	at java.base/java.util.ArrayList.forEach(ArrayList.java:1511)
	at org.junit.platform.engine.support.hierarchical.SameThreadHierarchicalTestExecutorService.invokeAll(SameThreadHierarchicalTestExecutorService.java:41)
	at org.junit.platform.engine.support.hierarchical.NodeTestTask.lambda$executeRecursively$6(NodeTestTask.java:160)
	at org.junit.platform.engine.support.hierarchical.ThrowableCollector.execute(ThrowableCollector.java:73)
	at org.junit.platform.engine.support.hierarchical.NodeTestTask.lambda$executeRecursively$8(NodeTestTask.java:146)
	at org.junit.platform.engine.support.hierarchical.Node.around(Node.java:137)
	at org.junit.platform.engine.support.hierarchical.NodeTestTask.lambda$executeRecursively$9(NodeTestTask.java:144)
	at org.junit.platform.engine.support.hierarchical.ThrowableCollector.execute(ThrowableCollector.java:73)
	at org.junit.platform.engine.support.hierarchical.NodeTestTask.executeRecursively(NodeTestTask.java:143)
	at org.junit.platform.engine.support.hierarchical.NodeTestTask.execute(NodeTestTask.java:100)
	at org.junit.platform.engine.support.hierarchical.SameThreadHierarchicalTestExecutorService.submit(SameThreadHierarchicalTestExecutorService.java:35)
	at org.junit.platform.engine.support.hierarchical.HierarchicalTestExecutor.execute(HierarchicalTestExecutor.java:57)
	at org.junit.platform.engine.support.hierarchical.HierarchicalTestEngine.execute(HierarchicalTestEngine.java:54)
	at org.junit.platform.launcher.core.EngineExecutionOrchestrator.execute(EngineExecutionOrchestrator.java:198)
	at org.junit.platform.launcher.core.EngineExecutionOrchestrator.execute(EngineExecutionOrchestrator.java:169)
	at org.junit.platform.launcher.core.EngineExecutionOrchestrator.execute(EngineExecutionOrchestrator.java:93)
	at org.junit.platform.launcher.core.EngineExecutionOrchestrator.lambda$execute$0(EngineExecutionOrchestrator.java:58)
	at org.junit.platform.launcher.core.EngineExecutionOrchestrator.withInterceptedStreams(EngineExecutionOrchestrator.java:141)
	at org.junit.platform.launcher.core.EngineExecutionOrchestrator.execute(EngineExecutionOrchestrator.java:57)
	at org.junit.platform.launcher.core.DefaultLauncher.execute(DefaultLauncher.java:103)
	at org.junit.platform.launcher.core.DefaultLauncher.execute(DefaultLauncher.java:85)
	at org.junit.platform.launcher.core.DelegatingLauncher.execute(DelegatingLauncher.java:47)
	at org.apache.maven.surefire.junitplatform.LazyLauncher.execute(LazyLauncher.java:56)
	at org.apache.maven.surefire.junitplatform.JUnitPlatformProvider.execute(JUnitPlatformProvider.java:194)
	at org.apache.maven.surefire.junitplatform.JUnitPlatformProvider.invokeAllTests(JUnitPlatformProvider.java:150)
	at org.apache.maven.surefire.junitplatform.JUnitPlatformProvider.invoke(JUnitPlatformProvider.java:124)
	at org.apache.maven.surefire.booter.ForkedBooter.runSuitesInProcess(ForkedBooter.java:385)
	at org.apache.maven.surefire.booter.ForkedBooter.execute(ForkedBooter.java:162)
	at org.apache.maven.surefire.booter.ForkedBooter.run(ForkedBooter.java:507)
	at org.apache.maven.surefire.booter.ForkedBooter.main(ForkedBooter.java:495)
13:06:55.468 [main] WARN ec.paktay.business.exception.ApiExceptionHandler -- database_rule_rejected requestId=null reason=No se puede modificar un gasto de un período cerrado
[INFO] Tests run: 4, Failures: 0, Errors: 0, Skipped: 0, Time elapsed: 0.013 s -- in ec.paktay.business.exception.ApiExceptionHandlerTest
[INFO] 
[INFO] Results:
[INFO] 
[INFO] Tests run: 77, Failures: 0, Errors: 0, Skipped: 0
[INFO] 
[INFO] 
[INFO] --- jar:3.4.2:jar (default-jar) @ business-svc ---
[INFO] Building jar: /Users/macmalona/Desktop/Proyecto/paktay/Paktay/packtay_backend/business-svc/target/business-svc-0.1.0-SNAPSHOT.jar
[INFO] 
[INFO] --- spring-boot:3.4.5:repackage (repackage) @ business-svc ---
[INFO] Replacing main artifact /Users/macmalona/Desktop/Proyecto/paktay/Paktay/packtay_backend/business-svc/target/business-svc-0.1.0-SNAPSHOT.jar with repackaged archive, adding nested dependencies in BOOT-INF/.
[INFO] The original artifact has been renamed to /Users/macmalona/Desktop/Proyecto/paktay/Paktay/packtay_backend/business-svc/target/business-svc-0.1.0-SNAPSHOT.jar.original
[INFO] ------------------------------------------------------------------------
[INFO] Reactor Summary for Paktay Backend 0.1.0-SNAPSHOT:
[INFO] 
[INFO] Paktay Backend ..................................... SUCCESS [  0.869 s]
[INFO] Paktay Auth Service ................................ SUCCESS [  8.907 s]
[INFO] Paktay Business Service ............................ SUCCESS [  1.884 s]
[INFO] ------------------------------------------------------------------------
[INFO] BUILD SUCCESS
[INFO] ------------------------------------------------------------------------
[INFO] Total time:  11.928 s
[INFO] Finished at: 2026-09-26T13:06:55-05:00
[INFO] ------------------------------------------------------------------------
exit=0
