 Image paktay-local-auth-svc Building 
 Image paktay-local-business-svc Building 
#1 [internal] load local bake definitions
#1 reading from stdin 1.14kB done
#1 DONE 0.0s

#2 [auth-svc internal] load build definition from Dockerfile
#2 transferring dockerfile: 557B done
#2 DONE 0.0s

#3 [business-svc internal] load build definition from Dockerfile
#3 transferring dockerfile: 575B done
#3 DONE 0.0s

#4 [auth] library/maven:pull token for registry-1.docker.io
#4 DONE 0.0s

#5 [auth] library/eclipse-temurin:pull token for registry-1.docker.io
#5 DONE 0.0s

#6 [auth-svc internal] load metadata for docker.io/library/maven:3.9.9-eclipse-temurin-17
#6 DONE 1.1s

#7 [auth-svc internal] load metadata for docker.io/library/eclipse-temurin:17-jre
#7 DONE 1.1s

#8 [auth-svc internal] load .dockerignore
#8 transferring context: 123B done
#8 DONE 0.0s

#9 [business-svc stage-1 1/3] FROM docker.io/library/eclipse-temurin:17-jre@sha256:34d6aaf0fa4ef553c470234ec23c32c7d5c0f370c2bd4b0bf8a16838052d85f0
#9 resolve docker.io/library/eclipse-temurin:17-jre@sha256:34d6aaf0fa4ef553c470234ec23c32c7d5c0f370c2bd4b0bf8a16838052d85f0 done
#9 DONE 0.0s

#10 [business-svc build 1/7] FROM docker.io/library/maven:3.9.9-eclipse-temurin-17@sha256:f58d59b6273e785ac0a4477f6e9b5ba1d7731c75b906c0f7b34076f1851318cc
#10 resolve docker.io/library/maven:3.9.9-eclipse-temurin-17@sha256:f58d59b6273e785ac0a4477f6e9b5ba1d7731c75b906c0f7b34076f1851318cc done
#10 DONE 0.0s

#11 [auth-svc internal] load build context
#11 transferring context: 56.63kB done
#11 DONE 0.0s

#12 [auth-svc build 4/7] COPY auth-svc/pom.xml ./auth-svc/pom.xml
#12 CACHED

#13 [auth-svc build 3/7] COPY pom.xml ./pom.xml
#13 CACHED

#14 [business-svc build 5/7] COPY business-svc/pom.xml ./business-svc/pom.xml
#14 CACHED

#15 [business-svc internal] load build context
#15 transferring context: 15.09kB 0.0s done
#15 DONE 0.0s

#16 [business-svc stage-1 2/3] WORKDIR /app
#16 CACHED

#17 [business-svc build 3/7] COPY pom.xml ./pom.xml
#17 CACHED

#18 [business-svc build 6/7] COPY business-svc/src ./business-svc/src
#18 CACHED

#19 [business-svc build 2/7] WORKDIR /workspace
#19 CACHED

#20 [business-svc build 4/7] COPY auth-svc/pom.xml ./auth-svc/pom.xml
#20 CACHED

#21 [business-svc build 5/7] COPY business-svc/pom.xml ./business-svc/pom.xml
#21 CACHED

#22 [business-svc build 7/7] RUN mvn --batch-mode --no-transfer-progress -pl business-svc -am package -DskipTests
#22 CACHED

#23 [business-svc stage-1 3/3] COPY --from=build /workspace/business-svc/target/business-svc-0.1.0-SNAPSHOT.jar app.jar
#23 CACHED

#24 [auth-svc build 6/7] COPY auth-svc/src ./auth-svc/src
#24 DONE 0.0s

#25 [business-svc] exporting to image
#25 exporting layers done
#25 exporting manifest sha256:ae796b5e86c75c7ba5a3fcebd7ce741bdb9d68f4755aa0a547333380d85ad5a9 done
#25 exporting config sha256:673317a9955741aab600b9cef38681f1a79eee5a26f31196be041fcced06eab1 done
#25 exporting attestation manifest sha256:bdf82c21740b280fb5b73e0d297f504e8184c2c5df9f35c11e5c155107523ed7 0.0s done
#25 exporting manifest list sha256:255cba3ac8118b72f3a4f0bc1505b8597fdd3d85683be6a0f20705f579ac16d1 done
#25 naming to docker.io/library/paktay-local-business-svc:latest done
#25 unpacking to docker.io/library/paktay-local-business-svc:latest done
#25 DONE 0.0s

#26 [business-svc] resolving provenance for metadata file
#26 DONE 0.0s

#27 [auth-svc build 7/7] RUN mvn --batch-mode --no-transfer-progress -pl auth-svc -am package -DskipTests
#27 0.565 [INFO] Scanning for projects...
#27 7.790 [INFO] ------------------------------------------------------------------------
#27 7.790 [INFO] Reactor Build Order:
#27 7.790 [INFO] 
#27 7.790 [INFO] Paktay Backend                                                     [pom]
#27 7.790 [INFO] Paktay Auth Service                                                [jar]
#27 7.798 [INFO] 
#27 7.798 [INFO] ----------------------< ec.paktay:paktay-backend >----------------------
#27 7.798 [INFO] Building Paktay Backend 0.1.0-SNAPSHOT                             [1/2]
#27 7.798 [INFO]   from pom.xml
#27 7.798 [INFO] --------------------------------[ pom ]---------------------------------
#27 8.541 [INFO] 
#27 8.541 [INFO] --- dependency:3.8.1:properties (ruta-de-dependencias) @ paktay-backend ---
#27 28.57 [INFO] 
#27 28.57 [INFO] -------------------------< ec.paktay:auth-svc >-------------------------
#27 28.57 [INFO] Building Paktay Auth Service 0.1.0-SNAPSHOT                        [2/2]
#27 28.57 [INFO]   from auth-svc/pom.xml
#27 28.57 [INFO] --------------------------------[ jar ]---------------------------------
#27 53.52 [INFO] 
#27 53.52 [INFO] --- dependency:3.8.1:properties (ruta-de-dependencias) @ auth-svc ---
#27 53.52 [INFO] 
#27 53.52 [INFO] --- resources:3.3.1:resources (default-resources) @ auth-svc ---
#27 54.54 [INFO] Copying 1 resource from src/main/resources to target/classes
#27 54.55 [INFO] Copying 3 resources from src/main/resources to target/classes
#27 54.55 [INFO] 
#27 54.55 [INFO] --- compiler:3.13.0:compile (default-compile) @ auth-svc ---
#27 56.86 [INFO] Recompiling the module because of changed source code.
#27 56.87 [INFO] Compiling 49 source files with javac [debug parameters release 17] to target/classes
#27 57.66 [INFO] 
#27 57.66 [INFO] --- resources:3.3.1:testResources (default-testResources) @ auth-svc ---
#27 57.66 [INFO] skip non existing resourceDirectory /workspace/auth-svc/src/test/resources
#27 57.66 [INFO] 
#27 57.66 [INFO] --- compiler:3.13.0:testCompile (default-testCompile) @ auth-svc ---
#27 57.66 [INFO] Recompiling the module because of changed dependency.
#27 57.66 [INFO] Compiling 6 source files with javac [debug parameters release 17] to target/test-classes
#27 57.84 [INFO] 
#27 57.84 [INFO] --- surefire:3.5.3:test (default-test) @ auth-svc ---
#27 59.42 [INFO] Tests are skipped.
#27 59.42 [INFO] 
#27 59.42 [INFO] --- jar:3.4.2:jar (default-jar) @ auth-svc ---
#27 60.38 [INFO] Building jar: /workspace/auth-svc/target/auth-svc-0.1.0-SNAPSHOT.jar
#27 60.41 [INFO] 
#27 60.41 [INFO] --- spring-boot:3.4.5:repackage (repackage) @ auth-svc ---
#27 65.51 [INFO] Replacing main artifact /workspace/auth-svc/target/auth-svc-0.1.0-SNAPSHOT.jar with repackaged archive, adding nested dependencies in BOOT-INF/.
#27 65.51 [INFO] The original artifact has been renamed to /workspace/auth-svc/target/auth-svc-0.1.0-SNAPSHOT.jar.original
#27 65.51 [INFO] ------------------------------------------------------------------------
#27 65.51 [INFO] Reactor Summary for Paktay Backend 0.1.0-SNAPSHOT:
#27 65.51 [INFO] 
#27 65.51 [INFO] Paktay Backend ..................................... SUCCESS [ 20.772 s]
#27 65.51 [INFO] Paktay Auth Service ................................ SUCCESS [ 36.945 s]
#27 65.51 [INFO] ------------------------------------------------------------------------
#27 65.51 [INFO] BUILD SUCCESS
#27 65.51 [INFO] ------------------------------------------------------------------------
#27 65.52 [INFO] Total time:  01:04 min
#27 65.52 [INFO] Finished at: 2026-09-26T18:08:22Z
#27 65.52 [INFO] ------------------------------------------------------------------------
#27 DONE 65.6s

#16 [auth-svc stage-1 2/3] WORKDIR /app
#16 CACHED

#28 [auth-svc stage-1 3/3] COPY --from=build /workspace/auth-svc/target/auth-svc-0.1.0-SNAPSHOT.jar app.jar
#28 DONE 0.0s

#29 [auth-svc] exporting to image
#29 exporting layers
#29 exporting layers 0.5s done
#29 exporting manifest sha256:6fb648a8f2105ef74cb30a98df065dc44ac15b56bc373c35711b507fae3f8cad done
#29 exporting config sha256:219ad97e2df10cb31f20cdc313dc4b96d35e912ac178068421739098b5e49283 done
#29 exporting attestation manifest sha256:7f039211fbde1c2b1ec2a1977dfe1e6470e8c18e326156c2f9e705ca1b05b912 done
#29 exporting manifest list sha256:c06cb857f89d98ba56c06c50c910552891cecb499b3d07ffe961e1a150be86f4 done
#29 naming to docker.io/library/paktay-local-auth-svc:latest done
#29 unpacking to docker.io/library/paktay-local-auth-svc:latest 0.1s done
#29 DONE 0.7s

#30 [auth-svc] resolving provenance for metadata file
#30 DONE 0.0s
 Image paktay-local-business-svc Built 
 Image paktay-local-auth-svc Built 
 Container paktay-local-business-db-1 Running 
 Container paktay-local-business-svc-1 Recreate 
 Container paktay-local-auth-svc-1 Recreate 
 Container paktay-local-auth-svc-1 Recreated 
 Container paktay-local-business-svc-1 Recreated 
 Container paktay-local-business-db-1 Waiting 
 Container paktay-local-business-db-1 Waiting 
 Container paktay-local-business-db-1 Healthy 
 Container paktay-local-business-db-1 Healthy 
 Container paktay-local-auth-svc-1 Starting 
 Container paktay-local-business-svc-1 Starting 
 Container paktay-local-auth-svc-1 Started 
 Container paktay-local-business-svc-1 Started 
exit=0
