
> FinanceApp@0.0.1 lint
> eslint .


/Users/macmalona/Desktop/Proyecto/paktay/Paktay/packtay_mobile_front/src/app/App.tsx
  210:7   warning  Expected 'undefined' and instead saw 'void'  no-void
  214:7   warning  Expected 'undefined' and instead saw 'void'  no-void
  217:11  warning  Expected 'undefined' and instead saw 'void'  no-void
  219:11  warning  Expected 'undefined' and instead saw 'void'  no-void
  225:7   warning  Expected 'undefined' and instead saw 'void'  no-void
  297:7   warning  Expected 'undefined' and instead saw 'void'  no-void
  351:7   warning  Expected 'undefined' and instead saw 'void'  no-void
  357:7   warning  Expected 'undefined' and instead saw 'void'  no-void
  360:7   warning  Expected 'undefined' and instead saw 'void'  no-void
  365:7   warning  Expected 'undefined' and instead saw 'void'  no-void
  368:7   warning  Expected 'undefined' and instead saw 'void'  no-void
  375:7   warning  Expected 'undefined' and instead saw 'void'  no-void
  700:5   warning  Expected 'undefined' and instead saw 'void'  no-void

/Users/macmalona/Desktop/Proyecto/paktay/Paktay/packtay_mobile_front/src/app/providers/SplashProvider.tsx
   83:5  warning  Expected 'undefined' and instead saw 'void'  no-void
  121:5  warning  Expected 'undefined' and instead saw 'void'  no-void
  155:7  warning  Expected 'undefined' and instead saw 'void'  no-void

/Users/macmalona/Desktop/Proyecto/paktay/Paktay/packtay_mobile_front/src/features/auth/screens/LoginScreen.tsx
  131:5  warning  Expected 'undefined' and instead saw 'void'  no-void

/Users/macmalona/Desktop/Proyecto/paktay/Paktay/packtay_mobile_front/src/features/auth/screens/SignUpScreen.tsx
  97:5  warning  Expected 'undefined' and instead saw 'void'  no-void

/Users/macmalona/Desktop/Proyecto/paktay/Paktay/packtay_mobile_front/src/features/auth/screens/TemporaryPasswordScreen.tsx
  76:80  warning  Expected 'undefined' and instead saw 'void'  no-void

/Users/macmalona/Desktop/Proyecto/paktay/Paktay/packtay_mobile_front/src/features/expenses/expenseApi.ts
  339:16  warning  Unexpected use of '>>>'  no-bitwise
  340:57  warning  Unexpected use of '>>>'  no-bitwise
  340:67  warning  Unexpected use of '^'    no-bitwise

/Users/macmalona/Desktop/Proyecto/paktay/Paktay/packtay_mobile_front/src/features/expenses/monthSummaryStore.ts
  214:3  warning  Expected 'undefined' and instead saw 'void'  no-void
  223:5  warning  Expected 'undefined' and instead saw 'void'  no-void
  234:9  warning  Expected 'undefined' and instead saw 'void'  no-void

/Users/macmalona/Desktop/Proyecto/paktay/Paktay/packtay_mobile_front/src/features/expenses/screens/AddCardScreen.tsx
  240:5  warning  Expected 'undefined' and instead saw 'void'  no-void
  248:7  warning  Expected 'undefined' and instead saw 'void'  no-void
  262:5  warning  Expected 'undefined' and instead saw 'void'  no-void
  283:9  warning  Expected 'undefined' and instead saw 'void'  no-void
  287:7  warning  Expected 'undefined' and instead saw 'void'  no-void
  307:7  warning  Expected 'undefined' and instead saw 'void'  no-void

/Users/macmalona/Desktop/Proyecto/paktay/Paktay/packtay_mobile_front/src/features/expenses/screens/AddExpenseSheet.tsx
  208:10  warning  Expected 'undefined' and instead saw 'void'  no-void
  227:7   warning  Expected 'undefined' and instead saw 'void'  no-void
  797:28  warning  Expected 'undefined' and instead saw 'void'  no-void

/Users/macmalona/Desktop/Proyecto/paktay/Paktay/packtay_mobile_front/src/features/expenses/screens/BankPickerScreen.tsx
   84:5   warning  Expected 'undefined' and instead saw 'void'  no-void
  161:34  warning  Expected 'undefined' and instead saw 'void'  no-void

/Users/macmalona/Desktop/Proyecto/paktay/Paktay/packtay_mobile_front/src/features/expenses/screens/CardDetailScreen.tsx
  240:5   warning  Expected 'undefined' and instead saw 'void'  no-void
  273:5   warning  Expected 'undefined' and instead saw 'void'  no-void
  324:5   warning  Expected 'undefined' and instead saw 'void'  no-void
  331:5   warning  Expected 'undefined' and instead saw 'void'  no-void
  336:7   warning  Expected 'undefined' and instead saw 'void'  no-void
  497:38  warning  Expected 'undefined' and instead saw 'void'  no-void
  531:38  warning  Expected 'undefined' and instead saw 'void'  no-void
  815:36  warning  Expected 'undefined' and instead saw 'void'  no-void
  851:23  warning  Expected 'undefined' and instead saw 'void'  no-void
  945:26  warning  Expected 'undefined' and instead saw 'void'  no-void
  970:26  warning  Expected 'undefined' and instead saw 'void'  no-void

/Users/macmalona/Desktop/Proyecto/paktay/Paktay/packtay_mobile_front/src/features/expenses/screens/CategoriesScreen.tsx
   96:5  warning  Expected 'undefined' and instead saw 'void'  no-void
  127:5  warning  Expected 'undefined' and instead saw 'void'  no-void

/Users/macmalona/Desktop/Proyecto/paktay/Paktay/packtay_mobile_front/src/features/expenses/screens/CategoryFormScreen.tsx
  219:5   warning  Expected 'undefined' and instead saw 'void'  no-void
  263:13  warning  Expected 'undefined' and instead saw 'void'  no-void
  267:11  warning  Expected 'undefined' and instead saw 'void'  no-void
  288:5   warning  Expected 'undefined' and instead saw 'void'  no-void

/Users/macmalona/Desktop/Proyecto/paktay/Paktay/packtay_mobile_front/src/features/expenses/screens/EditBudgetsScreen.tsx
  120:5   warning  Expected 'undefined' and instead saw 'void'  no-void
  123:5   warning  Expected 'undefined' and instead saw 'void'  no-void
  321:5   warning  Expected 'undefined' and instead saw 'void'  no-void
  367:9   warning  Expected 'undefined' and instead saw 'void'  no-void
  371:7   warning  Expected 'undefined' and instead saw 'void'  no-void
  404:49  warning  Inline style: { paddingTop: 6 }              react-native/no-inline-styles

/Users/macmalona/Desktop/Proyecto/paktay/Paktay/packtay_mobile_front/src/features/expenses/screens/EditMovementScreen.tsx
  456:26  warning  Expected 'undefined' and instead saw 'void'  no-void

/Users/macmalona/Desktop/Proyecto/paktay/Paktay/packtay_mobile_front/src/features/expenses/screens/MoveMerchantSheet.tsx
   50:5   warning  Expected 'undefined' and instead saw 'void'  no-void
   59:7   warning  Expected 'undefined' and instead saw 'void'  no-void
  372:28  warning  Expected 'undefined' and instead saw 'void'  no-void

/Users/macmalona/Desktop/Proyecto/paktay/Paktay/packtay_mobile_front/src/features/expenses/screens/MovementDetailScreen.tsx
  581:26  warning  Expected 'undefined' and instead saw 'void'  no-void

/Users/macmalona/Desktop/Proyecto/paktay/Paktay/packtay_mobile_front/src/features/expenses/useCards.ts
  43:5  warning  Expected 'undefined' and instead saw 'void'  no-void

/Users/macmalona/Desktop/Proyecto/paktay/Paktay/packtay_mobile_front/src/features/expenses/useCategories.ts
  43:5  warning  Expected 'undefined' and instead saw 'void'  no-void

/Users/macmalona/Desktop/Proyecto/paktay/Paktay/packtay_mobile_front/src/features/expenses/useCategoryLimits.ts
  38:5  warning  Expected 'undefined' and instead saw 'void'  no-void

/Users/macmalona/Desktop/Proyecto/paktay/Paktay/packtay_mobile_front/src/features/expenses/useMonthlySummary.ts
  55:5  warning  Expected 'undefined' and instead saw 'void'  no-void

/Users/macmalona/Desktop/Proyecto/paktay/Paktay/packtay_mobile_front/src/features/expenses/useMonthlySummaryRemote.ts
  60:5  warning  Expected 'undefined' and instead saw 'void'  no-void

/Users/macmalona/Desktop/Proyecto/paktay/Paktay/packtay_mobile_front/src/features/expenses/useSavedRules.ts
  32:5  warning  Expected 'undefined' and instead saw 'void'  no-void

/Users/macmalona/Desktop/Proyecto/paktay/Paktay/packtay_mobile_front/src/features/onboarding/screens/NotificationPermissionScreen.tsx
   81:5  warning  Expected 'undefined' and instead saw 'void'  no-void
   89:9  warning  Expected 'undefined' and instead saw 'void'  no-void
   97:7  warning  Expected 'undefined' and instead saw 'void'  no-void
  102:5  warning  Expected 'undefined' and instead saw 'void'  no-void

/Users/macmalona/Desktop/Proyecto/paktay/Paktay/packtay_mobile_front/src/features/profile/accountApi.ts
  30:37  warning  Unexpected use of '|'  no-bitwise
  30:38  warning  Unexpected use of '&'  no-bitwise

/Users/macmalona/Desktop/Proyecto/paktay/Paktay/packtay_mobile_front/src/features/profile/screens/AlertsScreen.tsx
  104:5  warning  Expected 'undefined' and instead saw 'void'  no-void
  107:9  warning  Expected 'undefined' and instead saw 'void'  no-void
  125:7  warning  Expected 'undefined' and instead saw 'void'  no-void
  134:5  warning  Expected 'undefined' and instead saw 'void'  no-void

/Users/macmalona/Desktop/Proyecto/paktay/Paktay/packtay_mobile_front/src/features/profile/screens/CurrencyScreen.tsx
  152:5  warning  Expected 'undefined' and instead saw 'void'  no-void

/Users/macmalona/Desktop/Proyecto/paktay/Paktay/packtay_mobile_front/src/features/profile/screens/DeleteAccountScreen.tsx
  197:26  warning  Expected 'undefined' and instead saw 'void'  no-void

/Users/macmalona/Desktop/Proyecto/paktay/Paktay/packtay_mobile_front/src/features/profile/screens/EditProfileScreen.tsx
  137:5  warning  Expected 'undefined' and instead saw 'void'  no-void
  156:5  warning  Expected 'undefined' and instead saw 'void'  no-void
  180:5  warning  Expected 'undefined' and instead saw 'void'  no-void
  202:5  warning  Expected 'undefined' and instead saw 'void'  no-void

/Users/macmalona/Desktop/Proyecto/paktay/Paktay/packtay_mobile_front/src/features/profile/screens/ProPlanScreen.tsx
   79:5  warning  Expected 'undefined' and instead saw 'void'  no-void
  101:5  warning  Expected 'undefined' and instead saw 'void'  no-void

/Users/macmalona/Desktop/Proyecto/paktay/Paktay/packtay_mobile_front/src/features/profile/screens/ProfileScreen.tsx
  164:5  warning  Expected 'undefined' and instead saw 'void'  no-void

/Users/macmalona/Desktop/Proyecto/paktay/Paktay/packtay_mobile_front/src/features/profile/signOutPrompt.ts
  31:11  warning  Expected 'undefined' and instead saw 'void'  no-void

/Users/macmalona/Desktop/Proyecto/paktay/Paktay/packtay_mobile_front/src/features/wallet/notificationContext.ts
  142:7  warning  Expected 'undefined' and instead saw 'void'  no-void
  146:7  warning  Expected 'undefined' and instead saw 'void'  no-void
  150:7  warning  Expected 'undefined' and instead saw 'void'  no-void
  154:7  warning  Expected 'undefined' and instead saw 'void'  no-void
  158:3  warning  Expected 'undefined' and instead saw 'void'  no-void

/Users/macmalona/Desktop/Proyecto/paktay/Paktay/packtay_mobile_front/src/features/wallet/parseExpenseLink.ts
  80:33  warning  'no-control-regex' rule is disabled but never reported             eslint-comments/no-unused-disable
  82:7   warning  Unexpected control character(s) in regular expression: \x00, \x1f  no-control-regex

/Users/macmalona/Desktop/Proyecto/paktay/Paktay/packtay_mobile_front/src/features/wallet/screens/AssociateWalletNameSheet.tsx
  389:21  warning  Expected 'undefined' and instead saw 'void'  no-void
  469:32  warning  Expected 'undefined' and instead saw 'void'  no-void

/Users/macmalona/Desktop/Proyecto/paktay/Paktay/packtay_mobile_front/src/features/wallet/screens/ReviewQueueScreen.tsx
  146:5   warning  Expected 'undefined' and instead saw 'void'  no-void
  634:5   warning  Expected 'undefined' and instead saw 'void'  no-void
  644:5   warning  Expected 'undefined' and instead saw 'void'  no-void
  659:5   warning  Expected 'undefined' and instead saw 'void'  no-void
  846:26  warning  Expected 'undefined' and instead saw 'void'  no-void

/Users/macmalona/Desktop/Proyecto/paktay/Paktay/packtay_mobile_front/src/features/wallet/screens/WalletShortcutScreen.tsx
  160:7  warning  Expected 'undefined' and instead saw 'void'  no-void
  183:7  warning  Expected 'undefined' and instead saw 'void'  no-void

/Users/macmalona/Desktop/Proyecto/paktay/Paktay/packtay_mobile_front/src/features/wallet/useExpenseLinks.ts
  228:5   warning  Expected 'undefined' and instead saw 'void'  no-void
  241:5   warning  Expected 'undefined' and instead saw 'void'  no-void
  242:5   warning  Expected 'undefined' and instead saw 'void'  no-void
  246:5   warning  Expected 'undefined' and instead saw 'void'  no-void
  248:7   warning  Expected 'undefined' and instead saw 'void'  no-void
  251:5   warning  Expected 'undefined' and instead saw 'void'  no-void
  254:9   warning  Expected 'undefined' and instead saw 'void'  no-void
  306:5   warning  Expected 'undefined' and instead saw 'void'  no-void
  307:40  warning  Expected 'undefined' and instead saw 'void'  no-void
  364:42  warning  Expected 'undefined' and instead saw 'void'  no-void

/Users/macmalona/Desktop/Proyecto/paktay/Paktay/packtay_mobile_front/src/features/wallet/useShortcutStatus.ts
  39:5  warning  Expected 'undefined' and instead saw 'void'  no-void

/Users/macmalona/Desktop/Proyecto/paktay/Paktay/packtay_mobile_front/src/features/widget/components/WidgetMocks.tsx
  164:15  warning  Inline style: { borderRadius: 'size.mock.height > 40 ? 12 : 8' }  react-native/no-inline-styles
  176:23  warning  Inline style: { height: 6 }                                       react-native/no-inline-styles
  181:23  warning  Inline style: { height: 3 }                                       react-native/no-inline-styles

/Users/macmalona/Desktop/Proyecto/paktay/Paktay/packtay_mobile_front/src/shared/components/AnimatedSplash.tsx
  187:5   warning  Expected 'undefined' and instead saw 'void'  no-void
  783:20  warning  Inline style: { overflow: 'hidden' }         react-native/no-inline-styles

/Users/macmalona/Desktop/Proyecto/paktay/Paktay/packtay_mobile_front/src/shared/components/AppStatusBar.tsx
  39:18  warning  Inline style: { position: 'absolute', top: 0, right: 0, left: 0, zIndex: 1000 }  react-native/no-inline-styles

/Users/macmalona/Desktop/Proyecto/paktay/Paktay/packtay_mobile_front/src/shared/components/StepTransition.tsx
  45:5  warning  Expected 'undefined' and instead saw 'void'  no-void

/Users/macmalona/Desktop/Proyecto/paktay/Paktay/packtay_mobile_front/src/shared/hooks/useAppLinks.ts
  110:5  warning  Expected 'undefined' and instead saw 'void'  no-void

/Users/macmalona/Desktop/Proyecto/paktay/Paktay/packtay_mobile_front/src/shared/hooks/useProfile.ts
  26:5  warning  Expected 'undefined' and instead saw 'void'  no-void

/Users/macmalona/Desktop/Proyecto/paktay/Paktay/packtay_mobile_front/src/shared/theme/themed.ts
  142:3  warning  Expected 'undefined' and instead saw 'void'  no-void

✖ 127 problems (0 errors, 127 warnings)
  0 errors and 1 warning potentially fixable with the `--fix` option.

exit=0
