$ next build
▲ Next.js 16.3.6 (Turbopack)
- Environments: .env.local
✓ Running next.config.ts took 165ms

  Creating an optimized production build ...
✓ Compiled successfully in 1502ms
  Running TypeScript ...
  Finished TypeScript in 1107ms ...
  Collecting page data using 9 workers ...
  Generating static pages using 9 workers (0/18) ...
  Generating static pages using 9 workers (4/18) 
  Generating static pages using 9 workers (8/18) 
  Generating static pages using 9 workers (13/18) 
✓ Generating static pages using 9 workers (18/18) in 294ms
  Finalizing page optimization ...

Route (app)
┌ ○ /
├ ○ /_not-found
├ ƒ /api/auth/login
├ ƒ /api/auth/logout
├ ƒ /api/auth/session
├ ƒ /api/bff/[service]/[...path]
├ ○ /auditoria
├ ○ /bancos
├ ○ /categorias
├ ○ /estado
├ ○ /login
├ ○ /monedas-paises
├ ○ /notificaciones
├ ○ /planes
├ ○ /resumen
├ ○ /soporte
└ ○ /usuarios


○  (Static)   prerendered as static content
ƒ  (Dynamic)  server-rendered on demand

exit=0
